Not searching for unused variables given on the command line.
-- Found ament_cmake: 2.7.3 (/home/fercikmate/ftn/osurv/espROSso/esp32try5/components/micro_ros_espidf_component/micro_ros_dev/install/ament_cmake/share/ament_cmake/cmake)
-- Found Python3: /home/fercikmate/.espressif/python_env/idf6.0_py3.10_env/bin/python3 (found version "3.10.12") found components: Interpreter 
-- Configuring done
-- Generating done
-- Build files have been written to: /home/fercikmate/ftn/osurv/espROSso/esp32try5/components/micro_ros_espidf_component/micro_ros_src/build/rosidl_adapter
gmake[1]: Entering directory '/home/fercikmate/ftn/osurv/espROSso/esp32try5/components/micro_ros_espidf_component/micro_ros_src/build/rosidl_adapter'
gmake[2]: Entering directory '/home/fercikmate/ftn/osurv/espROSso/esp32try5/components/micro_ros_espidf_component/micro_ros_src/build/rosidl_adapter'
gmake[3]: Entering directory '/home/fercikmate/ftn/osurv/espROSso/esp32try5/components/micro_ros_espidf_component/micro_ros_src/build/rosidl_adapter'
gmake[3]: Entering directory '/home/fercikmate/ftn/osurv/espROSso/esp32try5/components/micro_ros_espidf_component/micro_ros_src/build/rosidl_adapter'
gmake[3]: Leaving directory '/home/fercikmate/ftn/osurv/espROSso/esp32try5/components/micro_ros_espidf_component/micro_ros_src/build/rosidl_adapter'
gmake[3]: Entering directory '/home/fercikmate/ftn/osurv/espROSso/esp32try5/components/micro_ros_espidf_component/micro_ros_src/build/rosidl_adapter'
gmake[3]: Leaving directory '/home/fercikmate/ftn/osurv/espROSso/esp32try5/components/micro_ros_espidf_component/micro_ros_src/build/rosidl_adapter'
gmake[3]: Entering directory '/home/fercikmate/ftn/osurv/espROSso/esp32try5/components/micro_ros_espidf_component/micro_ros_src/build/rosidl_adapter'
gmake[3]: Leaving directory '/home/fercikmate/ftn/osurv/espROSso/esp32try5/components/micro_ros_espidf_component/micro_ros_src/build/rosidl_adapter'
Built target ament_cmake_python_copy_rosidl_adapter_setup
gmake[3]: Leaving directory '/home/fercikmate/ftn/osurv/espROSso/esp32try5/components/micro_ros_espidf_component/micro_ros_src/build/rosidl_adapter'
Built target ament_cmake_python_copy_rosidl_adapter
gmake[3]: Entering directory '/home/fercikmate/ftn/osurv/espROSso/esp32try5/components/micro_ros_espidf_component/micro_ros_src/build/rosidl_adapter'
gmake[3]: Leaving directory '/home/fercikmate/ftn/osurv/espROSso/esp32try5/components/micro_ros_espidf_component/micro_ros_src/build/rosidl_adapter'
gmake[3]: Entering directory '/home/fercikmate/ftn/osurv/espROSso/esp32try5/components/micro_ros_espidf_component/micro_ros_src/build/rosidl_adapter'
running egg_info
creating rosidl_adapter.egg-info
writing rosidl_adapter.egg-info/PKG-INFO
writing dependency_links to rosidl_adapter.egg-info/dependency_links.txt
writing entry points to rosidl_adapter.egg-info/entry_points.txt
writing top-level names to rosidl_adapter.egg-info/top_level.txt
writing manifest file 'rosidl_adapter.egg-info/SOURCES.txt'
reading manifest file 'rosidl_adapter.egg-info/SOURCES.txt'
writing manifest file 'rosidl_adapter.egg-info/SOURCES.txt'
gmake[3]: Leaving directory '/home/fercikmate/ftn/osurv/espROSso/esp32try5/components/micro_ros_espidf_component/micro_ros_src/build/rosidl_adapter'
Built target ament_cmake_python_build_rosidl_adapter_egg
gmake[2]: Leaving directory '/home/fercikmate/ftn/osurv/espROSso/esp32try5/components/micro_ros_espidf_component/micro_ros_src/build/rosidl_adapter'
gmake[1]: Leaving directory '/home/fercikmate/ftn/osurv/espROSso/esp32try5/components/micro_ros_espidf_component/micro_ros_src/build/rosidl_adapter'
-- Install configuration: "Release"
-- Installing: /home/fercikmate/ftn/osurv/espROSso/esp32try5/components/micro_ros_espidf_component/micro_ros_src/install/share/rosidl_adapter/environment/pythonpath.sh
-- Installing: /home/fercikmate/ftn/osurv/espROSso/esp32try5/components/micro_ros_espidf_component/micro_ros_src/install/share/rosidl_adapter/environment/pythonpath.dsv
-- Installing: /home/fercikmate/ftn/osurv/espROSso/esp32try5/components/micro_ros_espidf_component/micro_ros_src/install/lib/python3.10/site-packages/rosidl_adapter-4.9.5-py3.10.egg-info
-- Installing: /home/fercikmate/ftn/osurv/espROSso/esp32try5/components/micro_ros_espidf_component/micro_ros_src/install/lib/python3.10/site-packages/rosidl_adapter-4.9.5-py3.10.egg-info/entry_points.txt
-- Installing: /home/fercikmate/ftn/osurv/espROSso/esp32try5/components/micro_ros_espidf_component/micro_ros_src/install/lib/python3.10/site-packages/rosidl_adapter-4.9.5-py3.10.egg-info/PKG-INFO
-- Installing: /home/fercikmate/ftn/osurv/espROSso/esp32try5/components/micro_ros_espidf_component/micro_ros_src/install/lib/python3.10/site-packages/rosidl_adapter-4.9.5-py3.10.egg-info/top_level.txt
-- Installing: /home/fercikmate/ftn/osurv/espROSso/esp32try5/components/micro_ros_espidf_component/micro_ros_src/install/lib/python3.10/site-packages/rosidl_adapter-4.9.5-py3.10.egg-info/SOURCES.txt
-- Installing: /home/fercikmate/ftn/osurv/espROSso/esp32try5/components/micro_ros_espidf_component/micro_ros_src/install/lib/python3.10/site-packages/rosidl_adapter-4.9.5-py3.10.egg-info/dependency_links.txt
-- Installing: /home/fercikmate/ftn/osurv/espROSso/esp32try5/components/micro_ros_espidf_component/micro_ros_src/install/lib/python3.10/site-packages/rosidl_adapter
-- Installing: /home/fercikmate/ftn/osurv/espROSso/esp32try5/components/micro_ros_espidf_component/micro_ros_src/install/lib/python3.10/site-packages/rosidl_adapter/parser.py
-- Installing: /home/fercikmate/ftn/osurv/espROSso/esp32try5/components/micro_ros_espidf_component/micro_ros_src/install/lib/python3.10/site-packages/rosidl_adapter/main.py
-- Installing: /home/fercikmate/ftn/osurv/espROSso/esp32try5/components/micro_ros_espidf_component/micro_ros_src/install/lib/python3.10/site-packages/rosidl_adapter/msg
-- Installing: /home/fercikmate/ftn/osurv/espROSso/esp32try5/components/micro_ros_espidf_component/micro_ros_src/install/lib/python3.10/site-packages/rosidl_adapter/msg/__init__.py
-- Installing: /home/fercikmate/ftn/osurv/espROSso/esp32try5/components/micro_ros_espidf_component/micro_ros_src/install/lib/python3.10/site-packages/rosidl_adapter/cli.py
-- Installing: /home/fercikmate/ftn/osurv/espROSso/esp32try5/components/micro_ros_espidf_component/micro_ros_src/install/lib/python3.10/site-packages/rosidl_adapter/resource
-- Installing: /home/fercikmate/ftn/osurv/espROSso/esp32try5/components/micro_ros_espidf_component/micro_ros_src/install/lib/python3.10/site-packages/rosidl_adapter/resource/action.idl.em
-- Installing: /home/fercikmate/ftn/osurv/espROSso/esp32try5/components/micro_ros_espidf_component/micro_ros_src/install/lib/python3.10/site-packages/rosidl_adapter/resource/msg.idl.em
-- Installing: /home/fercikmate/ftn/osurv/espROSso/esp32try5/components/micro_ros_espidf_component/micro_ros_src/install/lib/python3.10/site-packages/rosidl_adapter/resource/__init__.py
-- Installing: /home/fercikmate/ftn/osurv/espROSso/esp32try5/components/micro_ros_espidf_component/micro_ros_src/install/lib/python3.10/site-packages/rosidl_adapter/resource/srv.idl.em
-- Installing: /home/fercikmate/ftn/osurv/espROSso/esp32try5/components/micro_ros_espidf_component/micro_ros_src/install/lib/python3.10/site-packages/rosidl_adapter/resource/struct.idl.em
-- Installing: /home/fercikmate/ftn/osurv/espROSso/esp32try5/components/micro_ros_espidf_component/micro_ros_src/install/lib/python3.10/site-packages/rosidl_adapter/srv
-- Installing: /home/fercikmate/ftn/osurv/espROSso/esp32try5/components/micro_ros_espidf_component/micro_ros_src/install/lib/python3.10/site-packages/rosidl_adapter/srv/__init__.py
-- Installing: /home/fercikmate/ftn/osurv/espROSso/esp32try5/components/micro_ros_espidf_component/micro_ros_src/install/lib/python3.10/site-packages/rosidl_adapter/py.typed
-- Installing: /home/fercikmate/ftn/osurv/espROSso/esp32try5/components/micro_ros_espidf_component/micro_ros_src/install/lib/python3.10/site-packages/rosidl_adapter/__main__.py
-- Installing: /home/fercikmate/ftn/osurv/espROSso/esp32try5/components/micro_ros_espidf_component/micro_ros_src/install/lib/python3.10/site-packages/rosidl_adapter/__init__.py
-- Installing: /home/fercikmate/ftn/osurv/espROSso/esp32try5/components/micro_ros_espidf_component/micro_ros_src/install/lib/python3.10/site-packages/rosidl_adapter/action
-- Installing: /home/fercikmate/ftn/osurv/espROSso/esp32try5/components/micro_ros_espidf_component/micro_ros_src/install/lib/python3.10/site-packages/rosidl_adapter/action/__init__.py
Listing '/home/fercikmate/ftn/osurv/espROSso/esp32try5/components/micro_ros_espidf_component/micro_ros_src/install/lib/python3.10/site-packages/rosidl_adapter'...
Compiling '/home/fercikmate/ftn/osurv/espROSso/esp32try5/components/micro_ros_espidf_component/micro_ros_src/install/lib/python3.10/site-packages/rosidl_adapter/__init__.py'...
Compiling '/home/fercikmate/ftn/osurv/espROSso/esp32try5/components/micro_ros_espidf_component/micro_ros_src/install/lib/python3.10/site-packages/rosidl_adapter/__main__.py'...
Listing '/home/fercikmate/ftn/osurv/espROSso/esp32try5/components/micro_ros_espidf_component/micro_ros_src/install/lib/python3.10/site-packages/rosidl_adapter/action'...
Compiling '/home/fercikmate/ftn/osurv/espROSso/esp32try5/components/micro_ros_espidf_component/micro_ros_src/install/lib/python3.10/site-packages/rosidl_adapter/action/__init__.py'...
Compiling '/home/fercikmate/ftn/osurv/espROSso/esp32try5/components/micro_ros_espidf_component/micro_ros_src/install/lib/python3.10/site-packages/rosidl_adapter/cli.py'...
Compiling '/home/fercikmate/ftn/osurv/espROSso/esp32try5/components/micro_ros_espidf_component/micro_ros_src/install/lib/python3.10/site-packages/rosidl_adapter/main.py'...
Listing '/home/fercikmate/ftn/osurv/espROSso/esp32try5/components/micro_ros_espidf_component/micro_ros_src/install/lib/python3.10/site-packages/rosidl_adapter/msg'...
Compiling '/home/fercikmate/ftn/osurv/espROSso/esp32try5/components/micro_ros_espidf_component/micro_ros_src/install/lib/python3.10/site-packages/rosidl_adapter/msg/__init__.py'...
Compiling '/home/fercikmate/ftn/osurv/espROSso/esp32try5/components/micro_ros_espidf_component/micro_ros_src/install/lib/python3.10/site-packages/rosidl_adapter/parser.py'...
Listing '/home/fercikmate/ftn/osurv/espROSso/esp32try5/components/micro_ros_espidf_component/micro_ros_src/install/lib/python3.10/site-packages/rosidl_adapter/resource'...
Compiling '/home/fercikmate/ftn/osurv/espROSso/esp32try5/components/micro_ros_espidf_component/micro_ros_src/install/lib/python3.10/site-packages/rosidl_adapter/resource/__init__.py'...
Listing '/home/fercikmate/ftn/osurv/espROSso/esp32try5/components/micro_ros_espidf_component/micro_ros_src/install/lib/python3.10/site-packages/rosidl_adapter/srv'...
Compiling '/home/fercikmate/ftn/osurv/espROSso/esp32try5/components/micro_ros_espidf_component/micro_ros_src/install/lib/python3.10/site-packages/rosidl_adapter/srv/__init__.py'...
-- Installing: /home/fercikmate/ftn/osurv/espROSso/esp32try5/components/micro_ros_espidf_component/micro_ros_src/install/share/ament_index/resource_index/package_run_dependencies/rosidl_adapter
-- Installing: /home/fercikmate/ftn/osurv/espROSso/esp32try5/components/micro_ros_espidf_component/micro_ros_src/install/share/ament_index/resource_index/parent_prefix_path/rosidl_adapter
-- Installing: /home/fercikmate/ftn/osurv/espROSso/esp32try5/components/micro_ros_espidf_component/micro_ros_src/install/share/rosidl_adapter/environment/ament_prefix_path.sh
-- Installing: /home/fercikmate/ftn/osurv/espROSso/esp32try5/components/micro_ros_espidf_component/micro_ros_src/install/share/rosidl_adapter/environment/ament_prefix_path.dsv
-- Installing: /home/fercikmate/ftn/osurv/espROSso/esp32try5/components/micro_ros_espidf_component/micro_ros_src/install/share/rosidl_adapter/environment/path.sh
-- Installing: /home/fercikmate/ftn/osurv/espROSso/esp32try5/components/micro_ros_espidf_component/micro_ros_src/install/share/rosidl_adapter/environment/path.dsv
-- Installing: /home/fercikmate/ftn/osurv/espROSso/esp32try5/components/micro_ros_espidf_component/micro_ros_src/install/share/rosidl_adapter/local_setup.bash
-- Installing: /home/fercikmate/ftn/osurv/espROSso/esp32try5/components/micro_ros_espidf_component/micro_ros_src/install/share/rosidl_adapter/local_setup.sh
-- Installing: /home/fercikmate/ftn/osurv/espROSso/esp32try5/components/micro_ros_espidf_component/micro_ros_src/install/share/rosidl_adapter/local_setup.zsh
-- Installing: /home/fercikmate/ftn/osurv/espROSso/esp32try5/components/micro_ros_espidf_component/micro_ros_src/install/share/rosidl_adapter/local_setup.dsv
-- Installing: /home/fercikmate/ftn/osurv/espROSso/esp32try5/components/micro_ros_espidf_component/micro_ros_src/install/share/rosidl_adapter/package.dsv
-- Installing: /home/fercikmate/ftn/osurv/espROSso/esp32try5/components/micro_ros_espidf_component/micro_ros_src/install/share/ament_index/resource_index/packages/rosidl_adapter
-- Installing: /home/fercikmate/ftn/osurv/espROSso/esp32try5/components/micro_ros_espidf_component/micro_ros_src/install/share/rosidl_adapter/cmake/rosidl_adapter-extras.cmake
-- Installing: /home/fercikmate/ftn/osurv/espROSso/esp32try5/components/micro_ros_espidf_component/micro_ros_src/install/share/rosidl_adapter/cmake/rosidl_adapterConfig.cmake
-- Installing: /home/fercikmate/ftn/osurv/espROSso/esp32try5/components/micro_ros_espidf_component/micro_ros_src/install/share/rosidl_adapter/cmake/rosidl_adapterConfig-version.cmake
-- Installing: /home/fercikmate/ftn/osurv/espROSso/esp32try5/components/micro_ros_espidf_component/micro_ros_src/install/share/rosidl_adapter/package.xml
-- Up-to-date: /home/fercikmate/ftn/osurv/espROSso/esp32try5/components/micro_ros_espidf_component/micro_ros_src/install/share/rosidl_adapter/cmake
-- Installing: /home/fercikmate/ftn/osurv/espROSso/esp32try5/components/micro_ros_espidf_component/micro_ros_src/install/share/rosidl_adapter/cmake/rosidl_adapt_interfaces.cmake
-- Installing: /home/fercikmate/ftn/osurv/espROSso/esp32try5/components/micro_ros_espidf_component/micro_ros_src/install/lib/rosidl_adapter/msg2idl.py
-- Installing: /home/fercikmate/ftn/osurv/espROSso/esp32try5/components/micro_ros_espidf_component/micro_ros_src/install/lib/rosidl_adapter/srv2idl.py
-- Installing: /home/fercikmate/ftn/osurv/espROSso/esp32try5/components/micro_ros_espidf_component/micro_ros_src/install/lib/rosidl_adapter/action2idl.py
