/home/fercikmate/ftn/osurv/espROSso/esp_ws/firmware/mcu_ws/install/lib/python3.10/site-packages/rosidl_cli/entry_points.py
/home/fercikmate/ftn/osurv/espROSso/esp_ws/firmware/mcu_ws/install/lib/python3.10/site-packages/rosidl_cli/cli.py
/home/fercikmate/ftn/osurv/espROSso/esp_ws/firmware/mcu_ws/install/lib/python3.10/site-packages/rosidl_cli/common.py
/home/fercikmate/ftn/osurv/espROSso/esp_ws/firmware/mcu_ws/install/lib/python3.10/site-packages/rosidl_cli/extensions.py
/home/fercikmate/ftn/osurv/espROSso/esp_ws/firmware/mcu_ws/install/lib/python3.10/site-packages/rosidl_cli/__init__.py
/home/fercikmate/ftn/osurv/espROSso/esp_ws/firmware/mcu_ws/install/lib/python3.10/site-packages/rosidl_cli/command/helpers.py
/home/fercikmate/ftn/osurv/espROSso/esp_ws/firmware/mcu_ws/install/lib/python3.10/site-packages/rosidl_cli/command/__init__.py
/home/fercikmate/ftn/osurv/espROSso/esp_ws/firmware/mcu_ws/install/lib/python3.10/site-packages/rosidl_cli/command/translate/api.py
/home/fercikmate/ftn/osurv/espROSso/esp_ws/firmware/mcu_ws/install/lib/python3.10/site-packages/rosidl_cli/command/translate/extensions.py
/home/fercikmate/ftn/osurv/espROSso/esp_ws/firmware/mcu_ws/install/lib/python3.10/site-packages/rosidl_cli/command/translate/__init__.py
/home/fercikmate/ftn/osurv/espROSso/esp_ws/firmware/mcu_ws/install/lib/python3.10/site-packages/rosidl_cli/command/generate/api.py
/home/fercikmate/ftn/osurv/espROSso/esp_ws/firmware/mcu_ws/install/lib/python3.10/site-packages/rosidl_cli/command/generate/extensions.py
/home/fercikmate/ftn/osurv/espROSso/esp_ws/firmware/mcu_ws/install/lib/python3.10/site-packages/rosidl_cli/command/generate/__init__.py
/home/fercikmate/ftn/osurv/espROSso/esp_ws/firmware/mcu_ws/install/lib/python3.10/site-packages/rosidl_cli/__pycache__/entry_points.cpython-310.pyc
/home/fercikmate/ftn/osurv/espROSso/esp_ws/firmware/mcu_ws/install/lib/python3.10/site-packages/rosidl_cli/__pycache__/cli.cpython-310.pyc
/home/fercikmate/ftn/osurv/espROSso/esp_ws/firmware/mcu_ws/install/lib/python3.10/site-packages/rosidl_cli/__pycache__/common.cpython-310.pyc
/home/fercikmate/ftn/osurv/espROSso/esp_ws/firmware/mcu_ws/install/lib/python3.10/site-packages/rosidl_cli/__pycache__/extensions.cpython-310.pyc
/home/fercikmate/ftn/osurv/espROSso/esp_ws/firmware/mcu_ws/install/lib/python3.10/site-packages/rosidl_cli/__pycache__/__init__.cpython-310.pyc
/home/fercikmate/ftn/osurv/espROSso/esp_ws/firmware/mcu_ws/install/lib/python3.10/site-packages/rosidl_cli/command/__pycache__/helpers.cpython-310.pyc
/home/fercikmate/ftn/osurv/espROSso/esp_ws/firmware/mcu_ws/install/lib/python3.10/site-packages/rosidl_cli/command/__pycache__/__init__.cpython-310.pyc
/home/fercikmate/ftn/osurv/espROSso/esp_ws/firmware/mcu_ws/install/lib/python3.10/site-packages/rosidl_cli/command/translate/__pycache__/api.cpython-310.pyc
/home/fercikmate/ftn/osurv/espROSso/esp_ws/firmware/mcu_ws/install/lib/python3.10/site-packages/rosidl_cli/command/translate/__pycache__/extensions.cpython-310.pyc
/home/fercikmate/ftn/osurv/espROSso/esp_ws/firmware/mcu_ws/install/lib/python3.10/site-packages/rosidl_cli/command/translate/__pycache__/__init__.cpython-310.pyc
/home/fercikmate/ftn/osurv/espROSso/esp_ws/firmware/mcu_ws/install/lib/python3.10/site-packages/rosidl_cli/command/generate/__pycache__/api.cpython-310.pyc
/home/fercikmate/ftn/osurv/espROSso/esp_ws/firmware/mcu_ws/install/lib/python3.10/site-packages/rosidl_cli/command/generate/__pycache__/extensions.cpython-310.pyc
/home/fercikmate/ftn/osurv/espROSso/esp_ws/firmware/mcu_ws/install/lib/python3.10/site-packages/rosidl_cli/command/generate/__pycache__/__init__.cpython-310.pyc
/home/fercikmate/ftn/osurv/espROSso/esp_ws/firmware/mcu_ws/install/share/ament_index/resource_index/packages/rosidl_cli
/home/fercikmate/ftn/osurv/espROSso/esp_ws/firmware/mcu_ws/install/share/rosidl_cli/package.xml
/home/fercikmate/ftn/osurv/espROSso/esp_ws/firmware/mcu_ws/install/share/rosidl_cli/package.dsv
/home/fercikmate/ftn/osurv/espROSso/esp_ws/firmware/mcu_ws/install/share/rosidl_cli/environment/rosidl-argcomplete.bash
/home/fercikmate/ftn/osurv/espROSso/esp_ws/firmware/mcu_ws/install/share/rosidl_cli/environment/rosidl-argcomplete.zsh
/home/fercikmate/ftn/osurv/espROSso/esp_ws/firmware/mcu_ws/install/lib/python3.10/site-packages/rosidl_cli-3.1.7-py3.10.egg-info/entry_points.txt
/home/fercikmate/ftn/osurv/espROSso/esp_ws/firmware/mcu_ws/install/lib/python3.10/site-packages/rosidl_cli-3.1.7-py3.10.egg-info/PKG-INFO
/home/fercikmate/ftn/osurv/espROSso/esp_ws/firmware/mcu_ws/install/lib/python3.10/site-packages/rosidl_cli-3.1.7-py3.10.egg-info/requires.txt
/home/fercikmate/ftn/osurv/espROSso/esp_ws/firmware/mcu_ws/install/lib/python3.10/site-packages/rosidl_cli-3.1.7-py3.10.egg-info/top_level.txt
/home/fercikmate/ftn/osurv/espROSso/esp_ws/firmware/mcu_ws/install/lib/python3.10/site-packages/rosidl_cli-3.1.7-py3.10.egg-info/SOURCES.txt
/home/fercikmate/ftn/osurv/espROSso/esp_ws/firmware/mcu_ws/install/lib/python3.10/site-packages/rosidl_cli-3.1.7-py3.10.egg-info/dependency_links.txt
/home/fercikmate/ftn/osurv/espROSso/esp_ws/firmware/mcu_ws/install/lib/python3.10/site-packages/rosidl_cli-3.1.7-py3.10.egg-info/not-zip-safe
/home/fercikmate/ftn/osurv/espROSso/esp_ws/firmware/mcu_ws/install/bin/rosidl
