[0.447s] DEBUG:colcon:Command line arguments: ['/home/fercikmate/.espressif/python_env/idf6.0_py3.10_env/bin/colcon', 'build']
[0.447s] DEBUG:colcon:Parsed command line arguments: Namespace(log_base=None, log_level=None, verb_name='build', build_base='build', install_base='install', merge_install=False, symlink_install=False, test_result_base=None, continue_on_error=False, executor='parallel', parallel_workers=8, event_handlers=None, ignore_user_meta=False, metas=['./colcon.meta'], base_paths=['.'], packages_ignore=None, packages_ignore_regex=None, paths=None, packages_up_to=None, packages_up_to_regex=None, packages_above=None, packages_above_and_dependencies=None, packages_above_depth=None, packages_select_by_dep=None, packages_skip_by_dep=None, packages_skip_up_to=None, packages_select_build_failed=False, packages_skip_build_finished=False, packages_select_test_failures=False, packages_skip_test_passed=False, packages_select=None, packages_skip=None, packages_select_regex=None, packages_skip_regex=None, packages_start=None, packages_end=None, cmake_args=None, cmake_target=None, cmake_target_skip_unavailable=False, cmake_clean_cache=False, cmake_clean_first=False, cmake_force_configure=False, ament_cmake_args=None, catkin_cmake_args=None, catkin_skip_building_tests=False, verb_parser=<colcon_defaults.argument_parser.defaults.DefaultArgumentsDecorator object at 0x73cafc3eb280>, verb_extension=<colcon_core.verb.build.BuildVerb object at 0x73cafc3ead70>, main=<bound method BuildVerb.main of <colcon_core.verb.build.BuildVerb object at 0x73cafc3ead70>>)
[0.590s] Level 1:colcon.colcon_core.package_discovery:discover_packages(colcon_meta) check parameters
[0.590s] Level 1:colcon.colcon_core.package_discovery:discover_packages(recursive) check parameters
[0.590s] Level 1:colcon.colcon_core.package_discovery:discover_packages(ignore) check parameters
[0.590s] Level 1:colcon.colcon_core.package_discovery:discover_packages(path) check parameters
[0.590s] Level 1:colcon.colcon_core.package_discovery:discover_packages(colcon_meta) discover
[0.590s] Level 1:colcon.colcon_core.package_discovery:discover_packages(recursive) discover
[0.590s] INFO:colcon.colcon_core.package_discovery:Crawling recursively for packages in '/home/fercikmate/ftn/osurv/espROSso/esp_ws'
[0.591s] Level 1:colcon.colcon_core.package_identification:_identify(.) by extensions ['ignore', 'ignore_ament_install']
[0.591s] Level 1:colcon.colcon_core.package_identification:_identify(.) by extension 'ignore'
[0.591s] Level 1:colcon.colcon_core.package_identification:_identify(.) by extension 'ignore_ament_install'
[0.591s] Level 1:colcon.colcon_core.package_identification:_identify(.) by extensions ['colcon_pkg']
[0.591s] Level 1:colcon.colcon_core.package_identification:_identify(.) by extension 'colcon_pkg'
[0.591s] Level 1:colcon.colcon_core.package_identification:_identify(.) by extensions ['colcon_meta']
[0.591s] Level 1:colcon.colcon_core.package_identification:_identify(.) by extension 'colcon_meta'
[0.591s] Level 1:colcon.colcon_core.package_identification:_identify(.) by extensions ['ros']
[0.591s] Level 1:colcon.colcon_core.package_identification:_identify(.) by extension 'ros'
[0.636s] Level 1:colcon.colcon_core.package_identification:_identify(.) by extensions ['cmake', 'python']
[0.637s] Level 1:colcon.colcon_core.package_identification:_identify(.) by extension 'cmake'
[0.637s] Level 1:colcon.colcon_core.package_identification:_identify(.) by extension 'python'
[0.637s] Level 1:colcon.colcon_core.package_identification:_identify(.) by extensions ['python_setup_py']
[0.637s] Level 1:colcon.colcon_core.package_identification:_identify(.) by extension 'python_setup_py'
[0.637s] Level 1:colcon.colcon_core.package_identification:_identify(build) by extensions ['ignore', 'ignore_ament_install']
[0.637s] Level 1:colcon.colcon_core.package_identification:_identify(build) by extension 'ignore'
[0.637s] Level 1:colcon.colcon_core.package_identification:_identify(build) ignored
[0.637s] Level 1:colcon.colcon_core.package_identification:_identify(install) by extensions ['ignore', 'ignore_ament_install']
[0.637s] Level 1:colcon.colcon_core.package_identification:_identify(install) by extension 'ignore'
[0.637s] Level 1:colcon.colcon_core.package_identification:_identify(install) ignored
[0.637s] Level 1:colcon.colcon_core.package_identification:_identify(log) by extensions ['ignore', 'ignore_ament_install']
[0.637s] Level 1:colcon.colcon_core.package_identification:_identify(log) by extension 'ignore'
[0.637s] Level 1:colcon.colcon_core.package_identification:_identify(log) ignored
[0.638s] Level 1:colcon.colcon_core.package_identification:_identify(src) by extensions ['ignore', 'ignore_ament_install']
[0.638s] Level 1:colcon.colcon_core.package_identification:_identify(src) by extension 'ignore'
[0.638s] Level 1:colcon.colcon_core.package_identification:_identify(src) by extension 'ignore_ament_install'
[0.638s] Level 1:colcon.colcon_core.package_identification:_identify(src) by extensions ['colcon_pkg']
[0.638s] Level 1:colcon.colcon_core.package_identification:_identify(src) by extension 'colcon_pkg'
[0.638s] Level 1:colcon.colcon_core.package_identification:_identify(src) by extensions ['colcon_meta']
[0.638s] Level 1:colcon.colcon_core.package_identification:_identify(src) by extension 'colcon_meta'
[0.638s] Level 1:colcon.colcon_core.package_identification:_identify(src) by extensions ['ros']
[0.638s] Level 1:colcon.colcon_core.package_identification:_identify(src) by extension 'ros'
[0.638s] Level 1:colcon.colcon_core.package_identification:_identify(src) by extensions ['cmake', 'python']
[0.638s] Level 1:colcon.colcon_core.package_identification:_identify(src) by extension 'cmake'
[0.638s] Level 1:colcon.colcon_core.package_identification:_identify(src) by extension 'python'
[0.638s] Level 1:colcon.colcon_core.package_identification:_identify(src) by extensions ['python_setup_py']
[0.638s] Level 1:colcon.colcon_core.package_identification:_identify(src) by extension 'python_setup_py'
[0.638s] Level 1:colcon.colcon_core.package_identification:_identify(src/micro_ros_setup) by extensions ['ignore', 'ignore_ament_install']
[0.638s] Level 1:colcon.colcon_core.package_identification:_identify(src/micro_ros_setup) by extension 'ignore'
[0.638s] Level 1:colcon.colcon_core.package_identification:_identify(src/micro_ros_setup) by extension 'ignore_ament_install'
[0.638s] Level 1:colcon.colcon_core.package_identification:_identify(src/micro_ros_setup) by extensions ['colcon_pkg']
[0.638s] Level 1:colcon.colcon_core.package_identification:_identify(src/micro_ros_setup) by extension 'colcon_pkg'
[0.638s] Level 1:colcon.colcon_core.package_identification:_identify(src/micro_ros_setup) by extensions ['colcon_meta']
[0.638s] Level 1:colcon.colcon_core.package_identification:_identify(src/micro_ros_setup) by extension 'colcon_meta'
[0.638s] Level 1:colcon.colcon_core.package_identification:_identify(src/micro_ros_setup) by extensions ['ros']
[0.638s] Level 1:colcon.colcon_core.package_identification:_identify(src/micro_ros_setup) by extension 'ros'
[0.643s] DEBUG:colcon.colcon_core.package_identification:Package 'src/micro_ros_setup' with type 'ros.ament_cmake' and name 'micro_ros_setup'
[0.643s] Level 1:colcon.colcon_core.package_discovery:discover_packages(recursive) using defaults
[0.643s] Level 1:colcon.colcon_core.package_discovery:discover_packages(ignore) discover
[0.643s] Level 1:colcon.colcon_core.package_discovery:discover_packages(ignore) using defaults
[0.643s] Level 1:colcon.colcon_core.package_discovery:discover_packages(path) discover
[0.643s] Level 1:colcon.colcon_core.package_discovery:discover_packages(path) using defaults
[0.685s] Level 5:colcon.colcon_core.verb:set package 'micro_ros_setup' build argument 'cmake_args' from command line to 'None'
[0.685s] Level 5:colcon.colcon_core.verb:set package 'micro_ros_setup' build argument 'cmake_target' from command line to 'None'
[0.685s] Level 5:colcon.colcon_core.verb:set package 'micro_ros_setup' build argument 'cmake_target_skip_unavailable' from command line to 'False'
[0.685s] Level 5:colcon.colcon_core.verb:set package 'micro_ros_setup' build argument 'cmake_clean_cache' from command line to 'False'
[0.685s] Level 5:colcon.colcon_core.verb:set package 'micro_ros_setup' build argument 'cmake_clean_first' from command line to 'False'
[0.685s] Level 5:colcon.colcon_core.verb:set package 'micro_ros_setup' build argument 'cmake_force_configure' from command line to 'False'
[0.685s] Level 5:colcon.colcon_core.verb:set package 'micro_ros_setup' build argument 'ament_cmake_args' from command line to 'None'
[0.685s] Level 5:colcon.colcon_core.verb:set package 'micro_ros_setup' build argument 'catkin_cmake_args' from command line to 'None'
[0.685s] Level 5:colcon.colcon_core.verb:set package 'micro_ros_setup' build argument 'catkin_skip_building_tests' from command line to 'False'
[0.685s] DEBUG:colcon.colcon_core.verb:Building package 'micro_ros_setup' with the following arguments: {'ament_cmake_args': None, 'build_base': '/home/fercikmate/ftn/osurv/espROSso/esp_ws/build/micro_ros_setup', 'catkin_cmake_args': None, 'catkin_skip_building_tests': False, 'cmake_args': None, 'cmake_clean_cache': False, 'cmake_clean_first': False, 'cmake_force_configure': False, 'cmake_target': None, 'cmake_target_skip_unavailable': False, 'install_base': '/home/fercikmate/ftn/osurv/espROSso/esp_ws/install/micro_ros_setup', 'merge_install': False, 'path': '/home/fercikmate/ftn/osurv/espROSso/esp_ws/src/micro_ros_setup', 'symlink_install': False, 'test_result_base': None}
[0.685s] INFO:colcon.colcon_core.executor:Executing jobs using 'parallel' executor
[0.688s] DEBUG:colcon.colcon_parallel_executor.executor.parallel:run_until_complete
[0.688s] INFO:colcon.colcon_ros.task.ament_cmake.build:Building ROS package in '/home/fercikmate/ftn/osurv/espROSso/esp_ws/src/micro_ros_setup' with build type 'ament_cmake'
[0.688s] INFO:colcon.colcon_cmake.task.cmake.build:Building CMake package in '/home/fercikmate/ftn/osurv/espROSso/esp_ws/src/micro_ros_setup'
[0.698s] INFO:colcon.colcon_core.plugin_system:Skipping extension 'colcon_core.shell.bat': Not used on non-Windows systems
[0.698s] INFO:colcon.colcon_core.shell:Skip shell extension 'powershell' for command environment: Not usable outside of PowerShell
[0.698s] DEBUG:colcon.colcon_core.shell:Skip shell extension 'dsv' for command environment
[0.719s] DEBUG:colcon.colcon_core.event_handler.log_command:Invoking command in '/home/fercikmate/ftn/osurv/espROSso/esp_ws/build/micro_ros_setup': CMAKE_PREFIX_PATH=${CMAKE_PREFIX_PATH}:/opt/ros/humble /usr/bin/cmake /home/fercikmate/ftn/osurv/espROSso/esp_ws/src/micro_ros_setup -DCMAKE_INSTALL_PREFIX=/home/fercikmate/ftn/osurv/espROSso/esp_ws/install/micro_ros_setup
[3.060s] DEBUG:colcon.colcon_core.event_handler.log_command:Invoked command in '/home/fercikmate/ftn/osurv/espROSso/esp_ws/build/micro_ros_setup' returned '0': CMAKE_PREFIX_PATH=${CMAKE_PREFIX_PATH}:/opt/ros/humble /usr/bin/cmake /home/fercikmate/ftn/osurv/espROSso/esp_ws/src/micro_ros_setup -DCMAKE_INSTALL_PREFIX=/home/fercikmate/ftn/osurv/espROSso/esp_ws/install/micro_ros_setup
[3.061s] DEBUG:colcon.colcon_core.event_handler.log_command:Invoking command in '/home/fercikmate/ftn/osurv/espROSso/esp_ws/build/micro_ros_setup': CMAKE_PREFIX_PATH=${CMAKE_PREFIX_PATH}:/opt/ros/humble /usr/bin/cmake --build /home/fercikmate/ftn/osurv/espROSso/esp_ws/build/micro_ros_setup -- -j8 -l8
[3.104s] DEBUG:colcon.colcon_core.event_handler.log_command:Invoked command in '/home/fercikmate/ftn/osurv/espROSso/esp_ws/build/micro_ros_setup' returned '0': CMAKE_PREFIX_PATH=${CMAKE_PREFIX_PATH}:/opt/ros/humble /usr/bin/cmake --build /home/fercikmate/ftn/osurv/espROSso/esp_ws/build/micro_ros_setup -- -j8 -l8
[3.116s] DEBUG:colcon.colcon_core.event_handler.log_command:Invoking command in '/home/fercikmate/ftn/osurv/espROSso/esp_ws/build/micro_ros_setup': CMAKE_PREFIX_PATH=${CMAKE_PREFIX_PATH}:/opt/ros/humble /usr/bin/cmake --install /home/fercikmate/ftn/osurv/espROSso/esp_ws/build/micro_ros_setup
[3.159s] Level 1:colcon.colcon_core.environment:create_environment_scripts_only(micro_ros_setup)
[3.160s] DEBUG:colcon.colcon_core.event_handler.log_command:Invoked command in '/home/fercikmate/ftn/osurv/espROSso/esp_ws/build/micro_ros_setup' returned '0': CMAKE_PREFIX_PATH=${CMAKE_PREFIX_PATH}:/opt/ros/humble /usr/bin/cmake --install /home/fercikmate/ftn/osurv/espROSso/esp_ws/build/micro_ros_setup
[3.168s] Level 1:colcon.colcon_core.environment:checking '/home/fercikmate/ftn/osurv/espROSso/esp_ws/install/micro_ros_setup' for CMake module files
[3.169s] Level 1:colcon.colcon_core.environment:checking '/home/fercikmate/ftn/osurv/espROSso/esp_ws/install/micro_ros_setup' for CMake config files
[3.169s] Level 1:colcon.colcon_core.shell:create_environment_hook('micro_ros_setup', 'cmake_prefix_path')
[3.170s] INFO:colcon.colcon_core.shell:Creating environment hook '/home/fercikmate/ftn/osurv/espROSso/esp_ws/install/micro_ros_setup/share/micro_ros_setup/hook/cmake_prefix_path.ps1'
[3.172s] INFO:colcon.colcon_core.shell:Creating environment descriptor '/home/fercikmate/ftn/osurv/espROSso/esp_ws/install/micro_ros_setup/share/micro_ros_setup/hook/cmake_prefix_path.dsv'
[3.173s] INFO:colcon.colcon_core.shell:Creating environment hook '/home/fercikmate/ftn/osurv/espROSso/esp_ws/install/micro_ros_setup/share/micro_ros_setup/hook/cmake_prefix_path.sh'
[3.175s] Level 1:colcon.colcon_core.environment:checking '/home/fercikmate/ftn/osurv/espROSso/esp_ws/install/micro_ros_setup/lib'
[3.175s] Level 1:colcon.colcon_core.environment:checking '/home/fercikmate/ftn/osurv/espROSso/esp_ws/install/micro_ros_setup/bin'
[3.175s] Level 1:colcon.colcon_core.environment:checking '/home/fercikmate/ftn/osurv/espROSso/esp_ws/install/micro_ros_setup/lib/pkgconfig/micro_ros_setup.pc'
[3.176s] Level 1:colcon.colcon_core.environment:checking '/home/fercikmate/ftn/osurv/espROSso/esp_ws/install/micro_ros_setup/lib/python3.10/site-packages'
[3.177s] Level 1:colcon.colcon_core.environment:checking '/home/fercikmate/ftn/osurv/espROSso/esp_ws/install/micro_ros_setup/bin'
[3.177s] INFO:colcon.colcon_core.shell:Creating package script '/home/fercikmate/ftn/osurv/espROSso/esp_ws/install/micro_ros_setup/share/micro_ros_setup/package.ps1'
[3.178s] INFO:colcon.colcon_core.shell:Creating package descriptor '/home/fercikmate/ftn/osurv/espROSso/esp_ws/install/micro_ros_setup/share/micro_ros_setup/package.dsv'
[3.180s] INFO:colcon.colcon_core.shell:Creating package script '/home/fercikmate/ftn/osurv/espROSso/esp_ws/install/micro_ros_setup/share/micro_ros_setup/package.sh'
[3.181s] INFO:colcon.colcon_core.shell:Creating package script '/home/fercikmate/ftn/osurv/espROSso/esp_ws/install/micro_ros_setup/share/micro_ros_setup/package.bash'
[3.184s] INFO:colcon.colcon_core.shell:Creating package script '/home/fercikmate/ftn/osurv/espROSso/esp_ws/install/micro_ros_setup/share/micro_ros_setup/package.zsh'
[3.186s] Level 1:colcon.colcon_core.environment:create_file_with_runtime_dependencies(/home/fercikmate/ftn/osurv/espROSso/esp_ws/install/micro_ros_setup/share/colcon-core/packages/micro_ros_setup)
[3.187s] Level 1:colcon.colcon_core.environment:create_environment_scripts_only(micro_ros_setup)
[3.187s] Level 1:colcon.colcon_core.environment:checking '/home/fercikmate/ftn/osurv/espROSso/esp_ws/install/micro_ros_setup' for CMake module files
[3.187s] Level 1:colcon.colcon_core.environment:checking '/home/fercikmate/ftn/osurv/espROSso/esp_ws/install/micro_ros_setup' for CMake config files
[3.188s] Level 1:colcon.colcon_core.shell:create_environment_hook('micro_ros_setup', 'cmake_prefix_path')
[3.188s] INFO:colcon.colcon_core.shell:Creating environment hook '/home/fercikmate/ftn/osurv/espROSso/esp_ws/install/micro_ros_setup/share/micro_ros_setup/hook/cmake_prefix_path.ps1'
[3.189s] INFO:colcon.colcon_core.shell:Creating environment descriptor '/home/fercikmate/ftn/osurv/espROSso/esp_ws/install/micro_ros_setup/share/micro_ros_setup/hook/cmake_prefix_path.dsv'
[3.189s] INFO:colcon.colcon_core.shell:Creating environment hook '/home/fercikmate/ftn/osurv/espROSso/esp_ws/install/micro_ros_setup/share/micro_ros_setup/hook/cmake_prefix_path.sh'
[3.190s] Level 1:colcon.colcon_core.environment:checking '/home/fercikmate/ftn/osurv/espROSso/esp_ws/install/micro_ros_setup/lib'
[3.190s] Level 1:colcon.colcon_core.environment:checking '/home/fercikmate/ftn/osurv/espROSso/esp_ws/install/micro_ros_setup/bin'
[3.191s] Level 1:colcon.colcon_core.environment:checking '/home/fercikmate/ftn/osurv/espROSso/esp_ws/install/micro_ros_setup/lib/pkgconfig/micro_ros_setup.pc'
[3.191s] Level 1:colcon.colcon_core.environment:checking '/home/fercikmate/ftn/osurv/espROSso/esp_ws/install/micro_ros_setup/lib/python3.10/site-packages'
[3.191s] Level 1:colcon.colcon_core.environment:checking '/home/fercikmate/ftn/osurv/espROSso/esp_ws/install/micro_ros_setup/bin'
[3.191s] INFO:colcon.colcon_core.shell:Creating package script '/home/fercikmate/ftn/osurv/espROSso/esp_ws/install/micro_ros_setup/share/micro_ros_setup/package.ps1'
[3.192s] INFO:colcon.colcon_core.shell:Creating package descriptor '/home/fercikmate/ftn/osurv/espROSso/esp_ws/install/micro_ros_setup/share/micro_ros_setup/package.dsv'
[3.193s] INFO:colcon.colcon_core.shell:Creating package script '/home/fercikmate/ftn/osurv/espROSso/esp_ws/install/micro_ros_setup/share/micro_ros_setup/package.sh'
[3.193s] INFO:colcon.colcon_core.shell:Creating package script '/home/fercikmate/ftn/osurv/espROSso/esp_ws/install/micro_ros_setup/share/micro_ros_setup/package.bash'
[3.194s] INFO:colcon.colcon_core.shell:Creating package script '/home/fercikmate/ftn/osurv/espROSso/esp_ws/install/micro_ros_setup/share/micro_ros_setup/package.zsh'
[3.195s] Level 1:colcon.colcon_core.environment:create_file_with_runtime_dependencies(/home/fercikmate/ftn/osurv/espROSso/esp_ws/install/micro_ros_setup/share/colcon-core/packages/micro_ros_setup)
[3.195s] DEBUG:colcon.colcon_parallel_executor.executor.parallel:closing loop
[3.196s] DEBUG:colcon.colcon_parallel_executor.executor.parallel:loop closed
[3.196s] DEBUG:colcon.colcon_parallel_executor.executor.parallel:run_until_complete finished with '0'
[3.196s] DEBUG:colcon.colcon_core.event_reactor:joining thread
[3.203s] INFO:colcon.colcon_core.plugin_system:Skipping extension 'colcon_notification.desktop_notification.notify2': 'notify2' not found
[3.243s] INFO:colcon.colcon_core.plugin_system:Skipping extension 'colcon_notification.desktop_notification.notify_send': Could not find 'notify-send'
[3.243s] INFO:colcon.colcon_core.plugin_system:Skipping extension 'colcon_notification.desktop_notification.terminal_notifier': Not used on non-Darwin systems
[3.243s] INFO:colcon.colcon_core.plugin_system:Skipping extension 'colcon_notification.desktop_notification.win32': Not used on non-Windows systems
[3.244s] DEBUG:colcon.colcon_core.event_reactor:joined thread
[3.244s] INFO:colcon.colcon_core.shell:Creating prefix script '/home/fercikmate/ftn/osurv/espROSso/esp_ws/install/local_setup.ps1'
[3.246s] INFO:colcon.colcon_core.shell:Creating prefix util module '/home/fercikmate/ftn/osurv/espROSso/esp_ws/install/_local_setup_util_ps1.py'
[3.248s] INFO:colcon.colcon_core.shell:Creating prefix chain script '/home/fercikmate/ftn/osurv/espROSso/esp_ws/install/setup.ps1'
[3.250s] INFO:colcon.colcon_core.shell:Creating prefix script '/home/fercikmate/ftn/osurv/espROSso/esp_ws/install/local_setup.sh'
[3.251s] INFO:colcon.colcon_core.shell:Creating prefix util module '/home/fercikmate/ftn/osurv/espROSso/esp_ws/install/_local_setup_util_sh.py'
[3.252s] INFO:colcon.colcon_core.shell:Creating prefix chain script '/home/fercikmate/ftn/osurv/espROSso/esp_ws/install/setup.sh'
[3.253s] INFO:colcon.colcon_core.shell:Creating prefix script '/home/fercikmate/ftn/osurv/espROSso/esp_ws/install/local_setup.bash'
[3.254s] INFO:colcon.colcon_core.shell:Creating prefix chain script '/home/fercikmate/ftn/osurv/espROSso/esp_ws/install/setup.bash'
[3.256s] INFO:colcon.colcon_core.shell:Creating prefix script '/home/fercikmate/ftn/osurv/espROSso/esp_ws/install/local_setup.zsh'
[3.257s] INFO:colcon.colcon_core.shell:Creating prefix chain script '/home/fercikmate/ftn/osurv/espROSso/esp_ws/install/setup.zsh'
