Not searching for unused variables given on the command line.
-- The C compiler identification is GNU 15.1.0
-- The CXX compiler identification is GNU 15.1.0
-- Detecting C compiler ABI info
-- Detecting C compiler ABI info - done
-- Check for working C compiler: /home/fercikmate/.espressif/tools/riscv32-esp-elf/esp-15.1.0_20250607/riscv32-esp-elf/bin/riscv32-esp-elf-gcc - skipped
-- Detecting C compile features
-- Detecting C compile features - done
-- Detecting CXX compiler ABI info
-- Detecting CXX compiler ABI info - done
-- Check for working CXX compiler: /home/fercikmate/.espressif/tools/riscv32-esp-elf/esp-15.1.0_20250607/riscv32-esp-elf/bin/riscv32-esp-elf-g++ - skipped
-- Detecting CXX compile features
-- Detecting CXX compile features - done
-- Found ament_cmake_ros: 0.14.3 (/home/fercikmate/ftn/osurv/espROSso/esp32try5/components/micro_ros_espidf_component/micro_ros_dev/install/ament_cmake_ros/share/ament_cmake_ros/cmake)
-- Found Python3: /home/fercikmate/.espressif/python_env/idf6.0_py3.10_env/bin/python3 (found version "3.10.12") found components: Interpreter 
-- Found std_msgs: 5.5.0 (/home/fercikmate/ftn/osurv/espROSso/esp32try5/components/micro_ros_espidf_component/micro_ros_src/install/share/std_msgs/cmake)
-- Using all available rosidl_typesupport_c: rosidl_typesupport_introspection_c;rosidl_typesupport_microxrcedds_c
-- Found rosidl_adapter: 4.9.5 (/home/fercikmate/ftn/osurv/espROSso/esp32try5/components/micro_ros_espidf_component/micro_ros_src/install/share/rosidl_adapter/cmake)
-- Found lifecycle_msgs: 2.3.0 (/home/fercikmate/ftn/osurv/espROSso/esp32try5/components/micro_ros_espidf_component/micro_ros_src/install/share/lifecycle_msgs/cmake)
-- Found rcl_lifecycle: 10.1.1 (/home/fercikmate/ftn/osurv/espROSso/esp32try5/components/micro_ros_espidf_component/micro_ros_src/install/share/rcl_lifecycle/cmake)
-- Found rmw_implementation_cmake: 7.8.2 (/home/fercikmate/ftn/osurv/espROSso/esp32try5/components/micro_ros_espidf_component/micro_ros_src/install/share/rmw_implementation_cmake/cmake)
-- Found rmw_microxrcedds: 6.0.0 (/home/fercikmate/ftn/osurv/espROSso/esp32try5/components/micro_ros_espidf_component/micro_ros_src/install/share/rmw_microxrcedds/cmake)
-- Using RMW implementation 'rmw_microxrcedds'
-- Found rclc: 6.2.0 (/home/fercikmate/ftn/osurv/espROSso/esp32try5/components/micro_ros_espidf_component/micro_ros_src/install/share/rclc/cmake)
-- Found rcl_lifecycle version 10.1.1, which belongs to Foxy or later
-- Configuring done
-- Generating done
-- Build files have been written to: /home/fercikmate/ftn/osurv/espROSso/esp32try5/components/micro_ros_espidf_component/micro_ros_src/build/rclc_lifecycle
gmake[1]: Entering directory '/home/fercikmate/ftn/osurv/espROSso/esp32try5/components/micro_ros_espidf_component/micro_ros_src/build/rclc_lifecycle'
gmake[2]: Entering directory '/home/fercikmate/ftn/osurv/espROSso/esp32try5/components/micro_ros_espidf_component/micro_ros_src/build/rclc_lifecycle'
gmake[3]: Entering directory '/home/fercikmate/ftn/osurv/espROSso/esp32try5/components/micro_ros_espidf_component/micro_ros_src/build/rclc_lifecycle'
gmake[3]: Leaving directory '/home/fercikmate/ftn/osurv/espROSso/esp32try5/components/micro_ros_espidf_component/micro_ros_src/build/rclc_lifecycle'
gmake[3]: Entering directory '/home/fercikmate/ftn/osurv/espROSso/esp32try5/components/micro_ros_espidf_component/micro_ros_src/build/rclc_lifecycle'
[ 50%] [32mBuilding C object CMakeFiles/rclc_lifecycle.dir/src/rclc_lifecycle/rclc_lifecycle.c.obj[0m
[100%] [32m[1mLinking CXX static library librclc_lifecycle.a[0m
gmake[3]: Leaving directory '/home/fercikmate/ftn/osurv/espROSso/esp32try5/components/micro_ros_espidf_component/micro_ros_src/build/rclc_lifecycle'
[100%] Built target rclc_lifecycle
gmake[2]: Leaving directory '/home/fercikmate/ftn/osurv/espROSso/esp32try5/components/micro_ros_espidf_component/micro_ros_src/build/rclc_lifecycle'
gmake[1]: Leaving directory '/home/fercikmate/ftn/osurv/espROSso/esp32try5/components/micro_ros_espidf_component/micro_ros_src/build/rclc_lifecycle'
-- Install configuration: "Release"
-- Installing: /home/fercikmate/ftn/osurv/espROSso/esp32try5/components/micro_ros_espidf_component/micro_ros_src/install/lib/librclc_lifecycle.a
-- Up-to-date: /home/fercikmate/ftn/osurv/espROSso/esp32try5/components/micro_ros_espidf_component/micro_ros_src/install/include
-- Installing: /home/fercikmate/ftn/osurv/espROSso/esp32try5/components/micro_ros_espidf_component/micro_ros_src/install/include/rclc_lifecycle
-- Installing: /home/fercikmate/ftn/osurv/espROSso/esp32try5/components/micro_ros_espidf_component/micro_ros_src/install/include/rclc_lifecycle/rclc_lifecycle.h
-- Installing: /home/fercikmate/ftn/osurv/espROSso/esp32try5/components/micro_ros_espidf_component/micro_ros_src/install/include/rclc_lifecycle/visibility_control.h
-- Installing: /home/fercikmate/ftn/osurv/espROSso/esp32try5/components/micro_ros_espidf_component/micro_ros_src/install/share/rclc_lifecycle/environment/library_path.sh
-- Installing: /home/fercikmate/ftn/osurv/espROSso/esp32try5/components/micro_ros_espidf_component/micro_ros_src/install/share/rclc_lifecycle/environment/library_path.dsv
-- Installing: /home/fercikmate/ftn/osurv/espROSso/esp32try5/components/micro_ros_espidf_component/micro_ros_src/install/share/ament_index/resource_index/package_run_dependencies/rclc_lifecycle
-- Installing: /home/fercikmate/ftn/osurv/espROSso/esp32try5/components/micro_ros_espidf_component/micro_ros_src/install/share/ament_index/resource_index/parent_prefix_path/rclc_lifecycle
-- Installing: /home/fercikmate/ftn/osurv/espROSso/esp32try5/components/micro_ros_espidf_component/micro_ros_src/install/share/rclc_lifecycle/environment/ament_prefix_path.sh
-- Installing: /home/fercikmate/ftn/osurv/espROSso/esp32try5/components/micro_ros_espidf_component/micro_ros_src/install/share/rclc_lifecycle/environment/ament_prefix_path.dsv
-- Installing: /home/fercikmate/ftn/osurv/espROSso/esp32try5/components/micro_ros_espidf_component/micro_ros_src/install/share/rclc_lifecycle/environment/path.sh
-- Installing: /home/fercikmate/ftn/osurv/espROSso/esp32try5/components/micro_ros_espidf_component/micro_ros_src/install/share/rclc_lifecycle/environment/path.dsv
-- Installing: /home/fercikmate/ftn/osurv/espROSso/esp32try5/components/micro_ros_espidf_component/micro_ros_src/install/share/rclc_lifecycle/local_setup.bash
-- Installing: /home/fercikmate/ftn/osurv/espROSso/esp32try5/components/micro_ros_espidf_component/micro_ros_src/install/share/rclc_lifecycle/local_setup.sh
-- Installing: /home/fercikmate/ftn/osurv/espROSso/esp32try5/components/micro_ros_espidf_component/micro_ros_src/install/share/rclc_lifecycle/local_setup.zsh
-- Installing: /home/fercikmate/ftn/osurv/espROSso/esp32try5/components/micro_ros_espidf_component/micro_ros_src/install/share/rclc_lifecycle/local_setup.dsv
-- Installing: /home/fercikmate/ftn/osurv/espROSso/esp32try5/components/micro_ros_espidf_component/micro_ros_src/install/share/rclc_lifecycle/package.dsv
-- Installing: /home/fercikmate/ftn/osurv/espROSso/esp32try5/components/micro_ros_espidf_component/micro_ros_src/install/share/ament_index/resource_index/packages/rclc_lifecycle
-- Installing: /home/fercikmate/ftn/osurv/espROSso/esp32try5/components/micro_ros_espidf_component/micro_ros_src/install/share/rclc_lifecycle/cmake/rclc_lifecycleExport.cmake
-- Installing: /home/fercikmate/ftn/osurv/espROSso/esp32try5/components/micro_ros_espidf_component/micro_ros_src/install/share/rclc_lifecycle/cmake/rclc_lifecycleExport-release.cmake
-- Installing: /home/fercikmate/ftn/osurv/espROSso/esp32try5/components/micro_ros_espidf_component/micro_ros_src/install/share/rclc_lifecycle/cmake/ament_cmake_export_include_directories-extras.cmake
-- Installing: /home/fercikmate/ftn/osurv/espROSso/esp32try5/components/micro_ros_espidf_component/micro_ros_src/install/share/rclc_lifecycle/cmake/ament_cmake_export_libraries-extras.cmake
-- Installing: /home/fercikmate/ftn/osurv/espROSso/esp32try5/components/micro_ros_espidf_component/micro_ros_src/install/share/rclc_lifecycle/cmake/ament_cmake_export_targets-extras.cmake
-- Installing: /home/fercikmate/ftn/osurv/espROSso/esp32try5/components/micro_ros_espidf_component/micro_ros_src/install/share/rclc_lifecycle/cmake/ament_cmake_export_dependencies-extras.cmake
-- Installing: /home/fercikmate/ftn/osurv/espROSso/esp32try5/components/micro_ros_espidf_component/micro_ros_src/install/share/rclc_lifecycle/cmake/rclc_lifecycleConfig.cmake
-- Installing: /home/fercikmate/ftn/osurv/espROSso/esp32try5/components/micro_ros_espidf_component/micro_ros_src/install/share/rclc_lifecycle/cmake/rclc_lifecycleConfig-version.cmake
-- Installing: /home/fercikmate/ftn/osurv/espROSso/esp32try5/components/micro_ros_espidf_component/micro_ros_src/install/share/rclc_lifecycle/package.xml
