/home/fercikmate/ftn/osurv/espROSso/esp32try5/components/micro_ros_espidf_component/micro_ros_src/install/lib/python3.10/site-packages/ros2trace/__init__.py
/home/fercikmate/ftn/osurv/espROSso/esp32try5/components/micro_ros_espidf_component/micro_ros_src/install/lib/python3.10/site-packages/ros2trace/command/trace.py
/home/fercikmate/ftn/osurv/espROSso/esp32try5/components/micro_ros_espidf_component/micro_ros_src/install/lib/python3.10/site-packages/ros2trace/command/__init__.py
/home/fercikmate/ftn/osurv/espROSso/esp32try5/components/micro_ros_espidf_component/micro_ros_src/install/lib/python3.10/site-packages/ros2trace/api/__init__.py
/home/fercikmate/ftn/osurv/espROSso/esp32try5/components/micro_ros_espidf_component/micro_ros_src/install/lib/python3.10/site-packages/ros2trace/verb/pause.py
/home/fercikmate/ftn/osurv/espROSso/esp32try5/components/micro_ros_espidf_component/micro_ros_src/install/lib/python3.10/site-packages/ros2trace/verb/start.py
/home/fercikmate/ftn/osurv/espROSso/esp32try5/components/micro_ros_espidf_component/micro_ros_src/install/lib/python3.10/site-packages/ros2trace/verb/__init__.py
/home/fercikmate/ftn/osurv/espROSso/esp32try5/components/micro_ros_espidf_component/micro_ros_src/install/lib/python3.10/site-packages/ros2trace/verb/stop.py
/home/fercikmate/ftn/osurv/espROSso/esp32try5/components/micro_ros_espidf_component/micro_ros_src/install/lib/python3.10/site-packages/ros2trace/verb/resume.py
/home/fercikmate/ftn/osurv/espROSso/esp32try5/components/micro_ros_espidf_component/micro_ros_src/install/lib/python3.10/site-packages/ros2trace/py.typed
/home/fercikmate/ftn/osurv/espROSso/esp32try5/components/micro_ros_espidf_component/micro_ros_src/install/lib/python3.10/site-packages/ros2trace/__pycache__/__init__.cpython-310.pyc
/home/fercikmate/ftn/osurv/espROSso/esp32try5/components/micro_ros_espidf_component/micro_ros_src/install/lib/python3.10/site-packages/ros2trace/command/__pycache__/trace.cpython-310.pyc
/home/fercikmate/ftn/osurv/espROSso/esp32try5/components/micro_ros_espidf_component/micro_ros_src/install/lib/python3.10/site-packages/ros2trace/command/__pycache__/__init__.cpython-310.pyc
/home/fercikmate/ftn/osurv/espROSso/esp32try5/components/micro_ros_espidf_component/micro_ros_src/install/lib/python3.10/site-packages/ros2trace/api/__pycache__/__init__.cpython-310.pyc
/home/fercikmate/ftn/osurv/espROSso/esp32try5/components/micro_ros_espidf_component/micro_ros_src/install/lib/python3.10/site-packages/ros2trace/verb/__pycache__/pause.cpython-310.pyc
/home/fercikmate/ftn/osurv/espROSso/esp32try5/components/micro_ros_espidf_component/micro_ros_src/install/lib/python3.10/site-packages/ros2trace/verb/__pycache__/start.cpython-310.pyc
/home/fercikmate/ftn/osurv/espROSso/esp32try5/components/micro_ros_espidf_component/micro_ros_src/install/lib/python3.10/site-packages/ros2trace/verb/__pycache__/__init__.cpython-310.pyc
/home/fercikmate/ftn/osurv/espROSso/esp32try5/components/micro_ros_espidf_component/micro_ros_src/install/lib/python3.10/site-packages/ros2trace/verb/__pycache__/stop.cpython-310.pyc
/home/fercikmate/ftn/osurv/espROSso/esp32try5/components/micro_ros_espidf_component/micro_ros_src/install/lib/python3.10/site-packages/ros2trace/verb/__pycache__/resume.cpython-310.pyc
/home/fercikmate/ftn/osurv/espROSso/esp32try5/components/micro_ros_espidf_component/micro_ros_src/install/share/ros2trace/package.xml
/home/fercikmate/ftn/osurv/espROSso/esp32try5/components/micro_ros_espidf_component/micro_ros_src/install/share/ament_index/resource_index/packages/ros2trace
/home/fercikmate/ftn/osurv/espROSso/esp32try5/components/micro_ros_espidf_component/micro_ros_src/install/lib/python3.10/site-packages/ros2trace-8.6.0-py3.10.egg-info/zip-safe
/home/fercikmate/ftn/osurv/espROSso/esp32try5/components/micro_ros_espidf_component/micro_ros_src/install/lib/python3.10/site-packages/ros2trace-8.6.0-py3.10.egg-info/entry_points.txt
/home/fercikmate/ftn/osurv/espROSso/esp32try5/components/micro_ros_espidf_component/micro_ros_src/install/lib/python3.10/site-packages/ros2trace-8.6.0-py3.10.egg-info/PKG-INFO
/home/fercikmate/ftn/osurv/espROSso/esp32try5/components/micro_ros_espidf_component/micro_ros_src/install/lib/python3.10/site-packages/ros2trace-8.6.0-py3.10.egg-info/requires.txt
/home/fercikmate/ftn/osurv/espROSso/esp32try5/components/micro_ros_espidf_component/micro_ros_src/install/lib/python3.10/site-packages/ros2trace-8.6.0-py3.10.egg-info/top_level.txt
/home/fercikmate/ftn/osurv/espROSso/esp32try5/components/micro_ros_espidf_component/micro_ros_src/install/lib/python3.10/site-packages/ros2trace-8.6.0-py3.10.egg-info/SOURCES.txt
/home/fercikmate/ftn/osurv/espROSso/esp32try5/components/micro_ros_espidf_component/micro_ros_src/install/lib/python3.10/site-packages/ros2trace-8.6.0-py3.10.egg-info/dependency_links.txt
