/home/fercikmate/ftn/osurv/espROSso/esp32try5/components/micro_ros_espidf_component/micro_ros_src/install/lib/python3.10/site-packages/rosidl_cmake/__init__.py:19: UserWarning: The 'rosidl_cmake' Python module is deprecated. Use 'rosidl_pycommon' instead.
  warnings.warn(
In file included from /home/fercikmate/ftn/osurv/espROSso/esp32try5/components/micro_ros_espidf_component/micro_ros_src/build/nav_msgs/rosidl_typesupport_microxrcedds_c/nav_msgs/msg/detail/microxrcedds/grid_cells__type_support_c.c:9:
/home/fercikmate/esp/esp-idf/components/esp_libc/platform_include/stdio.h:10:2: warning: '#include_next' is a GCC extension [-Wpedantic]
   10 | #include_next <stdio.h>
      |  ^~~~~~~~~~~~
In file included from /home/fercikmate/ftn/osurv/espROSso/esp32try5/components/micro_ros_espidf_component/micro_ros_src/build/nav_msgs/rosidl_typesupport_microxrcedds_c/nav_msgs/msg/detail/microxrcedds/path__type_support_c.c:9:
/home/fercikmate/esp/esp-idf/components/esp_libc/platform_include/stdio.h:10:2: warning: '#include_next' is a GCC extension [-Wpedantic]
   10 | #include_next <stdio.h>
      |  ^~~~~~~~~~~~
In file included from /home/fercikmate/ftn/osurv/espROSso/esp32try5/components/micro_ros_espidf_component/micro_ros_src/build/nav_msgs/rosidl_typesupport_microxrcedds_c/nav_msgs/msg/detail/microxrcedds/odometry__type_support_c.c:9:
/home/fercikmate/esp/esp-idf/components/esp_libc/platform_include/stdio.h:10:2: warning: '#include_next' is a GCC extension [-Wpedantic]
   10 | #include_next <stdio.h>
      |  ^~~~~~~~~~~~
In file included from /home/fercikmate/ftn/osurv/espROSso/esp32try5/components/micro_ros_espidf_component/micro_ros_src/build/nav_msgs/rosidl_typesupport_microxrcedds_c/nav_msgs/srv/detail/microxrcedds/set_map__type_support_c.c:9:
/home/fercikmate/esp/esp-idf/components/esp_libc/platform_include/stdio.h:10:2: warning: '#include_next' is a GCC extension [-Wpedantic]
   10 | #include_next <stdio.h>
      |  ^~~~~~~~~~~~
In file included from /home/fercikmate/ftn/osurv/espROSso/esp32try5/components/micro_ros_espidf_component/micro_ros_src/build/nav_msgs/rosidl_typesupport_microxrcedds_c/nav_msgs/srv/detail/microxrcedds/get_plan__type_support_c.c:9:
/home/fercikmate/esp/esp-idf/components/esp_libc/platform_include/stdio.h:10:2: warning: '#include_next' is a GCC extension [-Wpedantic]
   10 | #include_next <stdio.h>
      |  ^~~~~~~~~~~~
In file included from /home/fercikmate/ftn/osurv/espROSso/esp32try5/components/micro_ros_espidf_component/micro_ros_src/build/nav_msgs/rosidl_typesupport_microxrcedds_c/nav_msgs/srv/detail/microxrcedds/get_map__type_support_c.c:9:
/home/fercikmate/esp/esp-idf/components/esp_libc/platform_include/stdio.h:10:2: warning: '#include_next' is a GCC extension [-Wpedantic]
   10 | #include_next <stdio.h>
      |  ^~~~~~~~~~~~
In file included from /home/fercikmate/ftn/osurv/espROSso/esp32try5/components/micro_ros_espidf_component/micro_ros_src/build/nav_msgs/rosidl_typesupport_microxrcedds_c/nav_msgs/msg/detail/microxrcedds/map_meta_data__type_support_c.c:9:
/home/fercikmate/esp/esp-idf/components/esp_libc/platform_include/stdio.h:10:2: warning: '#include_next' is a GCC extension [-Wpedantic]
   10 | #include_next <stdio.h>
      |  ^~~~~~~~~~~~
In file included from /home/fercikmate/ftn/osurv/espROSso/esp32try5/components/micro_ros_espidf_component/micro_ros_src/build/nav_msgs/rosidl_typesupport_microxrcedds_c/nav_msgs/msg/detail/microxrcedds/occupancy_grid__type_support_c.c:9:
/home/fercikmate/esp/esp-idf/components/esp_libc/platform_include/stdio.h:10:2: warning: '#include_next' is a GCC extension [-Wpedantic]
   10 | #include_next <stdio.h>
      |  ^~~~~~~~~~~~
In file included from /home/fercikmate/ftn/osurv/espROSso/esp32try5/components/micro_ros_espidf_component/micro_ros_src/build/nav_msgs/rosidl_typesupport_microxrcedds_c/nav_msgs/msg/detail/microxrcedds/goals__type_support_c.c:9:
/home/fercikmate/esp/esp-idf/components/esp_libc/platform_include/stdio.h:10:2: warning: '#include_next' is a GCC extension [-Wpedantic]
   10 | #include_next <stdio.h>
      |  ^~~~~~~~~~~~
In file included from /home/fercikmate/ftn/osurv/espROSso/esp32try5/components/micro_ros_espidf_component/micro_ros_src/build/nav_msgs/rosidl_typesupport_microxrcedds_c/nav_msgs/srv/detail/microxrcedds/load_map__type_support_c.c:9:
/home/fercikmate/esp/esp-idf/components/esp_libc/platform_include/stdio.h:10:2: warning: '#include_next' is a GCC extension [-Wpedantic]
   10 | #include_next <stdio.h>
      |  ^~~~~~~~~~~~
