[0.341s] Invoking command in '/home/fercikmate/ftn/osurv/espROSso/esp_ws/firmware/mcu_ws/build/tracetools': CMAKE_PREFIX_PATH=${CMAKE_PREFIX_PATH}:/home/fercikmate/ftn/osurv/espROSso/esp_ws/firmware/dev_ws/install/ament_uncrustify:/home/fercikmate/ftn/osurv/espROSso/esp_ws/firmware/dev_ws/install/domain_coordinator:/home/fercikmate/ftn/osurv/espROSso/esp_ws/firmware/dev_ws/install/ament_xmllint:/home/fercikmate/ftn/osurv/espROSso/esp_ws/firmware/dev_ws/install/ament_pyflakes:/home/fercikmate/ftn/osurv/espROSso/esp_ws/firmware/dev_ws/install/ament_pycodestyle:/home/fercikmate/ftn/osurv/espROSso/esp_ws/firmware/dev_ws/install/ament_pep257:/home/fercikmate/ftn/osurv/espROSso/esp_ws/firmware/dev_ws/install/ament_pclint:/home/fercikmate/ftn/osurv/espROSso/esp_ws/firmware/dev_ws/install/ament_package:/home/fercikmate/ftn/osurv/espROSso/esp_ws/firmware/dev_ws/install/ament_mypy:/home/fercikmate/ftn/osurv/espROSso/esp_ws/firmware/dev_ws/install/ament_lint_cmake:/home/fercikmate/ftn/osurv/espROSso/esp_ws/firmware/dev_ws/install/ament_flake8:/home/fercikmate/ftn/osurv/espROSso/esp_ws/firmware/dev_ws/install/ament_copyright:/home/fercikmate/ftn/osurv/espROSso/esp_ws/firmware/dev_ws/install/ament_lint:/home/fercikmate/ftn/osurv/espROSso/esp_ws/firmware/dev_ws/install/ament_index_python:/home/fercikmate/ftn/osurv/espROSso/esp_ws/firmware/dev_ws/install/ament_cpplint:/home/fercikmate/ftn/osurv/espROSso/esp_ws/firmware/dev_ws/install/ament_cppcheck:/home/fercikmate/ftn/osurv/espROSso/esp_ws/firmware/dev_ws/install/ament_clang_tidy:/home/fercikmate/ftn/osurv/espROSso/esp_ws/firmware/dev_ws/install/ament_clang_format /usr/bin/cmake /home/fercikmate/ftn/osurv/espROSso/esp_ws/firmware/mcu_ws/uros/tracetools/tracetools --no-warn-unused-cli -DCMAKE_POSITION_INDEPENDENT_CODE:BOOL=OFF -DTHIRDPARTY=ON -DBUILD_SHARED_LIBS=OFF -DBUILD_TESTING=OFF -DCMAKE_BUILD_TYPE=Debug -DCMAKE_TOOLCHAIN_FILE=/home/fercikmate/ftn/osurv/espROSso/esp_ws/firmware/freertos_apps/microros_esp32_extensions/esp32_toolchain.cmake -DCMAKE_VERBOSE_MAKEFILE=ON -DTRACETOOLS_DISABLED=ON -DTRACETOOLS_STATUS_CHECKING_TOOL=OFF -DCMAKE_INSTALL_PREFIX=/home/fercikmate/ftn/osurv/espROSso/esp_ws/firmware/mcu_ws/install
[0.348s] Not searching for unused variables given on the command line.
[0.535s] -- The C compiler identification is GNU 8.2.0
[2.076s] -- The CXX compiler identification is GNU 8.2.0
[2.410s] -- Detecting C compiler ABI info
[2.547s] -- Detecting C compiler ABI info - done
[2.556s] -- Check for working C compiler: /home/fercikmate/ftn/osurv/espROSso/esp_ws/firmware/toolchain/espressif/tools/xtensa-esp32-elf/esp-2020r2-8.2.0/xtensa-esp32-elf/bin/xtensa-esp32-elf-gcc - skipped
[2.556s] -- Detecting C compile features
[2.556s] -- Detecting C compile features - done
[2.563s] -- Detecting CXX compiler ABI info
[2.729s] -- Detecting CXX compiler ABI info - done
[2.741s] -- Check for working CXX compiler: /home/fercikmate/ftn/osurv/espROSso/esp_ws/firmware/toolchain/espressif/tools/xtensa-esp32-elf/esp-2020r2-8.2.0/xtensa-esp32-elf/bin/xtensa-esp32-elf-g++ - skipped
[2.742s] -- Detecting CXX compile features
[2.743s] -- Detecting CXX compile features - done
[2.745s] -- Found ament_cmake_ros: 0.10.0 (/home/fercikmate/ftn/osurv/espROSso/esp_ws/firmware/dev_ws/install/ament_cmake_ros/share/ament_cmake_ros/cmake)
[3.330s] -- Found Python3: /home/fercikmate/ftn/osurv/espROSso/esp_ws/firmware/toolchain/espressif/python_env/idf4.1_py3.10_env/bin/python3 (found version "3.10.12") found components: Interpreter 
[3.846s] -- Configuring done
[3.882s] -- Generating done
[3.883s] -- Build files have been written to: /home/fercikmate/ftn/osurv/espROSso/esp_ws/firmware/mcu_ws/build/tracetools
[3.905s] Invoked command in '/home/fercikmate/ftn/osurv/espROSso/esp_ws/firmware/mcu_ws/build/tracetools' returned '0': CMAKE_PREFIX_PATH=${CMAKE_PREFIX_PATH}:/home/fercikmate/ftn/osurv/espROSso/esp_ws/firmware/dev_ws/install/ament_uncrustify:/home/fercikmate/ftn/osurv/espROSso/esp_ws/firmware/dev_ws/install/domain_coordinator:/home/fercikmate/ftn/osurv/espROSso/esp_ws/firmware/dev_ws/install/ament_xmllint:/home/fercikmate/ftn/osurv/espROSso/esp_ws/firmware/dev_ws/install/ament_pyflakes:/home/fercikmate/ftn/osurv/espROSso/esp_ws/firmware/dev_ws/install/ament_pycodestyle:/home/fercikmate/ftn/osurv/espROSso/esp_ws/firmware/dev_ws/install/ament_pep257:/home/fercikmate/ftn/osurv/espROSso/esp_ws/firmware/dev_ws/install/ament_pclint:/home/fercikmate/ftn/osurv/espROSso/esp_ws/firmware/dev_ws/install/ament_package:/home/fercikmate/ftn/osurv/espROSso/esp_ws/firmware/dev_ws/install/ament_mypy:/home/fercikmate/ftn/osurv/espROSso/esp_ws/firmware/dev_ws/install/ament_lint_cmake:/home/fercikmate/ftn/osurv/espROSso/esp_ws/firmware/dev_ws/install/ament_flake8:/home/fercikmate/ftn/osurv/espROSso/esp_ws/firmware/dev_ws/install/ament_copyright:/home/fercikmate/ftn/osurv/espROSso/esp_ws/firmware/dev_ws/install/ament_lint:/home/fercikmate/ftn/osurv/espROSso/esp_ws/firmware/dev_ws/install/ament_index_python:/home/fercikmate/ftn/osurv/espROSso/esp_ws/firmware/dev_ws/install/ament_cpplint:/home/fercikmate/ftn/osurv/espROSso/esp_ws/firmware/dev_ws/install/ament_cppcheck:/home/fercikmate/ftn/osurv/espROSso/esp_ws/firmware/dev_ws/install/ament_clang_tidy:/home/fercikmate/ftn/osurv/espROSso/esp_ws/firmware/dev_ws/install/ament_clang_format /usr/bin/cmake /home/fercikmate/ftn/osurv/espROSso/esp_ws/firmware/mcu_ws/uros/tracetools/tracetools --no-warn-unused-cli -DCMAKE_POSITION_INDEPENDENT_CODE:BOOL=OFF -DTHIRDPARTY=ON -DBUILD_SHARED_LIBS=OFF -DBUILD_TESTING=OFF -DCMAKE_BUILD_TYPE=Debug -DCMAKE_TOOLCHAIN_FILE=/home/fercikmate/ftn/osurv/espROSso/esp_ws/firmware/freertos_apps/microros_esp32_extensions/esp32_toolchain.cmake -DCMAKE_VERBOSE_MAKEFILE=ON -DTRACETOOLS_DISABLED=ON -DTRACETOOLS_STATUS_CHECKING_TOOL=OFF -DCMAKE_INSTALL_PREFIX=/home/fercikmate/ftn/osurv/espROSso/esp_ws/firmware/mcu_ws/install
[3.914s] Invoking command in '/home/fercikmate/ftn/osurv/espROSso/esp_ws/firmware/mcu_ws/build/tracetools': CMAKE_PREFIX_PATH=${CMAKE_PREFIX_PATH}:/home/fercikmate/ftn/osurv/espROSso/esp_ws/firmware/dev_ws/install/ament_uncrustify:/home/fercikmate/ftn/osurv/espROSso/esp_ws/firmware/dev_ws/install/domain_coordinator:/home/fercikmate/ftn/osurv/espROSso/esp_ws/firmware/dev_ws/install/ament_xmllint:/home/fercikmate/ftn/osurv/espROSso/esp_ws/firmware/dev_ws/install/ament_pyflakes:/home/fercikmate/ftn/osurv/espROSso/esp_ws/firmware/dev_ws/install/ament_pycodestyle:/home/fercikmate/ftn/osurv/espROSso/esp_ws/firmware/dev_ws/install/ament_pep257:/home/fercikmate/ftn/osurv/espROSso/esp_ws/firmware/dev_ws/install/ament_pclint:/home/fercikmate/ftn/osurv/espROSso/esp_ws/firmware/dev_ws/install/ament_package:/home/fercikmate/ftn/osurv/espROSso/esp_ws/firmware/dev_ws/install/ament_mypy:/home/fercikmate/ftn/osurv/espROSso/esp_ws/firmware/dev_ws/install/ament_lint_cmake:/home/fercikmate/ftn/osurv/espROSso/esp_ws/firmware/dev_ws/install/ament_flake8:/home/fercikmate/ftn/osurv/espROSso/esp_ws/firmware/dev_ws/install/ament_copyright:/home/fercikmate/ftn/osurv/espROSso/esp_ws/firmware/dev_ws/install/ament_lint:/home/fercikmate/ftn/osurv/espROSso/esp_ws/firmware/dev_ws/install/ament_index_python:/home/fercikmate/ftn/osurv/espROSso/esp_ws/firmware/dev_ws/install/ament_cpplint:/home/fercikmate/ftn/osurv/espROSso/esp_ws/firmware/dev_ws/install/ament_cppcheck:/home/fercikmate/ftn/osurv/espROSso/esp_ws/firmware/dev_ws/install/ament_clang_tidy:/home/fercikmate/ftn/osurv/espROSso/esp_ws/firmware/dev_ws/install/ament_clang_format /usr/bin/cmake --build /home/fercikmate/ftn/osurv/espROSso/esp_ws/firmware/mcu_ws/build/tracetools -- -j8 -l8
[3.964s] gmake[4]: Entering directory '/home/fercikmate/ftn/osurv/espROSso/esp_ws/firmware/mcu_ws/build/tracetools'
[3.964s] /usr/bin/cmake -S/home/fercikmate/ftn/osurv/espROSso/esp_ws/firmware/mcu_ws/uros/tracetools/tracetools -B/home/fercikmate/ftn/osurv/espROSso/esp_ws/firmware/mcu_ws/build/tracetools --check-build-system CMakeFiles/Makefile.cmake 0
[4.045s] /usr/bin/cmake -E cmake_progress_start /home/fercikmate/ftn/osurv/espROSso/esp_ws/firmware/mcu_ws/build/tracetools/CMakeFiles /home/fercikmate/ftn/osurv/espROSso/esp_ws/firmware/mcu_ws/build/tracetools//CMakeFiles/progress.marks
[4.109s] /usr/bin/gmake  -f CMakeFiles/Makefile2 all
[4.109s] gmake[5]: Entering directory '/home/fercikmate/ftn/osurv/espROSso/esp_ws/firmware/mcu_ws/build/tracetools'
[4.110s] gmake[5]: Nothing to be done for 'all'.
[4.110s] gmake[5]: Leaving directory '/home/fercikmate/ftn/osurv/espROSso/esp_ws/firmware/mcu_ws/build/tracetools'
[4.110s] /usr/bin/cmake -E cmake_progress_start /home/fercikmate/ftn/osurv/espROSso/esp_ws/firmware/mcu_ws/build/tracetools/CMakeFiles 0
[4.145s] gmake[4]: Leaving directory '/home/fercikmate/ftn/osurv/espROSso/esp_ws/firmware/mcu_ws/build/tracetools'
[4.164s] Invoked command in '/home/fercikmate/ftn/osurv/espROSso/esp_ws/firmware/mcu_ws/build/tracetools' returned '0': CMAKE_PREFIX_PATH=${CMAKE_PREFIX_PATH}:/home/fercikmate/ftn/osurv/espROSso/esp_ws/firmware/dev_ws/install/ament_uncrustify:/home/fercikmate/ftn/osurv/espROSso/esp_ws/firmware/dev_ws/install/domain_coordinator:/home/fercikmate/ftn/osurv/espROSso/esp_ws/firmware/dev_ws/install/ament_xmllint:/home/fercikmate/ftn/osurv/espROSso/esp_ws/firmware/dev_ws/install/ament_pyflakes:/home/fercikmate/ftn/osurv/espROSso/esp_ws/firmware/dev_ws/install/ament_pycodestyle:/home/fercikmate/ftn/osurv/espROSso/esp_ws/firmware/dev_ws/install/ament_pep257:/home/fercikmate/ftn/osurv/espROSso/esp_ws/firmware/dev_ws/install/ament_pclint:/home/fercikmate/ftn/osurv/espROSso/esp_ws/firmware/dev_ws/install/ament_package:/home/fercikmate/ftn/osurv/espROSso/esp_ws/firmware/dev_ws/install/ament_mypy:/home/fercikmate/ftn/osurv/espROSso/esp_ws/firmware/dev_ws/install/ament_lint_cmake:/home/fercikmate/ftn/osurv/espROSso/esp_ws/firmware/dev_ws/install/ament_flake8:/home/fercikmate/ftn/osurv/espROSso/esp_ws/firmware/dev_ws/install/ament_copyright:/home/fercikmate/ftn/osurv/espROSso/esp_ws/firmware/dev_ws/install/ament_lint:/home/fercikmate/ftn/osurv/espROSso/esp_ws/firmware/dev_ws/install/ament_index_python:/home/fercikmate/ftn/osurv/espROSso/esp_ws/firmware/dev_ws/install/ament_cpplint:/home/fercikmate/ftn/osurv/espROSso/esp_ws/firmware/dev_ws/install/ament_cppcheck:/home/fercikmate/ftn/osurv/espROSso/esp_ws/firmware/dev_ws/install/ament_clang_tidy:/home/fercikmate/ftn/osurv/espROSso/esp_ws/firmware/dev_ws/install/ament_clang_format /usr/bin/cmake --build /home/fercikmate/ftn/osurv/espROSso/esp_ws/firmware/mcu_ws/build/tracetools -- -j8 -l8
[4.166s] Invoking command in '/home/fercikmate/ftn/osurv/espROSso/esp_ws/firmware/mcu_ws/build/tracetools': CMAKE_PREFIX_PATH=${CMAKE_PREFIX_PATH}:/home/fercikmate/ftn/osurv/espROSso/esp_ws/firmware/dev_ws/install/ament_uncrustify:/home/fercikmate/ftn/osurv/espROSso/esp_ws/firmware/dev_ws/install/domain_coordinator:/home/fercikmate/ftn/osurv/espROSso/esp_ws/firmware/dev_ws/install/ament_xmllint:/home/fercikmate/ftn/osurv/espROSso/esp_ws/firmware/dev_ws/install/ament_pyflakes:/home/fercikmate/ftn/osurv/espROSso/esp_ws/firmware/dev_ws/install/ament_pycodestyle:/home/fercikmate/ftn/osurv/espROSso/esp_ws/firmware/dev_ws/install/ament_pep257:/home/fercikmate/ftn/osurv/espROSso/esp_ws/firmware/dev_ws/install/ament_pclint:/home/fercikmate/ftn/osurv/espROSso/esp_ws/firmware/dev_ws/install/ament_package:/home/fercikmate/ftn/osurv/espROSso/esp_ws/firmware/dev_ws/install/ament_mypy:/home/fercikmate/ftn/osurv/espROSso/esp_ws/firmware/dev_ws/install/ament_lint_cmake:/home/fercikmate/ftn/osurv/espROSso/esp_ws/firmware/dev_ws/install/ament_flake8:/home/fercikmate/ftn/osurv/espROSso/esp_ws/firmware/dev_ws/install/ament_copyright:/home/fercikmate/ftn/osurv/espROSso/esp_ws/firmware/dev_ws/install/ament_lint:/home/fercikmate/ftn/osurv/espROSso/esp_ws/firmware/dev_ws/install/ament_index_python:/home/fercikmate/ftn/osurv/espROSso/esp_ws/firmware/dev_ws/install/ament_cpplint:/home/fercikmate/ftn/osurv/espROSso/esp_ws/firmware/dev_ws/install/ament_cppcheck:/home/fercikmate/ftn/osurv/espROSso/esp_ws/firmware/dev_ws/install/ament_clang_tidy:/home/fercikmate/ftn/osurv/espROSso/esp_ws/firmware/dev_ws/install/ament_clang_format /usr/bin/cmake --install /home/fercikmate/ftn/osurv/espROSso/esp_ws/firmware/mcu_ws/build/tracetools
[4.181s] -- Install configuration: "Debug"
[4.182s] -- Up-to-date: /home/fercikmate/ftn/osurv/espROSso/esp_ws/firmware/mcu_ws/install/include/tracetools
[4.182s] -- Installing: /home/fercikmate/ftn/osurv/espROSso/esp_ws/firmware/mcu_ws/install/include/tracetools/tracetools
[4.191s] -- Installing: /home/fercikmate/ftn/osurv/espROSso/esp_ws/firmware/mcu_ws/install/include/tracetools/tracetools/visibility_control.hpp
[4.191s] -- Installing: /home/fercikmate/ftn/osurv/espROSso/esp_ws/firmware/mcu_ws/install/include/tracetools/tracetools/tracetools.h
[4.193s] -- Installing: /home/fercikmate/ftn/osurv/espROSso/esp_ws/firmware/mcu_ws/install/include/tracetools/tracetools/utils.hpp
[4.195s] -- Installing: /home/fercikmate/ftn/osurv/espROSso/esp_ws/firmware/mcu_ws/install/include/tracetools/tracetools/config.h
[4.195s] -- Installing: /home/fercikmate/ftn/osurv/espROSso/esp_ws/firmware/mcu_ws/install/share/ament_index/resource_index/package_run_dependencies/tracetools
[4.195s] -- Installing: /home/fercikmate/ftn/osurv/espROSso/esp_ws/firmware/mcu_ws/install/share/ament_index/resource_index/parent_prefix_path/tracetools
[4.195s] -- Installing: /home/fercikmate/ftn/osurv/espROSso/esp_ws/firmware/mcu_ws/install/share/tracetools/environment/ament_prefix_path.sh
[4.196s] -- Installing: /home/fercikmate/ftn/osurv/espROSso/esp_ws/firmware/mcu_ws/install/share/tracetools/environment/ament_prefix_path.dsv
[4.196s] -- Installing: /home/fercikmate/ftn/osurv/espROSso/esp_ws/firmware/mcu_ws/install/share/tracetools/environment/path.sh
[4.196s] -- Installing: /home/fercikmate/ftn/osurv/espROSso/esp_ws/firmware/mcu_ws/install/share/tracetools/environment/path.dsv
[4.196s] -- Installing: /home/fercikmate/ftn/osurv/espROSso/esp_ws/firmware/mcu_ws/install/share/tracetools/local_setup.bash
[4.196s] -- Installing: /home/fercikmate/ftn/osurv/espROSso/esp_ws/firmware/mcu_ws/install/share/tracetools/local_setup.sh
[4.196s] -- Installing: /home/fercikmate/ftn/osurv/espROSso/esp_ws/firmware/mcu_ws/install/share/tracetools/local_setup.zsh
[4.196s] -- Installing: /home/fercikmate/ftn/osurv/espROSso/esp_ws/firmware/mcu_ws/install/share/tracetools/local_setup.dsv
[4.196s] -- Installing: /home/fercikmate/ftn/osurv/espROSso/esp_ws/firmware/mcu_ws/install/share/tracetools/package.dsv
[4.197s] -- Installing: /home/fercikmate/ftn/osurv/espROSso/esp_ws/firmware/mcu_ws/install/share/ament_index/resource_index/packages/tracetools
[4.202s] -- Installing: /home/fercikmate/ftn/osurv/espROSso/esp_ws/firmware/mcu_ws/install/share/tracetools/cmake/tracetools_exportExport.cmake
[4.206s] -- Installing: /home/fercikmate/ftn/osurv/espROSso/esp_ws/firmware/mcu_ws/install/share/tracetools/cmake/ament_cmake_export_targets-extras.cmake
[4.206s] -- Installing: /home/fercikmate/ftn/osurv/espROSso/esp_ws/firmware/mcu_ws/install/share/tracetools/cmake/ament_cmake_export_include_directories-extras.cmake
[4.206s] -- Installing: /home/fercikmate/ftn/osurv/espROSso/esp_ws/firmware/mcu_ws/install/share/tracetools/cmake/tracetoolsConfig.cmake
[4.206s] -- Installing: /home/fercikmate/ftn/osurv/espROSso/esp_ws/firmware/mcu_ws/install/share/tracetools/cmake/tracetoolsConfig-version.cmake
[4.206s] -- Installing: /home/fercikmate/ftn/osurv/espROSso/esp_ws/firmware/mcu_ws/install/share/tracetools/package.xml
[4.296s] Invoked command in '/home/fercikmate/ftn/osurv/espROSso/esp_ws/firmware/mcu_ws/build/tracetools' returned '0': CMAKE_PREFIX_PATH=${CMAKE_PREFIX_PATH}:/home/fercikmate/ftn/osurv/espROSso/esp_ws/firmware/dev_ws/install/ament_uncrustify:/home/fercikmate/ftn/osurv/espROSso/esp_ws/firmware/dev_ws/install/domain_coordinator:/home/fercikmate/ftn/osurv/espROSso/esp_ws/firmware/dev_ws/install/ament_xmllint:/home/fercikmate/ftn/osurv/espROSso/esp_ws/firmware/dev_ws/install/ament_pyflakes:/home/fercikmate/ftn/osurv/espROSso/esp_ws/firmware/dev_ws/install/ament_pycodestyle:/home/fercikmate/ftn/osurv/espROSso/esp_ws/firmware/dev_ws/install/ament_pep257:/home/fercikmate/ftn/osurv/espROSso/esp_ws/firmware/dev_ws/install/ament_pclint:/home/fercikmate/ftn/osurv/espROSso/esp_ws/firmware/dev_ws/install/ament_package:/home/fercikmate/ftn/osurv/espROSso/esp_ws/firmware/dev_ws/install/ament_mypy:/home/fercikmate/ftn/osurv/espROSso/esp_ws/firmware/dev_ws/install/ament_lint_cmake:/home/fercikmate/ftn/osurv/espROSso/esp_ws/firmware/dev_ws/install/ament_flake8:/home/fercikmate/ftn/osurv/espROSso/esp_ws/firmware/dev_ws/install/ament_copyright:/home/fercikmate/ftn/osurv/espROSso/esp_ws/firmware/dev_ws/install/ament_lint:/home/fercikmate/ftn/osurv/espROSso/esp_ws/firmware/dev_ws/install/ament_index_python:/home/fercikmate/ftn/osurv/espROSso/esp_ws/firmware/dev_ws/install/ament_cpplint:/home/fercikmate/ftn/osurv/espROSso/esp_ws/firmware/dev_ws/install/ament_cppcheck:/home/fercikmate/ftn/osurv/espROSso/esp_ws/firmware/dev_ws/install/ament_clang_tidy:/home/fercikmate/ftn/osurv/espROSso/esp_ws/firmware/dev_ws/install/ament_clang_format /usr/bin/cmake --install /home/fercikmate/ftn/osurv/espROSso/esp_ws/firmware/mcu_ws/build/tracetools
