[3.257s] Invoking command in '/home/fercikmate/ftn/osurv/espROSso/esp_ws/firmware/mcu_ws/ros2/rosidl/rosidl_cli': PYTHONPATH=/home/fercikmate/ftn/osurv/espROSso/esp_ws/firmware/mcu_ws/build/rosidl_cli/prefix_override:/home/fercikmate/ftn/osurv/espROSso/esp_ws/firmware/toolchain/espressif/python_env/idf4.1_py3.10_env/lib/python3.10/site-packages/colcon_core/task/python/colcon_distutils_commands:/home/fercikmate/ftn/osurv/espROSso/esp_ws/firmware/mcu_ws/install/lib/python3.10/site-packages:${PYTHONPATH} /home/fercikmate/ftn/osurv/espROSso/esp_ws/firmware/toolchain/espressif/python_env/idf4.1_py3.10_env/bin/python -W ignore:setup.py install is deprecated -W ignore:easy_install command is deprecated setup.py egg_info --egg-base ../../../build/rosidl_cli build --build-base /home/fercikmate/ftn/osurv/espROSso/esp_ws/firmware/mcu_ws/build/rosidl_cli/build install --record /home/fercikmate/ftn/osurv/espROSso/esp_ws/firmware/mcu_ws/build/rosidl_cli/install.log --single-version-externally-managed install_data
[3.693s] running egg_info
[3.707s] creating ../../../build/rosidl_cli/rosidl_cli.egg-info
[3.712s] writing ../../../build/rosidl_cli/rosidl_cli.egg-info/PKG-INFO
[3.713s] writing dependency_links to ../../../build/rosidl_cli/rosidl_cli.egg-info/dependency_links.txt
[3.713s] writing entry points to ../../../build/rosidl_cli/rosidl_cli.egg-info/entry_points.txt
[3.713s] writing requirements to ../../../build/rosidl_cli/rosidl_cli.egg-info/requires.txt
[3.718s] writing top-level names to ../../../build/rosidl_cli/rosidl_cli.egg-info/top_level.txt
[3.719s] writing manifest file '../../../build/rosidl_cli/rosidl_cli.egg-info/SOURCES.txt'
[3.762s] reading manifest file '../../../build/rosidl_cli/rosidl_cli.egg-info/SOURCES.txt'
[3.768s] writing manifest file '../../../build/rosidl_cli/rosidl_cli.egg-info/SOURCES.txt'
[3.769s] running build
[3.772s] running build_py
[3.772s] creating /home/fercikmate/ftn/osurv/espROSso/esp_ws/firmware/mcu_ws/build/rosidl_cli/build/lib/rosidl_cli
[3.773s] copying rosidl_cli/entry_points.py -> /home/fercikmate/ftn/osurv/espROSso/esp_ws/firmware/mcu_ws/build/rosidl_cli/build/lib/rosidl_cli
[3.773s] copying rosidl_cli/cli.py -> /home/fercikmate/ftn/osurv/espROSso/esp_ws/firmware/mcu_ws/build/rosidl_cli/build/lib/rosidl_cli
[3.773s] copying rosidl_cli/common.py -> /home/fercikmate/ftn/osurv/espROSso/esp_ws/firmware/mcu_ws/build/rosidl_cli/build/lib/rosidl_cli
[3.776s] copying rosidl_cli/extensions.py -> /home/fercikmate/ftn/osurv/espROSso/esp_ws/firmware/mcu_ws/build/rosidl_cli/build/lib/rosidl_cli
[3.779s] copying rosidl_cli/__init__.py -> /home/fercikmate/ftn/osurv/espROSso/esp_ws/firmware/mcu_ws/build/rosidl_cli/build/lib/rosidl_cli
[3.782s] creating /home/fercikmate/ftn/osurv/espROSso/esp_ws/firmware/mcu_ws/build/rosidl_cli/build/lib/rosidl_cli/command
[3.785s] copying rosidl_cli/command/helpers.py -> /home/fercikmate/ftn/osurv/espROSso/esp_ws/firmware/mcu_ws/build/rosidl_cli/build/lib/rosidl_cli/command
[3.785s] copying rosidl_cli/command/__init__.py -> /home/fercikmate/ftn/osurv/espROSso/esp_ws/firmware/mcu_ws/build/rosidl_cli/build/lib/rosidl_cli/command
[3.787s] creating /home/fercikmate/ftn/osurv/espROSso/esp_ws/firmware/mcu_ws/build/rosidl_cli/build/lib/rosidl_cli/command/translate
[3.789s] copying rosidl_cli/command/translate/api.py -> /home/fercikmate/ftn/osurv/espROSso/esp_ws/firmware/mcu_ws/build/rosidl_cli/build/lib/rosidl_cli/command/translate
[3.794s] copying rosidl_cli/command/translate/extensions.py -> /home/fercikmate/ftn/osurv/espROSso/esp_ws/firmware/mcu_ws/build/rosidl_cli/build/lib/rosidl_cli/command/translate
[3.795s] copying rosidl_cli/command/translate/__init__.py -> /home/fercikmate/ftn/osurv/espROSso/esp_ws/firmware/mcu_ws/build/rosidl_cli/build/lib/rosidl_cli/command/translate
[3.797s] creating /home/fercikmate/ftn/osurv/espROSso/esp_ws/firmware/mcu_ws/build/rosidl_cli/build/lib/rosidl_cli/command/generate
[3.798s] copying rosidl_cli/command/generate/api.py -> /home/fercikmate/ftn/osurv/espROSso/esp_ws/firmware/mcu_ws/build/rosidl_cli/build/lib/rosidl_cli/command/generate
[3.802s] copying rosidl_cli/command/generate/extensions.py -> /home/fercikmate/ftn/osurv/espROSso/esp_ws/firmware/mcu_ws/build/rosidl_cli/build/lib/rosidl_cli/command/generate
[3.805s] copying rosidl_cli/command/generate/__init__.py -> /home/fercikmate/ftn/osurv/espROSso/esp_ws/firmware/mcu_ws/build/rosidl_cli/build/lib/rosidl_cli/command/generate
[3.806s] running install
[3.818s] running install_lib
[3.834s] creating /home/fercikmate/ftn/osurv/espROSso/esp_ws/firmware/mcu_ws/install/lib/python3.10/site-packages/rosidl_cli
[3.839s] creating /home/fercikmate/ftn/osurv/espROSso/esp_ws/firmware/mcu_ws/install/lib/python3.10/site-packages/rosidl_cli/command
[3.839s] copying /home/fercikmate/ftn/osurv/espROSso/esp_ws/firmware/mcu_ws/build/rosidl_cli/build/lib/rosidl_cli/command/helpers.py -> /home/fercikmate/ftn/osurv/espROSso/esp_ws/firmware/mcu_ws/install/lib/python3.10/site-packages/rosidl_cli/command
[3.839s] creating /home/fercikmate/ftn/osurv/espROSso/esp_ws/firmware/mcu_ws/install/lib/python3.10/site-packages/rosidl_cli/command/translate
[3.840s] copying /home/fercikmate/ftn/osurv/espROSso/esp_ws/firmware/mcu_ws/build/rosidl_cli/build/lib/rosidl_cli/command/translate/api.py -> /home/fercikmate/ftn/osurv/espROSso/esp_ws/firmware/mcu_ws/install/lib/python3.10/site-packages/rosidl_cli/command/translate
[3.840s] copying /home/fercikmate/ftn/osurv/espROSso/esp_ws/firmware/mcu_ws/build/rosidl_cli/build/lib/rosidl_cli/command/translate/extensions.py -> /home/fercikmate/ftn/osurv/espROSso/esp_ws/firmware/mcu_ws/install/lib/python3.10/site-packages/rosidl_cli/command/translate
[3.841s] copying /home/fercikmate/ftn/osurv/espROSso/esp_ws/firmware/mcu_ws/build/rosidl_cli/build/lib/rosidl_cli/command/translate/__init__.py -> /home/fercikmate/ftn/osurv/espROSso/esp_ws/firmware/mcu_ws/install/lib/python3.10/site-packages/rosidl_cli/command/translate
[3.841s] copying /home/fercikmate/ftn/osurv/espROSso/esp_ws/firmware/mcu_ws/build/rosidl_cli/build/lib/rosidl_cli/command/__init__.py -> /home/fercikmate/ftn/osurv/espROSso/esp_ws/firmware/mcu_ws/install/lib/python3.10/site-packages/rosidl_cli/command
[3.842s] creating /home/fercikmate/ftn/osurv/espROSso/esp_ws/firmware/mcu_ws/install/lib/python3.10/site-packages/rosidl_cli/command/generate
[3.844s] copying /home/fercikmate/ftn/osurv/espROSso/esp_ws/firmware/mcu_ws/build/rosidl_cli/build/lib/rosidl_cli/command/generate/api.py -> /home/fercikmate/ftn/osurv/espROSso/esp_ws/firmware/mcu_ws/install/lib/python3.10/site-packages/rosidl_cli/command/generate
[3.844s] copying /home/fercikmate/ftn/osurv/espROSso/esp_ws/firmware/mcu_ws/build/rosidl_cli/build/lib/rosidl_cli/command/generate/extensions.py -> /home/fercikmate/ftn/osurv/espROSso/esp_ws/firmware/mcu_ws/install/lib/python3.10/site-packages/rosidl_cli/command/generate
[3.844s] copying /home/fercikmate/ftn/osurv/espROSso/esp_ws/firmware/mcu_ws/build/rosidl_cli/build/lib/rosidl_cli/command/generate/__init__.py -> /home/fercikmate/ftn/osurv/espROSso/esp_ws/firmware/mcu_ws/install/lib/python3.10/site-packages/rosidl_cli/command/generate
[3.845s] copying /home/fercikmate/ftn/osurv/espROSso/esp_ws/firmware/mcu_ws/build/rosidl_cli/build/lib/rosidl_cli/entry_points.py -> /home/fercikmate/ftn/osurv/espROSso/esp_ws/firmware/mcu_ws/install/lib/python3.10/site-packages/rosidl_cli
[3.845s] copying /home/fercikmate/ftn/osurv/espROSso/esp_ws/firmware/mcu_ws/build/rosidl_cli/build/lib/rosidl_cli/cli.py -> /home/fercikmate/ftn/osurv/espROSso/esp_ws/firmware/mcu_ws/install/lib/python3.10/site-packages/rosidl_cli
[3.845s] copying /home/fercikmate/ftn/osurv/espROSso/esp_ws/firmware/mcu_ws/build/rosidl_cli/build/lib/rosidl_cli/common.py -> /home/fercikmate/ftn/osurv/espROSso/esp_ws/firmware/mcu_ws/install/lib/python3.10/site-packages/rosidl_cli
[3.846s] copying /home/fercikmate/ftn/osurv/espROSso/esp_ws/firmware/mcu_ws/build/rosidl_cli/build/lib/rosidl_cli/extensions.py -> /home/fercikmate/ftn/osurv/espROSso/esp_ws/firmware/mcu_ws/install/lib/python3.10/site-packages/rosidl_cli
[3.846s] copying /home/fercikmate/ftn/osurv/espROSso/esp_ws/firmware/mcu_ws/build/rosidl_cli/build/lib/rosidl_cli/__init__.py -> /home/fercikmate/ftn/osurv/espROSso/esp_ws/firmware/mcu_ws/install/lib/python3.10/site-packages/rosidl_cli
[3.849s] byte-compiling /home/fercikmate/ftn/osurv/espROSso/esp_ws/firmware/mcu_ws/install/lib/python3.10/site-packages/rosidl_cli/command/helpers.py to helpers.cpython-310.pyc
[3.856s] byte-compiling /home/fercikmate/ftn/osurv/espROSso/esp_ws/firmware/mcu_ws/install/lib/python3.10/site-packages/rosidl_cli/command/translate/api.py to api.cpython-310.pyc
[3.856s] byte-compiling /home/fercikmate/ftn/osurv/espROSso/esp_ws/firmware/mcu_ws/install/lib/python3.10/site-packages/rosidl_cli/command/translate/extensions.py to extensions.cpython-310.pyc
[3.857s] byte-compiling /home/fercikmate/ftn/osurv/espROSso/esp_ws/firmware/mcu_ws/install/lib/python3.10/site-packages/rosidl_cli/command/translate/__init__.py to __init__.cpython-310.pyc
[3.858s] byte-compiling /home/fercikmate/ftn/osurv/espROSso/esp_ws/firmware/mcu_ws/install/lib/python3.10/site-packages/rosidl_cli/command/__init__.py to __init__.cpython-310.pyc
[3.858s] byte-compiling /home/fercikmate/ftn/osurv/espROSso/esp_ws/firmware/mcu_ws/install/lib/python3.10/site-packages/rosidl_cli/command/generate/api.py to api.cpython-310.pyc
[3.861s] byte-compiling /home/fercikmate/ftn/osurv/espROSso/esp_ws/firmware/mcu_ws/install/lib/python3.10/site-packages/rosidl_cli/command/generate/extensions.py to extensions.cpython-310.pyc
[3.862s] byte-compiling /home/fercikmate/ftn/osurv/espROSso/esp_ws/firmware/mcu_ws/install/lib/python3.10/site-packages/rosidl_cli/command/generate/__init__.py to __init__.cpython-310.pyc
[3.863s] byte-compiling /home/fercikmate/ftn/osurv/espROSso/esp_ws/firmware/mcu_ws/install/lib/python3.10/site-packages/rosidl_cli/entry_points.py to entry_points.cpython-310.pyc
[3.868s] byte-compiling /home/fercikmate/ftn/osurv/espROSso/esp_ws/firmware/mcu_ws/install/lib/python3.10/site-packages/rosidl_cli/cli.py to cli.cpython-310.pyc
[3.870s] byte-compiling /home/fercikmate/ftn/osurv/espROSso/esp_ws/firmware/mcu_ws/install/lib/python3.10/site-packages/rosidl_cli/common.py to common.cpython-310.pyc
[3.871s] byte-compiling /home/fercikmate/ftn/osurv/espROSso/esp_ws/firmware/mcu_ws/install/lib/python3.10/site-packages/rosidl_cli/extensions.py to extensions.cpython-310.pyc
[3.873s] byte-compiling /home/fercikmate/ftn/osurv/espROSso/esp_ws/firmware/mcu_ws/install/lib/python3.10/site-packages/rosidl_cli/__init__.py to __init__.cpython-310.pyc
[3.874s] running install_data
[3.878s] copying resource/rosidl_cli -> /home/fercikmate/ftn/osurv/espROSso/esp_ws/firmware/mcu_ws/install/share/ament_index/resource_index/packages
[3.878s] copying package.xml -> /home/fercikmate/ftn/osurv/espROSso/esp_ws/firmware/mcu_ws/install/share/rosidl_cli
[3.879s] copying resource/package.dsv -> /home/fercikmate/ftn/osurv/espROSso/esp_ws/firmware/mcu_ws/install/share/rosidl_cli
[3.880s] creating /home/fercikmate/ftn/osurv/espROSso/esp_ws/firmware/mcu_ws/install/share/rosidl_cli/environment
[3.883s] copying completion/rosidl-argcomplete.bash -> /home/fercikmate/ftn/osurv/espROSso/esp_ws/firmware/mcu_ws/install/share/rosidl_cli/environment
[3.891s] copying completion/rosidl-argcomplete.zsh -> /home/fercikmate/ftn/osurv/espROSso/esp_ws/firmware/mcu_ws/install/share/rosidl_cli/environment
[3.899s] running install_egg_info
[3.935s] Copying ../../../build/rosidl_cli/rosidl_cli.egg-info to /home/fercikmate/ftn/osurv/espROSso/esp_ws/firmware/mcu_ws/install/lib/python3.10/site-packages/rosidl_cli-3.1.7-py3.10.egg-info
[3.936s] running install_scripts
[4.172s] Installing rosidl script to /home/fercikmate/ftn/osurv/espROSso/esp_ws/firmware/mcu_ws/install/bin
[4.172s] writing list of installed files to '/home/fercikmate/ftn/osurv/espROSso/esp_ws/firmware/mcu_ws/build/rosidl_cli/install.log'
[4.447s] Invoked command in '/home/fercikmate/ftn/osurv/espROSso/esp_ws/firmware/mcu_ws/ros2/rosidl/rosidl_cli' returned '0': PYTHONPATH=/home/fercikmate/ftn/osurv/espROSso/esp_ws/firmware/mcu_ws/build/rosidl_cli/prefix_override:/home/fercikmate/ftn/osurv/espROSso/esp_ws/firmware/toolchain/espressif/python_env/idf4.1_py3.10_env/lib/python3.10/site-packages/colcon_core/task/python/colcon_distutils_commands:/home/fercikmate/ftn/osurv/espROSso/esp_ws/firmware/mcu_ws/install/lib/python3.10/site-packages:${PYTHONPATH} /home/fercikmate/ftn/osurv/espROSso/esp_ws/firmware/toolchain/espressif/python_env/idf4.1_py3.10_env/bin/python -W ignore:setup.py install is deprecated -W ignore:easy_install command is deprecated setup.py egg_info --egg-base ../../../build/rosidl_cli build --build-base /home/fercikmate/ftn/osurv/espROSso/esp_ws/firmware/mcu_ws/build/rosidl_cli/build install --record /home/fercikmate/ftn/osurv/espROSso/esp_ws/firmware/mcu_ws/build/rosidl_cli/install.log --single-version-externally-managed install_data
