[5.607s] Invoking command in '/home/fercikmate/ftn/osurv/espROSso/esp32try5/components/micro_ros_espidf_component/micro_ros_src/src/ros2_tracing/tracetools_trace': PYTHONPATH=/home/fercikmate/ftn/osurv/espROSso/esp32try5/components/micro_ros_espidf_component/micro_ros_src/build/tracetools_trace/prefix_override:/home/fercikmate/.espressif/python_env/idf6.0_py3.10_env/lib/python3.10/site-packages/colcon_core/task/python/colcon_distutils_commands:/home/fercikmate/ftn/osurv/espROSso/esp32try5/components/micro_ros_espidf_component/micro_ros_src/install/lib/python3.10/site-packages:${PYTHONPATH} X_CFLAGS=-march=rv32imac_zicsr_zifencei_zaamo_zalrsc X_CXXFLAGS=-march=rv32imac_zicsr_zifencei_zaamo_zalrsc /home/fercikmate/.espressif/python_env/idf6.0_py3.10_env/bin/python -W ignore:setup.py install is deprecated -W ignore:easy_install command is deprecated setup.py egg_info --egg-base ../../../build/tracetools_trace build --build-base /home/fercikmate/ftn/osurv/espROSso/esp32try5/components/micro_ros_espidf_component/micro_ros_src/build/tracetools_trace/build install --record /home/fercikmate/ftn/osurv/espROSso/esp32try5/components/micro_ros_espidf_component/micro_ros_src/build/tracetools_trace/install.log --single-version-externally-managed install_data
[7.188s] running egg_info
[7.188s] creating ../../../build/tracetools_trace/tracetools_trace.egg-info
[7.188s] writing ../../../build/tracetools_trace/tracetools_trace.egg-info/PKG-INFO
[7.188s] writing dependency_links to ../../../build/tracetools_trace/tracetools_trace.egg-info/dependency_links.txt
[7.188s] writing entry points to ../../../build/tracetools_trace/tracetools_trace.egg-info/entry_points.txt
[7.188s] writing requirements to ../../../build/tracetools_trace/tracetools_trace.egg-info/requires.txt
[7.189s] writing top-level names to ../../../build/tracetools_trace/tracetools_trace.egg-info/top_level.txt
[7.189s] writing manifest file '../../../build/tracetools_trace/tracetools_trace.egg-info/SOURCES.txt'
[7.189s] reading manifest file '../../../build/tracetools_trace/tracetools_trace.egg-info/SOURCES.txt'
[7.189s] writing manifest file '../../../build/tracetools_trace/tracetools_trace.egg-info/SOURCES.txt'
[7.189s] running build
[7.190s] running build_py
[7.190s] creating /home/fercikmate/ftn/osurv/espROSso/esp32try5/components/micro_ros_espidf_component/micro_ros_src/build/tracetools_trace/build
[7.190s] creating /home/fercikmate/ftn/osurv/espROSso/esp32try5/components/micro_ros_espidf_component/micro_ros_src/build/tracetools_trace/build/lib
[7.190s] creating /home/fercikmate/ftn/osurv/espROSso/esp32try5/components/micro_ros_espidf_component/micro_ros_src/build/tracetools_trace/build/lib/tracetools_trace
[7.190s] copying tracetools_trace/trace.py -> /home/fercikmate/ftn/osurv/espROSso/esp32try5/components/micro_ros_espidf_component/micro_ros_src/build/tracetools_trace/build/lib/tracetools_trace
[7.190s] copying tracetools_trace/__init__.py -> /home/fercikmate/ftn/osurv/espROSso/esp32try5/components/micro_ros_espidf_component/micro_ros_src/build/tracetools_trace/build/lib/tracetools_trace
[7.191s] creating /home/fercikmate/ftn/osurv/espROSso/esp32try5/components/micro_ros_espidf_component/micro_ros_src/build/tracetools_trace/build/lib/tracetools_trace/tools
[7.191s] copying tracetools_trace/tools/signals.py -> /home/fercikmate/ftn/osurv/espROSso/esp32try5/components/micro_ros_espidf_component/micro_ros_src/build/tracetools_trace/build/lib/tracetools_trace/tools
[7.191s] copying tracetools_trace/tools/lttng_impl.py -> /home/fercikmate/ftn/osurv/espROSso/esp32try5/components/micro_ros_espidf_component/micro_ros_src/build/tracetools_trace/build/lib/tracetools_trace/tools
[7.191s] copying tracetools_trace/tools/tracepoints.py -> /home/fercikmate/ftn/osurv/espROSso/esp32try5/components/micro_ros_espidf_component/micro_ros_src/build/tracetools_trace/build/lib/tracetools_trace/tools
[7.191s] copying tracetools_trace/tools/lttng_stub.py -> /home/fercikmate/ftn/osurv/espROSso/esp32try5/components/micro_ros_espidf_component/micro_ros_src/build/tracetools_trace/build/lib/tracetools_trace/tools
[7.192s] copying tracetools_trace/tools/__init__.py -> /home/fercikmate/ftn/osurv/espROSso/esp32try5/components/micro_ros_espidf_component/micro_ros_src/build/tracetools_trace/build/lib/tracetools_trace/tools
[7.192s] copying tracetools_trace/tools/args.py -> /home/fercikmate/ftn/osurv/espROSso/esp32try5/components/micro_ros_espidf_component/micro_ros_src/build/tracetools_trace/build/lib/tracetools_trace/tools
[7.192s] copying tracetools_trace/tools/names.py -> /home/fercikmate/ftn/osurv/espROSso/esp32try5/components/micro_ros_espidf_component/micro_ros_src/build/tracetools_trace/build/lib/tracetools_trace/tools
[7.192s] copying tracetools_trace/tools/lttng.py -> /home/fercikmate/ftn/osurv/espROSso/esp32try5/components/micro_ros_espidf_component/micro_ros_src/build/tracetools_trace/build/lib/tracetools_trace/tools
[7.192s] copying tracetools_trace/tools/path.py -> /home/fercikmate/ftn/osurv/espROSso/esp32try5/components/micro_ros_espidf_component/micro_ros_src/build/tracetools_trace/build/lib/tracetools_trace/tools
[7.193s] copying tracetools_trace/py.typed -> /home/fercikmate/ftn/osurv/espROSso/esp32try5/components/micro_ros_espidf_component/micro_ros_src/build/tracetools_trace/build/lib/tracetools_trace
[7.193s] running install
[7.202s] running install_lib
[7.203s] creating /home/fercikmate/ftn/osurv/espROSso/esp32try5/components/micro_ros_espidf_component/micro_ros_src/install/lib/python3.10/site-packages/tracetools_trace
[7.204s] copying /home/fercikmate/ftn/osurv/espROSso/esp32try5/components/micro_ros_espidf_component/micro_ros_src/build/tracetools_trace/build/lib/tracetools_trace/trace.py -> /home/fercikmate/ftn/osurv/espROSso/esp32try5/components/micro_ros_espidf_component/micro_ros_src/install/lib/python3.10/site-packages/tracetools_trace
[7.204s] copying /home/fercikmate/ftn/osurv/espROSso/esp32try5/components/micro_ros_espidf_component/micro_ros_src/build/tracetools_trace/build/lib/tracetools_trace/py.typed -> /home/fercikmate/ftn/osurv/espROSso/esp32try5/components/micro_ros_espidf_component/micro_ros_src/install/lib/python3.10/site-packages/tracetools_trace
[7.205s] creating /home/fercikmate/ftn/osurv/espROSso/esp32try5/components/micro_ros_espidf_component/micro_ros_src/install/lib/python3.10/site-packages/tracetools_trace/tools
[7.205s] copying /home/fercikmate/ftn/osurv/espROSso/esp32try5/components/micro_ros_espidf_component/micro_ros_src/build/tracetools_trace/build/lib/tracetools_trace/tools/signals.py -> /home/fercikmate/ftn/osurv/espROSso/esp32try5/components/micro_ros_espidf_component/micro_ros_src/install/lib/python3.10/site-packages/tracetools_trace/tools
[7.205s] copying /home/fercikmate/ftn/osurv/espROSso/esp32try5/components/micro_ros_espidf_component/micro_ros_src/build/tracetools_trace/build/lib/tracetools_trace/tools/lttng_impl.py -> /home/fercikmate/ftn/osurv/espROSso/esp32try5/components/micro_ros_espidf_component/micro_ros_src/install/lib/python3.10/site-packages/tracetools_trace/tools
[7.205s] copying /home/fercikmate/ftn/osurv/espROSso/esp32try5/components/micro_ros_espidf_component/micro_ros_src/build/tracetools_trace/build/lib/tracetools_trace/tools/tracepoints.py -> /home/fercikmate/ftn/osurv/espROSso/esp32try5/components/micro_ros_espidf_component/micro_ros_src/install/lib/python3.10/site-packages/tracetools_trace/tools
[7.205s] copying /home/fercikmate/ftn/osurv/espROSso/esp32try5/components/micro_ros_espidf_component/micro_ros_src/build/tracetools_trace/build/lib/tracetools_trace/tools/lttng_stub.py -> /home/fercikmate/ftn/osurv/espROSso/esp32try5/components/micro_ros_espidf_component/micro_ros_src/install/lib/python3.10/site-packages/tracetools_trace/tools
[7.206s] copying /home/fercikmate/ftn/osurv/espROSso/esp32try5/components/micro_ros_espidf_component/micro_ros_src/build/tracetools_trace/build/lib/tracetools_trace/tools/__init__.py -> /home/fercikmate/ftn/osurv/espROSso/esp32try5/components/micro_ros_espidf_component/micro_ros_src/install/lib/python3.10/site-packages/tracetools_trace/tools
[7.206s] copying /home/fercikmate/ftn/osurv/espROSso/esp32try5/components/micro_ros_espidf_component/micro_ros_src/build/tracetools_trace/build/lib/tracetools_trace/tools/args.py -> /home/fercikmate/ftn/osurv/espROSso/esp32try5/components/micro_ros_espidf_component/micro_ros_src/install/lib/python3.10/site-packages/tracetools_trace/tools
[7.206s] copying /home/fercikmate/ftn/osurv/espROSso/esp32try5/components/micro_ros_espidf_component/micro_ros_src/build/tracetools_trace/build/lib/tracetools_trace/tools/names.py -> /home/fercikmate/ftn/osurv/espROSso/esp32try5/components/micro_ros_espidf_component/micro_ros_src/install/lib/python3.10/site-packages/tracetools_trace/tools
[7.206s] copying /home/fercikmate/ftn/osurv/espROSso/esp32try5/components/micro_ros_espidf_component/micro_ros_src/build/tracetools_trace/build/lib/tracetools_trace/tools/lttng.py -> /home/fercikmate/ftn/osurv/espROSso/esp32try5/components/micro_ros_espidf_component/micro_ros_src/install/lib/python3.10/site-packages/tracetools_trace/tools
[7.206s] copying /home/fercikmate/ftn/osurv/espROSso/esp32try5/components/micro_ros_espidf_component/micro_ros_src/build/tracetools_trace/build/lib/tracetools_trace/tools/path.py -> /home/fercikmate/ftn/osurv/espROSso/esp32try5/components/micro_ros_espidf_component/micro_ros_src/install/lib/python3.10/site-packages/tracetools_trace/tools
[7.207s] copying /home/fercikmate/ftn/osurv/espROSso/esp32try5/components/micro_ros_espidf_component/micro_ros_src/build/tracetools_trace/build/lib/tracetools_trace/__init__.py -> /home/fercikmate/ftn/osurv/espROSso/esp32try5/components/micro_ros_espidf_component/micro_ros_src/install/lib/python3.10/site-packages/tracetools_trace
[7.207s] byte-compiling /home/fercikmate/ftn/osurv/espROSso/esp32try5/components/micro_ros_espidf_component/micro_ros_src/install/lib/python3.10/site-packages/tracetools_trace/trace.py to trace.cpython-310.pyc
[7.207s] byte-compiling /home/fercikmate/ftn/osurv/espROSso/esp32try5/components/micro_ros_espidf_component/micro_ros_src/install/lib/python3.10/site-packages/tracetools_trace/tools/signals.py to signals.cpython-310.pyc
[7.207s] byte-compiling /home/fercikmate/ftn/osurv/espROSso/esp32try5/components/micro_ros_espidf_component/micro_ros_src/install/lib/python3.10/site-packages/tracetools_trace/tools/lttng_impl.py to lttng_impl.cpython-310.pyc
[7.207s] byte-compiling /home/fercikmate/ftn/osurv/espROSso/esp32try5/components/micro_ros_espidf_component/micro_ros_src/install/lib/python3.10/site-packages/tracetools_trace/tools/tracepoints.py to tracepoints.cpython-310.pyc
[7.207s] byte-compiling /home/fercikmate/ftn/osurv/espROSso/esp32try5/components/micro_ros_espidf_component/micro_ros_src/install/lib/python3.10/site-packages/tracetools_trace/tools/lttng_stub.py to lttng_stub.cpython-310.pyc
[7.208s] byte-compiling /home/fercikmate/ftn/osurv/espROSso/esp32try5/components/micro_ros_espidf_component/micro_ros_src/install/lib/python3.10/site-packages/tracetools_trace/tools/__init__.py to __init__.cpython-310.pyc
[7.208s] byte-compiling /home/fercikmate/ftn/osurv/espROSso/esp32try5/components/micro_ros_espidf_component/micro_ros_src/install/lib/python3.10/site-packages/tracetools_trace/tools/args.py to args.cpython-310.pyc
[7.208s] byte-compiling /home/fercikmate/ftn/osurv/espROSso/esp32try5/components/micro_ros_espidf_component/micro_ros_src/install/lib/python3.10/site-packages/tracetools_trace/tools/names.py to names.cpython-310.pyc
[7.208s] byte-compiling /home/fercikmate/ftn/osurv/espROSso/esp32try5/components/micro_ros_espidf_component/micro_ros_src/install/lib/python3.10/site-packages/tracetools_trace/tools/lttng.py to lttng.cpython-310.pyc
[7.208s] byte-compiling /home/fercikmate/ftn/osurv/espROSso/esp32try5/components/micro_ros_espidf_component/micro_ros_src/install/lib/python3.10/site-packages/tracetools_trace/tools/path.py to path.cpython-310.pyc
[7.209s] byte-compiling /home/fercikmate/ftn/osurv/espROSso/esp32try5/components/micro_ros_espidf_component/micro_ros_src/install/lib/python3.10/site-packages/tracetools_trace/__init__.py to __init__.cpython-310.pyc
[7.209s] running install_data
[7.209s] copying package.xml -> /home/fercikmate/ftn/osurv/espROSso/esp32try5/components/micro_ros_espidf_component/micro_ros_src/install/share/tracetools_trace
[7.209s] copying resource/tracetools_trace -> /home/fercikmate/ftn/osurv/espROSso/esp32try5/components/micro_ros_espidf_component/micro_ros_src/install/share/ament_index/resource_index/packages
[7.209s] running install_egg_info
[7.210s] Copying ../../../build/tracetools_trace/tracetools_trace.egg-info to /home/fercikmate/ftn/osurv/espROSso/esp32try5/components/micro_ros_espidf_component/micro_ros_src/install/lib/python3.10/site-packages/tracetools_trace-8.6.0-py3.10.egg-info
[7.210s] running install_scripts
[7.513s] Installing trace script to /home/fercikmate/ftn/osurv/espROSso/esp32try5/components/micro_ros_espidf_component/micro_ros_src/install/lib/tracetools_trace
[7.516s] writing list of installed files to '/home/fercikmate/ftn/osurv/espROSso/esp32try5/components/micro_ros_espidf_component/micro_ros_src/build/tracetools_trace/install.log'
[7.771s] Invoked command in '/home/fercikmate/ftn/osurv/espROSso/esp32try5/components/micro_ros_espidf_component/micro_ros_src/src/ros2_tracing/tracetools_trace' returned '0': PYTHONPATH=/home/fercikmate/ftn/osurv/espROSso/esp32try5/components/micro_ros_espidf_component/micro_ros_src/build/tracetools_trace/prefix_override:/home/fercikmate/.espressif/python_env/idf6.0_py3.10_env/lib/python3.10/site-packages/colcon_core/task/python/colcon_distutils_commands:/home/fercikmate/ftn/osurv/espROSso/esp32try5/components/micro_ros_espidf_component/micro_ros_src/install/lib/python3.10/site-packages:${PYTHONPATH} X_CFLAGS=-march=rv32imac_zicsr_zifencei_zaamo_zalrsc X_CXXFLAGS=-march=rv32imac_zicsr_zifencei_zaamo_zalrsc /home/fercikmate/.espressif/python_env/idf6.0_py3.10_env/bin/python -W ignore:setup.py install is deprecated -W ignore:easy_install command is deprecated setup.py egg_info --egg-base ../../../build/tracetools_trace build --build-base /home/fercikmate/ftn/osurv/espROSso/esp32try5/components/micro_ros_espidf_component/micro_ros_src/build/tracetools_trace/build install --record /home/fercikmate/ftn/osurv/espROSso/esp32try5/components/micro_ros_espidf_component/micro_ros_src/build/tracetools_trace/install.log --single-version-externally-managed install_data
