In file included from /home/fercikmate/ftn/osurv/espROSso/esp32try5/components/micro_ros_espidf_component/micro_ros_src/src/rcutils/include/rcutils/error_handling.h:28,
                 from /home/fercikmate/ftn/osurv/espROSso/esp32try5/components/micro_ros_espidf_component/micro_ros_src/src/rcutils/src/char_array.c:16:
/home/fercikmate/ftn/osurv/espROSso/esp32try5/components/micro_ros_espidf_component/include_override/assert.h:3:2: warning: '#include_next' is a GCC extension [-Wpedantic]
    3 | #include_next <assert.h>
      |  ^~~~~~~~~~~~
In file included from /home/fercikmate/ftn/osurv/espROSso/esp32try5/components/micro_ros_espidf_component/micro_ros_src/src/rcutils/include/rcutils/error_handling.h:28,
                 from /home/fercikmate/ftn/osurv/espROSso/esp32try5/components/micro_ros_espidf_component/micro_ros_src/src/rcutils/src/error_handling.c:22:
/home/fercikmate/ftn/osurv/espROSso/esp32try5/components/micro_ros_espidf_component/include_override/assert.h:3:2: warning: '#include_next' is a GCC extension [-Wpedantic]
    3 | #include_next <assert.h>
      |  ^~~~~~~~~~~~
In file included from /home/fercikmate/ftn/osurv/espROSso/esp32try5/components/micro_ros_espidf_component/micro_ros_src/src/rcutils/src/allocator.c:16:
/home/fercikmate/esp/esp-idf/components/esp_libc/platform_include/stdio.h:10:2: warning: '#include_next' is a GCC extension [-Wpedantic]
   10 | #include_next <stdio.h>
      |  ^~~~~~~~~~~~
In file included from /home/fercikmate/ftn/osurv/espROSso/esp32try5/components/micro_ros_espidf_component/micro_ros_src/src/rcutils/src/find.c:16:
/home/fercikmate/esp/esp-idf/components/esp_libc/platform_include/stdio.h:10:2: warning: '#include_next' is a GCC extension [-Wpedantic]
   10 | #include_next <stdio.h>
      |  ^~~~~~~~~~~~
In file included from /home/fercikmate/ftn/osurv/espROSso/esp32try5/components/micro_ros_espidf_component/micro_ros_src/src/rcutils/include/rcutils/error_handling.h:28,
                 from /home/fercikmate/ftn/osurv/espROSso/esp32try5/components/micro_ros_espidf_component/micro_ros_src/src/rcutils/src/array_list.c:23:
/home/fercikmate/ftn/osurv/espROSso/esp32try5/components/micro_ros_espidf_component/include_override/assert.h:3:2: warning: '#include_next' is a GCC extension [-Wpedantic]
    3 | #include_next <assert.h>
      |  ^~~~~~~~~~~~
In file included from /home/fercikmate/ftn/osurv/espROSso/esp32try5/components/micro_ros_espidf_component/micro_ros_src/src/rcutils/include/rcutils/error_handling.h:32:
/home/fercikmate/esp/esp-idf/components/esp_libc/platform_include/stdio.h:10:2: warning: '#include_next' is a GCC extension [-Wpedantic]
   10 | #include_next <stdio.h>
      |  ^~~~~~~~~~~~
In file included from /home/fercikmate/ftn/osurv/espROSso/esp32try5/components/micro_ros_espidf_component/micro_ros_src/src/rcutils/include/rcutils/error_handling.h:28,
                 from /home/fercikmate/ftn/osurv/espROSso/esp32try5/components/micro_ros_espidf_component/micro_ros_src/src/rcutils/src/allocator.c:20:
/home/fercikmate/ftn/osurv/espROSso/esp32try5/components/micro_ros_espidf_component/include_override/assert.h:3:2: warning: '#include_next' is a GCC extension [-Wpedantic]
    3 | #include_next <assert.h>
      |  ^~~~~~~~~~~~
In file included from /home/fercikmate/ftn/osurv/espROSso/esp32try5/components/micro_ros_espidf_component/include_override/assert.h:3:
/home/fercikmate/esp/esp-idf/components/esp_libc/platform_include/assert.h:15:2: warning: '#include_next' is a GCC extension [-Wpedantic]
   15 | #include_next <assert.h>
      |  ^~~~~~~~~~~~
In file included from /home/fercikmate/ftn/osurv/espROSso/esp32try5/components/micro_ros_espidf_component/micro_ros_src/src/rcutils/include/rcutils/error_handling.h:32:
/home/fercikmate/esp/esp-idf/components/esp_libc/platform_include/stdio.h:10:2: warning: '#include_next' is a GCC extension [-Wpedantic]
   10 | #include_next <stdio.h>
      |  ^~~~~~~~~~~~
In file included from /home/fercikmate/ftn/osurv/espROSso/esp32try5/components/micro_ros_espidf_component/include_override/assert.h:3:
/home/fercikmate/esp/esp-idf/components/esp_libc/platform_include/assert.h:15:2: warning: '#include_next' is a GCC extension [-Wpedantic]
   15 | #include_next <assert.h>
      |  ^~~~~~~~~~~~
In file included from /home/fercikmate/ftn/osurv/espROSso/esp32try5/components/micro_ros_espidf_component/micro_ros_src/src/rcutils/src/filesystem.c:18:
/home/fercikmate/esp/esp-idf/components/esp_libc/platform_include/stdio.h:10:2: warning: '#include_next' is a GCC extension [-Wpedantic]
   10 | #include_next <stdio.h>
      |  ^~~~~~~~~~~~
In file included from /home/fercikmate/ftn/osurv/espROSso/esp32try5/components/micro_ros_espidf_component/micro_ros_src/src/rcutils/include/rcutils/error_handling.h:32:
/home/fercikmate/esp/esp-idf/components/esp_libc/platform_include/stdio.h:10:2: warning: '#include_next' is a GCC extension [-Wpedantic]
   10 | #include_next <stdio.h>
      |  ^~~~~~~~~~~~
In file included from /home/fercikmate/ftn/osurv/espROSso/esp32try5/components/micro_ros_espidf_component/micro_ros_src/src/rcutils/src/sha256.c:15:
/home/fercikmate/ftn/osurv/espROSso/esp32try5/components/micro_ros_espidf_component/include_override/assert.h:3:2: warning: '#include_next' is a GCC extension [-Wpedantic]
    3 | #include_next <assert.h>
      |  ^~~~~~~~~~~~
In file included from /home/fercikmate/ftn/osurv/espROSso/esp32try5/components/micro_ros_espidf_component/micro_ros_src/src/rcutils/src/./error_handling_helpers.h:37,
                 from /home/fercikmate/ftn/osurv/espROSso/esp32try5/components/micro_ros_espidf_component/micro_ros_src/src/rcutils/src/error_handling.c:35:
/home/fercikmate/ftn/osurv/espROSso/esp32try5/components/micro_ros_espidf_component/include_override/assert.h:3:2: warning: '#include_next' is a GCC extension [-Wpedantic]
    3 | #include_next <assert.h>
      |  ^~~~~~~~~~~~
In file included from /home/fercikmate/ftn/osurv/espROSso/esp32try5/components/micro_ros_espidf_component/micro_ros_src/src/rcutils/include/rcutils/error_handling.h:28,
                 from /home/fercikmate/ftn/osurv/espROSso/esp32try5/components/micro_ros_espidf_component/micro_ros_src/src/rcutils/include/rcutils/types/string_array.h:28,
                 from /home/fercikmate/ftn/osurv/espROSso/esp32try5/components/micro_ros_espidf_component/micro_ros_src/src/rcutils/include/rcutils/types.h:26,
                 from /home/fercikmate/ftn/osurv/espROSso/esp32try5/components/micro_ros_espidf_component/micro_ros_src/src/rcutils/include/rcutils/find.h:25,
                 from /home/fercikmate/ftn/osurv/espROSso/esp32try5/components/micro_ros_espidf_component/micro_ros_src/src/rcutils/src/find.c:20:
/home/fercikmate/ftn/osurv/espROSso/esp32try5/components/micro_ros_espidf_component/include_override/assert.h:3:2: warning: '#include_next' is a GCC extension [-Wpedantic]
    3 | #include_next <assert.h>
      |  ^~~~~~~~~~~~
In file included from /home/fercikmate/ftn/osurv/espROSso/esp32try5/components/micro_ros_espidf_component/micro_ros_src/src/rcutils/src/env.c:21:
/home/fercikmate/esp/esp-idf/components/esp_libc/platform_include/stdio.h:10:2: warning: '#include_next' is a GCC extension [-Wpedantic]
   10 | #include_next <stdio.h>
      |  ^~~~~~~~~~~~
/home/fercikmate/ftn/osurv/espROSso/esp32try5/components/micro_ros_espidf_component/micro_ros_src/src/rcutils/src/./error_handling_helpers.h: In function '__rcutils_convert_uint64_t_into_c_str':
/home/fercikmate/ftn/osurv/espROSso/esp32try5/components/micro_ros_espidf_component/micro_ros_src/src/rcutils/src/./error_handling_helpers.h:109:48: warning: unused parameter 'number' [-Wunused-parameter]
  109 | __rcutils_convert_uint64_t_into_c_str(uint64_t number, char * buffer, size_t buffer_size)
      |                                       ~~~~~~~~~^~~~~~
/home/fercikmate/ftn/osurv/espROSso/esp32try5/components/micro_ros_espidf_component/micro_ros_src/src/rcutils/src/./error_handling_helpers.h:109:63: warning: unused parameter 'buffer' [-Wunused-parameter]
  109 | __rcutils_convert_uint64_t_into_c_str(uint64_t number, char * buffer, size_t buffer_size)
      |                                                        ~~~~~~~^~~~~~
/home/fercikmate/ftn/osurv/espROSso/esp32try5/components/micro_ros_espidf_component/micro_ros_src/src/rcutils/src/./error_handling_helpers.h:109:78: warning: unused parameter 'buffer_size' [-Wunused-parameter]
  109 | __rcutils_convert_uint64_t_into_c_str(uint64_t number, char * buffer, size_t buffer_size)
      |                                                                       ~~~~~~~^~~~~~~~~~~
/home/fercikmate/ftn/osurv/espROSso/esp32try5/components/micro_ros_espidf_component/micro_ros_src/src/rcutils/src/./error_handling_helpers.h: In function '__rcutils_format_error_string':
/home/fercikmate/ftn/osurv/espROSso/esp32try5/components/micro_ros_espidf_component/micro_ros_src/src/rcutils/src/./error_handling_helpers.h:142:28: warning: unused parameter 'error_string' [-Wunused-parameter]
  142 |   rcutils_error_string_t * error_string,
      |   ~~~~~~~~~~~~~~~~~~~~~~~~~^~~~~~~~~~~~
/home/fercikmate/ftn/osurv/espROSso/esp32try5/components/micro_ros_espidf_component/micro_ros_src/src/rcutils/src/./error_handling_helpers.h:143:33: warning: unused parameter 'error_state' [-Wunused-parameter]
  143 |   const rcutils_error_state_t * error_state)
      |   ~~~~~~~~~~~~~~~~~~~~~~~~~~~~~~^~~~~~~~~~~
/home/fercikmate/ftn/osurv/espROSso/esp32try5/components/micro_ros_espidf_component/micro_ros_src/src/rcutils/src/error_handling.c: In function '__format_overwriting_error_state_message':
/home/fercikmate/ftn/osurv/espROSso/esp32try5/components/micro_ros_espidf_component/micro_ros_src/src/rcutils/src/error_handling.c:137:14: warning: initializer-string for array of 'char' truncates NUL terminator but destination lacks 'nonstring' attribute (2 chars into 1 available) [-Wunterminated-string-initialization]
  137 |       .str = "\0"
      |              ^~~~
/home/fercikmate/ftn/osurv/espROSso/esp32try5/components/micro_ros_espidf_component/micro_ros_src/src/rcutils/src/error_handling.c: In function 'rcutils_set_error_state':
/home/fercikmate/ftn/osurv/espROSso/esp32try5/components/micro_ros_espidf_component/micro_ros_src/src/rcutils/src/error_handling.c:219:12: warning: initializer-string for array of 'char' truncates NUL terminator but destination lacks 'nonstring' attribute (2 chars into 1 available) [-Wunterminated-string-initialization]
  219 |     .str = "\0"
      |            ^~~~
/home/fercikmate/ftn/osurv/espROSso/esp32try5/components/micro_ros_espidf_component/micro_ros_src/src/rcutils/src/error_handling.c: In function 'rcutils_get_error_string':
/home/fercikmate/ftn/osurv/espROSso/esp32try5/components/micro_ros_espidf_component/micro_ros_src/src/rcutils/src/error_handling.c:240:38: warning: initializer-string for array of 'char' is too long (14 chars into 1 available)
  240 |     return (rcutils_error_string_t) {"error not set"};  // NOLINT(readability/braces)
      |                                      ^~~~~~~~~~~~~~~
/home/fercikmate/ftn/osurv/espROSso/esp32try5/components/micro_ros_espidf_component/micro_ros_src/src/rcutils/src/error_handling.c:240:38: note: (near initialization for '(anonymous).str')
/home/fercikmate/ftn/osurv/espROSso/esp32try5/components/micro_ros_espidf_component/micro_ros_src/src/rcutils/src/error_handling.c: In function 'rcutils_reset_error':
/home/fercikmate/ftn/osurv/espROSso/esp32try5/components/micro_ros_espidf_component/micro_ros_src/src/rcutils/src/error_handling.c:257:12: warning: initializer-string for array of 'char' truncates NUL terminator but destination lacks 'nonstring' attribute (2 chars into 1 available) [-Wunterminated-string-initialization]
  257 |     .str = "\0"
      |            ^~~~
In file included from /home/fercikmate/ftn/osurv/espROSso/esp32try5/components/micro_ros_espidf_component/micro_ros_src/src/rcutils/src/shared_library.c:19:
/home/fercikmate/esp/esp-idf/components/esp_libc/platform_include/stdio.h:10:2: warning: '#include_next' is a GCC extension [-Wpedantic]
   10 | #include_next <stdio.h>
      |  ^~~~~~~~~~~~
/home/fercikmate/ftn/osurv/espROSso/esp32try5/components/micro_ros_espidf_component/micro_ros_src/src/rcutils/src/./error_handling_helpers.h: At top level:
/home/fercikmate/ftn/osurv/espROSso/esp32try5/components/micro_ros_espidf_component/micro_ros_src/src/rcutils/src/./error_handling_helpers.h:109:1: warning: '__rcutils_convert_uint64_t_into_c_str' defined but not used [-Wunused-function]
  109 | __rcutils_convert_uint64_t_into_c_str(uint64_t number, char * buffer, size_t buffer_size)
      | ^~~~~~~~~~~~~~~~~~~~~~~~~~~~~~~~~~~~~
/home/fercikmate/ftn/osurv/espROSso/esp32try5/components/micro_ros_espidf_component/micro_ros_src/src/rcutils/src/./error_handling_helpers.h:91:1: warning: '__rcutils_reverse_str' defined but not used [-Wunused-function]
   91 | __rcutils_reverse_str(char * string_in, size_t string_len)
      | ^~~~~~~~~~~~~~~~~~~~~
In file included from /home/fercikmate/ftn/osurv/espROSso/esp32try5/components/micro_ros_espidf_component/micro_ros_src/src/rcutils/include/rcutils/error_handling.h:28,
                 from /home/fercikmate/ftn/osurv/espROSso/esp32try5/components/micro_ros_espidf_component/micro_ros_src/src/rcutils/src/join.c:22:
/home/fercikmate/ftn/osurv/espROSso/esp32try5/components/micro_ros_espidf_component/include_override/assert.h:3:2: warning: '#include_next' is a GCC extension [-Wpedantic]
    3 | #include_next <assert.h>
      |  ^~~~~~~~~~~~
In file included from /home/fercikmate/ftn/osurv/espROSso/esp32try5/components/micro_ros_espidf_component/micro_ros_src/src/rcutils/include/rcutils/error_handling.h:28,
                 from /home/fercikmate/ftn/osurv/espROSso/esp32try5/components/micro_ros_espidf_component/micro_ros_src/src/rcutils/src/env.c:25:
/home/fercikmate/ftn/osurv/espROSso/esp32try5/components/micro_ros_espidf_component/include_override/assert.h:3:2: warning: '#include_next' is a GCC extension [-Wpedantic]
    3 | #include_next <assert.h>
      |  ^~~~~~~~~~~~
In file included from /home/fercikmate/ftn/osurv/espROSso/esp32try5/components/micro_ros_espidf_component/micro_ros_src/src/rcutils/include/rcutils/error_handling.h:32:
/home/fercikmate/esp/esp-idf/components/esp_libc/platform_include/stdio.h:10:2: warning: '#include_next' is a GCC extension [-Wpedantic]
   10 | #include_next <stdio.h>
      |  ^~~~~~~~~~~~
In file included from /home/fercikmate/ftn/osurv/espROSso/esp32try5/components/micro_ros_espidf_component/micro_ros_src/src/rcutils/src/split.c:20:
/home/fercikmate/esp/esp-idf/components/esp_libc/platform_include/stdio.h:10:2: warning: '#include_next' is a GCC extension [-Wpedantic]
   10 | #include_next <stdio.h>
      |  ^~~~~~~~~~~~
In file included from /home/fercikmate/ftn/osurv/espROSso/esp32try5/components/micro_ros_espidf_component/micro_ros_src/src/rcutils/include/rcutils/error_handling.h:28,
                 from /home/fercikmate/ftn/osurv/espROSso/esp32try5/components/micro_ros_espidf_component/micro_ros_src/src/rcutils/src/qsort.c:22:
/home/fercikmate/ftn/osurv/espROSso/esp32try5/components/micro_ros_espidf_component/include_override/assert.h:3:2: warning: '#include_next' is a GCC extension [-Wpedantic]
    3 | #include_next <assert.h>
      |  ^~~~~~~~~~~~
In file included from /home/fercikmate/ftn/osurv/espROSso/esp32try5/components/micro_ros_espidf_component/micro_ros_src/src/rcutils/include/rcutils/error_handling.h:32:
/home/fercikmate/esp/esp-idf/components/esp_libc/platform_include/stdio.h:10:2: warning: '#include_next' is a GCC extension [-Wpedantic]
   10 | #include_next <stdio.h>
      |  ^~~~~~~~~~~~
In file included from /home/fercikmate/ftn/osurv/espROSso/esp32try5/components/micro_ros_espidf_component/include_override/assert.h:3:
/home/fercikmate/esp/esp-idf/components/esp_libc/platform_include/assert.h:15:2: warning: '#include_next' is a GCC extension [-Wpedantic]
   15 | #include_next <assert.h>
      |  ^~~~~~~~~~~~
In file included from /home/fercikmate/ftn/osurv/espROSso/esp32try5/components/micro_ros_espidf_component/micro_ros_src/src/rcutils/include/rcutils/error_handling.h:28,
                 from /home/fercikmate/ftn/osurv/espROSso/esp32try5/components/micro_ros_espidf_component/micro_ros_src/src/rcutils/src/filesystem.c:46:
/home/fercikmate/ftn/osurv/espROSso/esp32try5/components/micro_ros_espidf_component/include_override/assert.h:3:2: warning: '#include_next' is a GCC extension [-Wpedantic]
    3 | #include_next <assert.h>
      |  ^~~~~~~~~~~~
In file included from /home/fercikmate/ftn/osurv/espROSso/esp32try5/components/micro_ros_espidf_component/micro_ros_src/src/rcutils/src/logging.c:19:
/home/fercikmate/esp/esp-idf/components/esp_libc/platform_include/stdio.h:10:2: warning: '#include_next' is a GCC extension [-Wpedantic]
   10 | #include_next <stdio.h>
      |  ^~~~~~~~~~~~
In file included from /home/fercikmate/ftn/osurv/espROSso/esp32try5/components/micro_ros_espidf_component/micro_ros_src/src/rcutils/src/hash_map.c:21:
/home/fercikmate/esp/esp-idf/components/esp_libc/platform_include/stdio.h:10:2: warning: '#include_next' is a GCC extension [-Wpedantic]
   10 | #include_next <stdio.h>
      |  ^~~~~~~~~~~~
In file included from /home/fercikmate/ftn/osurv/espROSso/esp32try5/components/micro_ros_espidf_component/micro_ros_src/src/rcutils/src/snprintf.c:27:
/home/fercikmate/esp/esp-idf/components/esp_libc/platform_include/stdio.h:10:2: warning: '#include_next' is a GCC extension [-Wpedantic]
   10 | #include_next <stdio.h>
      |  ^~~~~~~~~~~~
In file included from /home/fercikmate/ftn/osurv/espROSso/esp32try5/components/micro_ros_espidf_component/micro_ros_src/src/rcutils/include/rcutils/error_handling.h:28,
                 from /home/fercikmate/ftn/osurv/espROSso/esp32try5/components/micro_ros_espidf_component/micro_ros_src/src/rcutils/src/shared_library.c:57:
/home/fercikmate/ftn/osurv/espROSso/esp32try5/components/micro_ros_espidf_component/include_override/assert.h:3:2: warning: '#include_next' is a GCC extension [-Wpedantic]
    3 | #include_next <assert.h>
      |  ^~~~~~~~~~~~
In file included from /home/fercikmate/ftn/osurv/espROSso/esp32try5/components/micro_ros_espidf_component/micro_ros_src/src/rcutils/include/rcutils/error_handling.h:28,
                 from /home/fercikmate/ftn/osurv/espROSso/esp32try5/components/micro_ros_espidf_component/micro_ros_src/src/rcutils/src/process.c:44:
/home/fercikmate/ftn/osurv/espROSso/esp32try5/components/micro_ros_espidf_component/include_override/assert.h:3:2: warning: '#include_next' is a GCC extension [-Wpedantic]
    3 | #include_next <assert.h>
      |  ^~~~~~~~~~~~
In file included from /home/fercikmate/ftn/osurv/espROSso/esp32try5/components/micro_ros_espidf_component/micro_ros_src/src/rcutils/include/rcutils/error_handling.h:28,
                 from /home/fercikmate/ftn/osurv/espROSso/esp32try5/components/micro_ros_espidf_component/micro_ros_src/src/rcutils/src/hash_map.c:24:
/home/fercikmate/ftn/osurv/espROSso/esp32try5/components/micro_ros_espidf_component/include_override/assert.h:3:2: warning: '#include_next' is a GCC extension [-Wpedantic]
    3 | #include_next <assert.h>
      |  ^~~~~~~~~~~~
In file included from /home/fercikmate/ftn/osurv/espROSso/esp32try5/components/micro_ros_espidf_component/micro_ros_src/src/rcutils/include/rcutils/error_handling.h:32:
/home/fercikmate/esp/esp-idf/components/esp_libc/platform_include/stdio.h:10:2: warning: '#include_next' is a GCC extension [-Wpedantic]
   10 | #include_next <stdio.h>
      |  ^~~~~~~~~~~~
In file included from /home/fercikmate/ftn/osurv/espROSso/esp32try5/components/micro_ros_espidf_component/micro_ros_src/src/rcutils/include/rcutils/error_handling.h:28,
                 from /home/fercikmate/ftn/osurv/espROSso/esp32try5/components/micro_ros_espidf_component/micro_ros_src/src/rcutils/src/split.c:24:
/home/fercikmate/ftn/osurv/espROSso/esp32try5/components/micro_ros_espidf_component/include_override/assert.h:3:2: warning: '#include_next' is a GCC extension [-Wpedantic]
    3 | #include_next <assert.h>
      |  ^~~~~~~~~~~~
In file included from /home/fercikmate/ftn/osurv/espROSso/esp32try5/components/micro_ros_espidf_component/micro_ros_src/src/rcutils/include/rcutils/testing/fault_injection.h:18,
                 from /home/fercikmate/ftn/osurv/espROSso/esp32try5/components/micro_ros_espidf_component/micro_ros_src/src/rcutils/src/testing/fault_injection.c:15:
/home/fercikmate/esp/esp-idf/components/esp_libc/platform_include/stdio.h:10:2: warning: '#include_next' is a GCC extension [-Wpedantic]
   10 | #include_next <stdio.h>
      |  ^~~~~~~~~~~~
/home/fercikmate/ftn/osurv/espROSso/esp32try5/components/micro_ros_espidf_component/micro_ros_src/src/rcutils/src/process.c: In function 'rcutils_start_process':
/home/fercikmate/ftn/osurv/espROSso/esp32try5/components/micro_ros_espidf_component/micro_ros_src/src/rcutils/src/process.c:302:9: warning: unused variable 'error' [-Wunused-variable]
  302 |     int error = errno;
      |         ^~~~~
/home/fercikmate/ftn/osurv/espROSso/esp32try5/components/micro_ros_espidf_component/micro_ros_src/src/rcutils/src/process.c:315:7: warning: unused variable 'error' [-Wunused-variable]
  315 |   int error = errno;
      |       ^~~~~
/home/fercikmate/ftn/osurv/espROSso/esp32try5/components/micro_ros_espidf_component/micro_ros_src/src/rcutils/src/process.c: In function 'rcutils_process_wait':
/home/fercikmate/ftn/osurv/espROSso/esp32try5/components/micro_ros_espidf_component/micro_ros_src/src/rcutils/src/process.c:364:9: warning: unused variable 'error' [-Wunused-variable]
  364 |     int error = errno;
      |         ^~~~~
In file included from /home/fercikmate/ftn/osurv/espROSso/esp32try5/components/micro_ros_espidf_component/micro_ros_src/src/rcutils/include/rcutils/error_handling.h:28,
                 from /home/fercikmate/ftn/osurv/espROSso/esp32try5/components/micro_ros_espidf_component/micro_ros_src/src/rcutils/src/logging.c:42:
/home/fercikmate/ftn/osurv/espROSso/esp32try5/components/micro_ros_espidf_component/include_override/assert.h:3:2: warning: '#include_next' is a GCC extension [-Wpedantic]
    3 | #include_next <assert.h>
      |  ^~~~~~~~~~~~
In file included from /home/fercikmate/ftn/osurv/espROSso/esp32try5/components/micro_ros_espidf_component/micro_ros_src/src/rcutils/include/rcutils/logging.h:22,
                 from /home/fercikmate/ftn/osurv/espROSso/esp32try5/components/micro_ros_espidf_component/micro_ros_src/build/rcutils/include/rcutils/logging_macros.h:24,
                 from /home/fercikmate/ftn/osurv/espROSso/esp32try5/components/micro_ros_espidf_component/micro_ros_src/src/rcutils/src/time_unix.c:19:
/home/fercikmate/esp/esp-idf/components/esp_libc/platform_include/stdio.h:10:2: warning: '#include_next' is a GCC extension [-Wpedantic]
   10 | #include_next <stdio.h>
      |  ^~~~~~~~~~~~
In file included from /home/fercikmate/ftn/osurv/espROSso/esp32try5/components/micro_ros_espidf_component/micro_ros_src/src/rcutils/include/rcutils/error_handling.h:28,
                 from /home/fercikmate/ftn/osurv/espROSso/esp32try5/components/micro_ros_espidf_component/micro_ros_src/src/rcutils/src/uint8_array.c:15:
/home/fercikmate/ftn/osurv/espROSso/esp32try5/components/micro_ros_espidf_component/include_override/assert.h:3:2: warning: '#include_next' is a GCC extension [-Wpedantic]
    3 | #include_next <assert.h>
      |  ^~~~~~~~~~~~
/home/fercikmate/ftn/osurv/espROSso/esp32try5/components/micro_ros_espidf_component/micro_ros_src/src/rcutils/src/logging.c: In function 'rcutils_get_env_var_zero_or_one':
/home/fercikmate/ftn/osurv/espROSso/esp32try5/components/micro_ros_espidf_component/micro_ros_src/src/rcutils/src/logging.c:154:35: warning: unused parameter 'zero_semantic' [-Wunused-parameter]
  154 |   const char * name, const char * zero_semantic,
      |                      ~~~~~~~~~~~~~^~~~~~~~~~~~~
/home/fercikmate/ftn/osurv/espROSso/esp32try5/components/micro_ros_espidf_component/micro_ros_src/src/rcutils/src/logging.c:155:16: warning: unused parameter 'one_semantic' [-Wunused-parameter]
  155 |   const char * one_semantic)
      |   ~~~~~~~~~~~~~^~~~~~~~~~~~
In file included from /home/fercikmate/ftn/osurv/espROSso/esp32try5/components/micro_ros_espidf_component/micro_ros_src/src/rcutils/include/rcutils/error_handling.h:28,
                 from /home/fercikmate/ftn/osurv/espROSso/esp32try5/components/micro_ros_espidf_component/micro_ros_src/src/rcutils/src/string_array.c:24:
/home/fercikmate/ftn/osurv/espROSso/esp32try5/components/micro_ros_espidf_component/include_override/assert.h:3:2: warning: '#include_next' is a GCC extension [-Wpedantic]
    3 | #include_next <assert.h>
      |  ^~~~~~~~~~~~
In file included from /home/fercikmate/ftn/osurv/espROSso/esp32try5/components/micro_ros_espidf_component/micro_ros_src/src/rcutils/include/rcutils/error_handling.h:32:
/home/fercikmate/esp/esp-idf/components/esp_libc/platform_include/stdio.h:10:2: warning: '#include_next' is a GCC extension [-Wpedantic]
   10 | #include_next <stdio.h>
      |  ^~~~~~~~~~~~
/home/fercikmate/ftn/osurv/espROSso/esp32try5/components/micro_ros_espidf_component/micro_ros_src/src/rcutils/src/atomic_64bits.c:53:10: warning: conflicting types for built-in function '__atomic_load_8'; expected 'long long unsigned int(const volatile void *, int)' [-Wbuiltin-declaration-mismatch]
   53 | uint64_t __atomic_load_8(uint64_t *mem, int model) {
      |          ^~~~~~~~~~~~~~~
/home/fercikmate/ftn/osurv/espROSso/esp32try5/components/micro_ros_espidf_component/micro_ros_src/src/rcutils/src/atomic_64bits.c:62:6: warning: conflicting types for built-in function '__atomic_store_8'; expected 'void(volatile void *, long long unsigned int,  int)' [-Wbuiltin-declaration-mismatch]
   62 | void __atomic_store_8(uint64_t *mem, uint64_t val, int model) {
      |      ^~~~~~~~~~~~~~~~
/home/fercikmate/ftn/osurv/espROSso/esp32try5/components/micro_ros_espidf_component/micro_ros_src/src/rcutils/src/atomic_64bits.c:70:10: warning: conflicting types for built-in function '__atomic_exchange_8'; expected 'long long unsigned int(volatile void *, long long unsigned int,  int)' [-Wbuiltin-declaration-mismatch]
   70 | uint64_t __atomic_exchange_8(uint64_t *mem, uint64_t val, int model) {
      |          ^~~~~~~~~~~~~~~~~~~
/home/fercikmate/ftn/osurv/espROSso/esp32try5/components/micro_ros_espidf_component/micro_ros_src/src/rcutils/src/atomic_64bits.c:80:10: warning: conflicting types for built-in function '__atomic_fetch_add_8'; expected 'long long unsigned int(volatile void *, long long unsigned int,  int)' [-Wbuiltin-declaration-mismatch]
   80 | uint64_t __atomic_fetch_add_8(uint64_t *mem, uint64_t val, int model) {
      |          ^~~~~~~~~~~~~~~~~~~~
In file included from /home/fercikmate/ftn/osurv/espROSso/esp32try5/components/micro_ros_espidf_component/micro_ros_src/src/rcutils/src/string_map.c:22:
/home/fercikmate/ftn/osurv/espROSso/esp32try5/components/micro_ros_espidf_component/include_override/assert.h:3:2: warning: '#include_next' is a GCC extension [-Wpedantic]
    3 | #include_next <assert.h>
      |  ^~~~~~~~~~~~
In file included from /home/fercikmate/ftn/osurv/espROSso/esp32try5/components/micro_ros_espidf_component/micro_ros_src/src/rcutils/include/rcutils/error_handling.h:28,
                 from /home/fercikmate/ftn/osurv/espROSso/esp32try5/components/micro_ros_espidf_component/micro_ros_src/src/rcutils/src/./common.h:23,
                 from /home/fercikmate/ftn/osurv/espROSso/esp32try5/components/micro_ros_espidf_component/micro_ros_src/src/rcutils/src/string_map.c:27:
/home/fercikmate/ftn/osurv/espROSso/esp32try5/components/micro_ros_espidf_component/include_override/assert.h:3:2: warning: '#include_next' is a GCC extension [-Wpedantic]
    3 | #include_next <assert.h>
      |  ^~~~~~~~~~~~
In file included from /home/fercikmate/ftn/osurv/espROSso/esp32try5/components/micro_ros_espidf_component/micro_ros_src/src/rcutils/include/rcutils/error_handling.h:32:
/home/fercikmate/esp/esp-idf/components/esp_libc/platform_include/stdio.h:10:2: warning: '#include_next' is a GCC extension [-Wpedantic]
   10 | #include_next <stdio.h>
      |  ^~~~~~~~~~~~
In file included from /home/fercikmate/ftn/osurv/espROSso/esp32try5/components/micro_ros_espidf_component/micro_ros_src/src/rcutils/include/rcutils/stdatomic_helper.h:53,
                 from /home/fercikmate/ftn/osurv/espROSso/esp32try5/components/micro_ros_espidf_component/micro_ros_src/src/rcutils/src/testing/fault_injection.c:17:
/home/fercikmate/esp/esp-idf/components/esp_libc/platform_include/stdatomic.h:7:2: warning: '#include_next' is a GCC extension [-Wpedantic]
    7 | #include_next <stdatomic.h>
      |  ^~~~~~~~~~~~
In file included from /home/fercikmate/ftn/osurv/espROSso/esp32try5/components/micro_ros_espidf_component/micro_ros_src/src/rcutils/include/rcutils/error_handling.h:28,
                 from /home/fercikmate/ftn/osurv/espROSso/esp32try5/components/micro_ros_espidf_component/micro_ros_src/src/rcutils/include/rcutils/types/string_array.h:28,
                 from /home/fercikmate/ftn/osurv/espROSso/esp32try5/components/micro_ros_espidf_component/micro_ros_src/src/rcutils/include/rcutils/types.h:26,
                 from /home/fercikmate/ftn/osurv/espROSso/esp32try5/components/micro_ros_espidf_component/micro_ros_src/src/rcutils/include/rcutils/time.h:28,
                 from /home/fercikmate/ftn/osurv/espROSso/esp32try5/components/micro_ros_espidf_component/micro_ros_src/src/rcutils/src/time.c:20:
/home/fercikmate/ftn/osurv/espROSso/esp32try5/components/micro_ros_espidf_component/include_override/assert.h:3:2: warning: '#include_next' is a GCC extension [-Wpedantic]
    3 | #include_next <assert.h>
      |  ^~~~~~~~~~~~
In file included from /home/fercikmate/ftn/osurv/espROSso/esp32try5/components/micro_ros_espidf_component/micro_ros_src/src/rcutils/include/rcutils/error_handling.h:32:
/home/fercikmate/esp/esp-idf/components/esp_libc/platform_include/stdio.h:10:2: warning: '#include_next' is a GCC extension [-Wpedantic]
   10 | #include_next <stdio.h>
      |  ^~~~~~~~~~~~
In file included from /home/fercikmate/ftn/osurv/espROSso/esp32try5/components/micro_ros_espidf_component/micro_ros_src/src/rcutils/include/rcutils/error_handling.h:28,
                 from /home/fercikmate/ftn/osurv/espROSso/esp32try5/components/micro_ros_espidf_component/micro_ros_src/src/rcutils/include/rcutils/logging.h:25:
/home/fercikmate/ftn/osurv/espROSso/esp32try5/components/micro_ros_espidf_component/include_override/assert.h:3:2: warning: '#include_next' is a GCC extension [-Wpedantic]
    3 | #include_next <assert.h>
      |  ^~~~~~~~~~~~
In file included from /home/fercikmate/ftn/osurv/espROSso/esp32try5/components/micro_ros_espidf_component/micro_ros_src/src/rcutils/include/rcutils/error_handling.h:28,
                 from /home/fercikmate/ftn/osurv/espROSso/esp32try5/components/micro_ros_espidf_component/micro_ros_src/src/rcutils/src/./common.h:23,
                 from /home/fercikmate/ftn/osurv/espROSso/esp32try5/components/micro_ros_espidf_component/micro_ros_src/src/rcutils/src/strdup.c:26:
/home/fercikmate/ftn/osurv/espROSso/esp32try5/components/micro_ros_espidf_component/include_override/assert.h:3:2: warning: '#include_next' is a GCC extension [-Wpedantic]
    3 | #include_next <assert.h>
      |  ^~~~~~~~~~~~
In file included from /home/fercikmate/ftn/osurv/espROSso/esp32try5/components/micro_ros_espidf_component/micro_ros_src/src/rcutils/include/rcutils/error_handling.h:32:
/home/fercikmate/esp/esp-idf/components/esp_libc/platform_include/stdio.h:10:2: warning: '#include_next' is a GCC extension [-Wpedantic]
   10 | #include_next <stdio.h>
      |  ^~~~~~~~~~~~
In file included from /home/fercikmate/ftn/osurv/espROSso/esp32try5/components/micro_ros_espidf_component/include_override/assert.h:3:
/home/fercikmate/esp/esp-idf/components/esp_libc/platform_include/assert.h:15:2: warning: '#include_next' is a GCC extension [-Wpedantic]
   15 | #include_next <assert.h>
      |  ^~~~~~~~~~~~
In file included from /home/fercikmate/ftn/osurv/espROSso/esp32try5/components/micro_ros_espidf_component/micro_ros_src/src/rcutils/include/rcutils/error_handling.h:32:
/home/fercikmate/esp/esp-idf/components/esp_libc/platform_include/stdio.h:10:2: warning: '#include_next' is a GCC extension [-Wpedantic]
   10 | #include_next <stdio.h>
      |  ^~~~~~~~~~~~
In file included from /home/fercikmate/ftn/osurv/espROSso/esp32try5/components/micro_ros_espidf_component/micro_ros_src/src/rcutils/src/time.c:25:
/home/fercikmate/esp/esp-idf/components/esp_libc/platform_include/time.h:11:2: warning: '#include_next' is a GCC extension [-Wpedantic]
   11 | #include_next <time.h>
      |  ^~~~~~~~~~~~
In file included from /home/fercikmate/ftn/osurv/espROSso/esp32try5/components/micro_ros_espidf_component/micro_ros_src/src/rcutils/src/time_unix.c:36:
/home/fercikmate/esp/esp-idf/components/esp_libc/platform_include/time.h:11:2: warning: '#include_next' is a GCC extension [-Wpedantic]
   11 | #include_next <time.h>
      |  ^~~~~~~~~~~~
In function 'rcutils_strndup',
    inlined from 'rcutils_strdup' at /home/fercikmate/ftn/osurv/espROSso/esp32try5/components/micro_ros_espidf_component/micro_ros_src/src/rcutils/src/strdup.c:35:10:
/home/fercikmate/ftn/osurv/espROSso/esp32try5/components/micro_ros_espidf_component/micro_ros_src/src/rcutils/src/strdup.c:47:14: warning: 'memchr' specified bound 4294967295 exceeds maximum object size 2147483647 [-Wstringop-overread]
   47 |   char * p = memchr(str, '\0', max_length);
      |              ^~~~~~~~~~~~~~~~~~~~~~~~~~~~~
