[1.569s] Invoking command in '/home/fercikmate/ftn/osurv/espROSso/esp_ws/firmware/mcu_ws/uros/tracetools/tracetools_read': PYTHONPATH=/home/fercikmate/ftn/osurv/espROSso/esp_ws/firmware/mcu_ws/build/tracetools_read/prefix_override:/home/fercikmate/ftn/osurv/espROSso/esp_ws/firmware/toolchain/espressif/python_env/idf4.1_py3.10_env/lib/python3.10/site-packages/colcon_core/task/python/colcon_distutils_commands:/home/fercikmate/ftn/osurv/espROSso/esp_ws/firmware/mcu_ws/install/lib/python3.10/site-packages:${PYTHONPATH} /home/fercikmate/ftn/osurv/espROSso/esp_ws/firmware/toolchain/espressif/python_env/idf4.1_py3.10_env/bin/python -W ignore:setup.py install is deprecated -W ignore:easy_install command is deprecated setup.py egg_info --egg-base ../../../build/tracetools_read build --build-base /home/fercikmate/ftn/osurv/espROSso/esp_ws/firmware/mcu_ws/build/tracetools_read/build install --record /home/fercikmate/ftn/osurv/espROSso/esp_ws/firmware/mcu_ws/build/tracetools_read/install.log --single-version-externally-managed install_data
[2.016s] /home/fercikmate/ftn/osurv/espROSso/esp_ws/firmware/toolchain/espressif/python_env/idf4.1_py3.10_env/lib/python3.10/site-packages/setuptools/_distutils/dist.py:289: UserWarning: Unknown distribution option: 'tests_require'
[2.016s]   warnings.warn(msg)
[2.088s] running egg_info
[2.102s] creating ../../../build/tracetools_read/tracetools_read.egg-info
[2.104s] writing ../../../build/tracetools_read/tracetools_read.egg-info/PKG-INFO
[2.105s] writing dependency_links to ../../../build/tracetools_read/tracetools_read.egg-info/dependency_links.txt
[2.105s] writing requirements to ../../../build/tracetools_read/tracetools_read.egg-info/requires.txt
[2.105s] writing top-level names to ../../../build/tracetools_read/tracetools_read.egg-info/top_level.txt
[2.106s] writing manifest file '../../../build/tracetools_read/tracetools_read.egg-info/SOURCES.txt'
[2.122s] reading manifest file '../../../build/tracetools_read/tracetools_read.egg-info/SOURCES.txt'
[2.124s] writing manifest file '../../../build/tracetools_read/tracetools_read.egg-info/SOURCES.txt'
[2.125s] running build
[2.125s] running build_py
[2.125s] creating /home/fercikmate/ftn/osurv/espROSso/esp_ws/firmware/mcu_ws/build/tracetools_read/build/lib/tracetools_read
[2.128s] copying tracetools_read/trace.py -> /home/fercikmate/ftn/osurv/espROSso/esp_ws/firmware/mcu_ws/build/tracetools_read/build/lib/tracetools_read
[2.129s] copying tracetools_read/__init__.py -> /home/fercikmate/ftn/osurv/espROSso/esp_ws/firmware/mcu_ws/build/tracetools_read/build/lib/tracetools_read
[2.130s] running install
[2.137s] running install_lib
[2.144s] creating /home/fercikmate/ftn/osurv/espROSso/esp_ws/firmware/mcu_ws/install/lib/python3.10/site-packages/tracetools_read
[2.145s] copying /home/fercikmate/ftn/osurv/espROSso/esp_ws/firmware/mcu_ws/build/tracetools_read/build/lib/tracetools_read/trace.py -> /home/fercikmate/ftn/osurv/espROSso/esp_ws/firmware/mcu_ws/install/lib/python3.10/site-packages/tracetools_read
[2.145s] copying /home/fercikmate/ftn/osurv/espROSso/esp_ws/firmware/mcu_ws/build/tracetools_read/build/lib/tracetools_read/__init__.py -> /home/fercikmate/ftn/osurv/espROSso/esp_ws/firmware/mcu_ws/install/lib/python3.10/site-packages/tracetools_read
[2.147s] byte-compiling /home/fercikmate/ftn/osurv/espROSso/esp_ws/firmware/mcu_ws/install/lib/python3.10/site-packages/tracetools_read/trace.py to trace.cpython-310.pyc
[2.148s] byte-compiling /home/fercikmate/ftn/osurv/espROSso/esp_ws/firmware/mcu_ws/install/lib/python3.10/site-packages/tracetools_read/__init__.py to __init__.cpython-310.pyc
[2.148s] running install_data
[2.149s] copying package.xml -> /home/fercikmate/ftn/osurv/espROSso/esp_ws/firmware/mcu_ws/install/share/tracetools_read
[2.149s] copying resource/tracetools_read -> /home/fercikmate/ftn/osurv/espROSso/esp_ws/firmware/mcu_ws/install/share/ament_index/resource_index/packages
[2.149s] running install_egg_info
[2.158s] Copying ../../../build/tracetools_read/tracetools_read.egg-info to /home/fercikmate/ftn/osurv/espROSso/esp_ws/firmware/mcu_ws/install/lib/python3.10/site-packages/tracetools_read-4.1.1-py3.10.egg-info
[2.159s] running install_scripts
[2.275s] writing list of installed files to '/home/fercikmate/ftn/osurv/espROSso/esp_ws/firmware/mcu_ws/build/tracetools_read/install.log'
[2.635s] Invoked command in '/home/fercikmate/ftn/osurv/espROSso/esp_ws/firmware/mcu_ws/uros/tracetools/tracetools_read' returned '0': PYTHONPATH=/home/fercikmate/ftn/osurv/espROSso/esp_ws/firmware/mcu_ws/build/tracetools_read/prefix_override:/home/fercikmate/ftn/osurv/espROSso/esp_ws/firmware/toolchain/espressif/python_env/idf4.1_py3.10_env/lib/python3.10/site-packages/colcon_core/task/python/colcon_distutils_commands:/home/fercikmate/ftn/osurv/espROSso/esp_ws/firmware/mcu_ws/install/lib/python3.10/site-packages:${PYTHONPATH} /home/fercikmate/ftn/osurv/espROSso/esp_ws/firmware/toolchain/espressif/python_env/idf4.1_py3.10_env/bin/python -W ignore:setup.py install is deprecated -W ignore:easy_install command is deprecated setup.py egg_info --egg-base ../../../build/tracetools_read build --build-base /home/fercikmate/ftn/osurv/espROSso/esp_ws/firmware/mcu_ws/build/tracetools_read/build install --record /home/fercikmate/ftn/osurv/espROSso/esp_ws/firmware/mcu_ws/build/tracetools_read/install.log --single-version-externally-managed install_data
