running egg_info
creating ../../../build/tracetools_launch/tracetools_launch.egg-info
writing ../../../build/tracetools_launch/tracetools_launch.egg-info/PKG-INFO
writing dependency_links to ../../../build/tracetools_launch/tracetools_launch.egg-info/dependency_links.txt
writing entry points to ../../../build/tracetools_launch/tracetools_launch.egg-info/entry_points.txt
writing requirements to ../../../build/tracetools_launch/tracetools_launch.egg-info/requires.txt
writing top-level names to ../../../build/tracetools_launch/tracetools_launch.egg-info/top_level.txt
writing manifest file '../../../build/tracetools_launch/tracetools_launch.egg-info/SOURCES.txt'
reading manifest file '../../../build/tracetools_launch/tracetools_launch.egg-info/SOURCES.txt'
writing manifest file '../../../build/tracetools_launch/tracetools_launch.egg-info/SOURCES.txt'
running build
running build_py
creating /home/fercikmate/ftn/osurv/espROSso/esp32try5/components/micro_ros_espidf_component/micro_ros_src/build/tracetools_launch/build
creating /home/fercikmate/ftn/osurv/espROSso/esp32try5/components/micro_ros_espidf_component/micro_ros_src/build/tracetools_launch/build/lib
creating /home/fercikmate/ftn/osurv/espROSso/esp32try5/components/micro_ros_espidf_component/micro_ros_src/build/tracetools_launch/build/lib/tracetools_launch
copying tracetools_launch/action.py -> /home/fercikmate/ftn/osurv/espROSso/esp32try5/components/micro_ros_espidf_component/micro_ros_src/build/tracetools_launch/build/lib/tracetools_launch
copying tracetools_launch/__init__.py -> /home/fercikmate/ftn/osurv/espROSso/esp32try5/components/micro_ros_espidf_component/micro_ros_src/build/tracetools_launch/build/lib/tracetools_launch
creating /home/fercikmate/ftn/osurv/espROSso/esp32try5/components/micro_ros_espidf_component/micro_ros_src/build/tracetools_launch/build/lib/tracetools_launch/actions
copying tracetools_launch/actions/ld_preload.py -> /home/fercikmate/ftn/osurv/espROSso/esp32try5/components/micro_ros_espidf_component/micro_ros_src/build/tracetools_launch/build/lib/tracetools_launch/actions
copying tracetools_launch/actions/__init__.py -> /home/fercikmate/ftn/osurv/espROSso/esp32try5/components/micro_ros_espidf_component/micro_ros_src/build/tracetools_launch/build/lib/tracetools_launch/actions
copying tracetools_launch/py.typed -> /home/fercikmate/ftn/osurv/espROSso/esp32try5/components/micro_ros_espidf_component/micro_ros_src/build/tracetools_launch/build/lib/tracetools_launch
running install
running install_lib
creating /home/fercikmate/ftn/osurv/espROSso/esp32try5/components/micro_ros_espidf_component/micro_ros_src/install/lib/python3.10/site-packages/tracetools_launch
creating /home/fercikmate/ftn/osurv/espROSso/esp32try5/components/micro_ros_espidf_component/micro_ros_src/install/lib/python3.10/site-packages/tracetools_launch/actions
copying /home/fercikmate/ftn/osurv/espROSso/esp32try5/components/micro_ros_espidf_component/micro_ros_src/build/tracetools_launch/build/lib/tracetools_launch/actions/ld_preload.py -> /home/fercikmate/ftn/osurv/espROSso/esp32try5/components/micro_ros_espidf_component/micro_ros_src/install/lib/python3.10/site-packages/tracetools_launch/actions
copying /home/fercikmate/ftn/osurv/espROSso/esp32try5/components/micro_ros_espidf_component/micro_ros_src/build/tracetools_launch/build/lib/tracetools_launch/actions/__init__.py -> /home/fercikmate/ftn/osurv/espROSso/esp32try5/components/micro_ros_espidf_component/micro_ros_src/install/lib/python3.10/site-packages/tracetools_launch/actions
copying /home/fercikmate/ftn/osurv/espROSso/esp32try5/components/micro_ros_espidf_component/micro_ros_src/build/tracetools_launch/build/lib/tracetools_launch/action.py -> /home/fercikmate/ftn/osurv/espROSso/esp32try5/components/micro_ros_espidf_component/micro_ros_src/install/lib/python3.10/site-packages/tracetools_launch
copying /home/fercikmate/ftn/osurv/espROSso/esp32try5/components/micro_ros_espidf_component/micro_ros_src/build/tracetools_launch/build/lib/tracetools_launch/py.typed -> /home/fercikmate/ftn/osurv/espROSso/esp32try5/components/micro_ros_espidf_component/micro_ros_src/install/lib/python3.10/site-packages/tracetools_launch
copying /home/fercikmate/ftn/osurv/espROSso/esp32try5/components/micro_ros_espidf_component/micro_ros_src/build/tracetools_launch/build/lib/tracetools_launch/__init__.py -> /home/fercikmate/ftn/osurv/espROSso/esp32try5/components/micro_ros_espidf_component/micro_ros_src/install/lib/python3.10/site-packages/tracetools_launch
byte-compiling /home/fercikmate/ftn/osurv/espROSso/esp32try5/components/micro_ros_espidf_component/micro_ros_src/install/lib/python3.10/site-packages/tracetools_launch/actions/ld_preload.py to ld_preload.cpython-310.pyc
byte-compiling /home/fercikmate/ftn/osurv/espROSso/esp32try5/components/micro_ros_espidf_component/micro_ros_src/install/lib/python3.10/site-packages/tracetools_launch/actions/__init__.py to __init__.cpython-310.pyc
byte-compiling /home/fercikmate/ftn/osurv/espROSso/esp32try5/components/micro_ros_espidf_component/micro_ros_src/install/lib/python3.10/site-packages/tracetools_launch/action.py to action.cpython-310.pyc
byte-compiling /home/fercikmate/ftn/osurv/espROSso/esp32try5/components/micro_ros_espidf_component/micro_ros_src/install/lib/python3.10/site-packages/tracetools_launch/__init__.py to __init__.cpython-310.pyc
running install_data
copying package.xml -> /home/fercikmate/ftn/osurv/espROSso/esp32try5/components/micro_ros_espidf_component/micro_ros_src/install/share/tracetools_launch
creating /home/fercikmate/ftn/osurv/espROSso/esp32try5/components/micro_ros_espidf_component/micro_ros_src/install/share/tracetools_launch/launch
copying launch/example.launch.xml -> /home/fercikmate/ftn/osurv/espROSso/esp32try5/components/micro_ros_espidf_component/micro_ros_src/install/share/tracetools_launch/launch
copying launch/example.launch.py -> /home/fercikmate/ftn/osurv/espROSso/esp32try5/components/micro_ros_espidf_component/micro_ros_src/install/share/tracetools_launch/launch
copying launch/example.launch.yaml -> /home/fercikmate/ftn/osurv/espROSso/esp32try5/components/micro_ros_espidf_component/micro_ros_src/install/share/tracetools_launch/launch
copying resource/tracetools_launch -> /home/fercikmate/ftn/osurv/espROSso/esp32try5/components/micro_ros_espidf_component/micro_ros_src/install/share/ament_index/resource_index/packages
running install_egg_info
Copying ../../../build/tracetools_launch/tracetools_launch.egg-info to /home/fercikmate/ftn/osurv/espROSso/esp32try5/components/micro_ros_espidf_component/micro_ros_src/install/lib/python3.10/site-packages/tracetools_launch-8.6.0-py3.10.egg-info
running install_scripts
writing list of installed files to '/home/fercikmate/ftn/osurv/espROSso/esp32try5/components/micro_ros_espidf_component/micro_ros_src/build/tracetools_launch/install.log'
