/home/fercikmate/ftn/osurv/espROSso/esp32try5/components/micro_ros_espidf_component/micro_ros_src/install/lib/python3.10/site-packages/rosidl_cmake/__init__.py:19: UserWarning: The 'rosidl_cmake' Python module is deprecated. Use 'rosidl_pycommon' instead.
  warnings.warn(
In file included from /home/fercikmate/ftn/osurv/espROSso/esp32try5/components/micro_ros_espidf_component/micro_ros_src/build/diagnostic_msgs/rosidl_typesupport_microxrcedds_c/diagnostic_msgs/msg/detail/microxrcedds/diagnostic_array__type_support_c.c:9:
/home/fercikmate/esp/esp-idf/components/esp_libc/platform_include/stdio.h:10:2: warning: '#include_next' is a GCC extension [-Wpedantic]
   10 | #include_next <stdio.h>
      |  ^~~~~~~~~~~~
In file included from /home/fercikmate/ftn/osurv/espROSso/esp32try5/components/micro_ros_espidf_component/micro_ros_src/build/diagnostic_msgs/rosidl_typesupport_microxrcedds_c/diagnostic_msgs/srv/detail/microxrcedds/add_diagnostics__type_support_c.c:9:
/home/fercikmate/esp/esp-idf/components/esp_libc/platform_include/stdio.h:10:2: warning: '#include_next' is a GCC extension [-Wpedantic]
   10 | #include_next <stdio.h>
      |  ^~~~~~~~~~~~
In file included from /home/fercikmate/ftn/osurv/espROSso/esp32try5/components/micro_ros_espidf_component/micro_ros_src/build/diagnostic_msgs/rosidl_typesupport_microxrcedds_c/diagnostic_msgs/msg/detail/microxrcedds/key_value__type_support_c.c:9:
/home/fercikmate/esp/esp-idf/components/esp_libc/platform_include/stdio.h:10:2: warning: '#include_next' is a GCC extension [-Wpedantic]
   10 | #include_next <stdio.h>
      |  ^~~~~~~~~~~~
In file included from /home/fercikmate/ftn/osurv/espROSso/esp32try5/components/micro_ros_espidf_component/micro_ros_src/build/diagnostic_msgs/rosidl_typesupport_microxrcedds_c/diagnostic_msgs/msg/detail/microxrcedds/diagnostic_status__type_support_c.c:9:
/home/fercikmate/esp/esp-idf/components/esp_libc/platform_include/stdio.h:10:2: warning: '#include_next' is a GCC extension [-Wpedantic]
   10 | #include_next <stdio.h>
      |  ^~~~~~~~~~~~
In file included from /home/fercikmate/ftn/osurv/espROSso/esp32try5/components/micro_ros_espidf_component/micro_ros_src/build/diagnostic_msgs/rosidl_typesupport_microxrcedds_c/diagnostic_msgs/srv/detail/microxrcedds/self_test__type_support_c.c:9:
/home/fercikmate/esp/esp-idf/components/esp_libc/platform_include/stdio.h:10:2: warning: '#include_next' is a GCC extension [-Wpedantic]
   10 | #include_next <stdio.h>
      |  ^~~~~~~~~~~~
