Not searching for unused variables given on the command line.
-- The C compiler identification is GNU 15.1.0
-- Detecting C compiler ABI info
-- Detecting C compiler ABI info - done
-- Check for working C compiler: /home/fercikmate/.espressif/tools/riscv32-esp-elf/esp-15.1.0_20250607/riscv32-esp-elf/bin/riscv32-esp-elf-gcc - skipped
-- Detecting C compile features
-- Detecting C compile features - done
-- Found ament_cmake: 2.7.3 (/home/fercikmate/ftn/osurv/espROSso/esp32try5/components/micro_ros_espidf_component/micro_ros_dev/install/ament_cmake/share/ament_cmake/cmake)
-- Found Python3: /home/fercikmate/.espressif/python_env/idf6.0_py3.10_env/bin/python3 (found version "3.10.12") found components: Interpreter 
-- Found ament_cmake_ros_core: 0.14.3 (/home/fercikmate/ftn/osurv/espROSso/esp32try5/components/micro_ros_espidf_component/micro_ros_dev/install/ament_cmake_ros_core/share/ament_cmake_ros_core/cmake)
-- Found rcutils: 6.9.8 (/home/fercikmate/ftn/osurv/espROSso/esp32try5/components/micro_ros_espidf_component/micro_ros_src/install/share/rcutils/cmake)
-- Found rosidl_typesupport_interface: 4.9.5 (/home/fercikmate/ftn/osurv/espROSso/esp32try5/components/micro_ros_espidf_component/micro_ros_src/install/share/rosidl_typesupport_interface/cmake)
-- Configuring done
-- Generating done
-- Build files have been written to: /home/fercikmate/ftn/osurv/espROSso/esp32try5/components/micro_ros_espidf_component/micro_ros_src/build/rosidl_runtime_c
gmake[1]: Entering directory '/home/fercikmate/ftn/osurv/espROSso/esp32try5/components/micro_ros_espidf_component/micro_ros_src/build/rosidl_runtime_c'
-- Found ament_cmake: 2.7.3 (/home/fercikmate/ftn/osurv/espROSso/esp32try5/components/micro_ros_espidf_component/micro_ros_dev/install/ament_cmake/share/ament_cmake/cmake)
-- Found ament_cmake_ros_core: 0.14.3 (/home/fercikmate/ftn/osurv/espROSso/esp32try5/components/micro_ros_espidf_component/micro_ros_dev/install/ament_cmake_ros_core/share/ament_cmake_ros_core/cmake)
-- Found rcutils: 6.9.8 (/home/fercikmate/ftn/osurv/espROSso/esp32try5/components/micro_ros_espidf_component/micro_ros_src/install/share/rcutils/cmake)
-- Found rosidl_typesupport_interface: 4.9.5 (/home/fercikmate/ftn/osurv/espROSso/esp32try5/components/micro_ros_espidf_component/micro_ros_src/install/share/rosidl_typesupport_interface/cmake)
-- Configuring done
-- Generating done
-- Build files have been written to: /home/fercikmate/ftn/osurv/espROSso/esp32try5/components/micro_ros_espidf_component/micro_ros_src/build/rosidl_runtime_c
gmake[2]: Entering directory '/home/fercikmate/ftn/osurv/espROSso/esp32try5/components/micro_ros_espidf_component/micro_ros_src/build/rosidl_runtime_c'
gmake[3]: Entering directory '/home/fercikmate/ftn/osurv/espROSso/esp32try5/components/micro_ros_espidf_component/micro_ros_src/build/rosidl_runtime_c'
gmake[3]: Leaving directory '/home/fercikmate/ftn/osurv/espROSso/esp32try5/components/micro_ros_espidf_component/micro_ros_src/build/rosidl_runtime_c'
gmake[3]: Entering directory '/home/fercikmate/ftn/osurv/espROSso/esp32try5/components/micro_ros_espidf_component/micro_ros_src/build/rosidl_runtime_c'
[  4%] [32mBuilding C object CMakeFiles/rosidl_runtime_c.dir/src/message_type_support.c.obj[0m
[  9%] [32mBuilding C object CMakeFiles/rosidl_runtime_c.dir/src/service_type_support.c.obj[0m
[ 14%] [32mBuilding C object CMakeFiles/rosidl_runtime_c.dir/src/string_functions.c.obj[0m
[ 19%] [32mBuilding C object CMakeFiles/rosidl_runtime_c.dir/src/primitives_sequence_functions.c.obj[0m
[ 23%] [32mBuilding C object CMakeFiles/rosidl_runtime_c.dir/src/type_hash.c.obj[0m
[ 28%] [32mBuilding C object CMakeFiles/rosidl_runtime_c.dir/src/type_description/field_type__description.c.obj[0m
[ 33%] [32mBuilding C object CMakeFiles/rosidl_runtime_c.dir/src/sequence_bound.c.obj[0m
[ 38%] [32mBuilding C object CMakeFiles/rosidl_runtime_c.dir/src/u16string_functions.c.obj[0m
[ 42%] [32mBuilding C object CMakeFiles/rosidl_runtime_c.dir/src/type_description_utils.c.obj[0m
[ 47%] [32mBuilding C object CMakeFiles/rosidl_runtime_c.dir/src/type_description/field__functions.c.obj[0m
[ 52%] [32mBuilding C object CMakeFiles/rosidl_runtime_c.dir/src/type_description/field__description.c.obj[0m
[ 57%] [32mBuilding C object CMakeFiles/rosidl_runtime_c.dir/src/type_description/field_type__functions.c.obj[0m
[ 61%] [32mBuilding C object CMakeFiles/rosidl_runtime_c.dir/src/type_description/individual_type_description__description.c.obj[0m
[ 66%] [32mBuilding C object CMakeFiles/rosidl_runtime_c.dir/src/type_description/individual_type_description__functions.c.obj[0m
[ 71%] [32mBuilding C object CMakeFiles/rosidl_runtime_c.dir/src/type_description/type_description__description.c.obj[0m
[ 85%] [32mBuilding C object CMakeFiles/rosidl_runtime_c.dir/src/type_description/key_value__functions.c.obj[0m
[ 85%] [32mBuilding C object CMakeFiles/rosidl_runtime_c.dir/src/type_description/type_description__functions.c.obj[0m
[ 85%] [32mBuilding C object CMakeFiles/rosidl_runtime_c.dir/src/type_description/type_source__functions.c.obj[0m
[ 90%] [32mBuilding C object CMakeFiles/rosidl_runtime_c.dir/src/type_description/key_value__description.c.obj[0m
[ 95%] [32mBuilding C object CMakeFiles/rosidl_runtime_c.dir/src/type_description/type_source__description.c.obj[0m
/home/fercikmate/ftn/osurv/espROSso/esp32try5/components/micro_ros_espidf_component/micro_ros_src/src/rosidl/rosidl_runtime_c/src/type_description_utils.c: In function 'rosidl_runtime_c_type_description_utils_get_field_map':
/home/fercikmate/ftn/osurv/espROSso/esp32try5/components/micro_ros_espidf_component/micro_ros_src/src/rosidl/rosidl_runtime_c/src/type_description_utils.c:141:28: warning: unused variable 'error_string' [-Wunused-variable]
  141 |     rcutils_error_string_t error_string = rcutils_get_error_string();
      |                            ^~~~~~~~~~~~
/home/fercikmate/ftn/osurv/espROSso/esp32try5/components/micro_ros_espidf_component/micro_ros_src/src/rosidl/rosidl_runtime_c/src/type_description_utils.c:152:30: warning: unused variable 'error_string' [-Wunused-variable]
  152 |       rcutils_error_string_t error_string = rcutils_get_error_string();
      |                              ^~~~~~~~~~~~
/home/fercikmate/ftn/osurv/espROSso/esp32try5/components/micro_ros_espidf_component/micro_ros_src/src/rosidl/rosidl_runtime_c/src/type_description_utils.c: In function 'rosidl_runtime_c_type_description_utils_prune_referenced_type_descriptions_in_place':
/home/fercikmate/ftn/osurv/espROSso/esp32try5/components/micro_ros_espidf_component/micro_ros_src/src/rosidl/rosidl_runtime_c/src/type_description_utils.c:524:28: warning: unused variable 'error_string' [-Wunused-variable]
  524 |     rcutils_error_string_t error_string = rcutils_get_error_string();
      |                            ^~~~~~~~~~~~
/home/fercikmate/ftn/osurv/espROSso/esp32try5/components/micro_ros_espidf_component/micro_ros_src/src/rosidl/rosidl_runtime_c/src/type_description_utils.c:534:28: warning: unused variable 'error_string' [-Wunused-variable]
  534 |     rcutils_error_string_t error_string = rcutils_get_error_string();
      |                            ^~~~~~~~~~~~
/home/fercikmate/ftn/osurv/espROSso/esp32try5/components/micro_ros_espidf_component/micro_ros_src/src/rosidl/rosidl_runtime_c/src/type_description_utils.c:544:28: warning: unused variable 'error_string' [-Wunused-variable]
  544 |     rcutils_error_string_t error_string = rcutils_get_error_string();
      |                            ^~~~~~~~~~~~
/home/fercikmate/ftn/osurv/espROSso/esp32try5/components/micro_ros_espidf_component/micro_ros_src/src/rosidl/rosidl_runtime_c/src/type_description_utils.c: In function 'rosidl_runtime_c_type_description_utils_individual_type_description_is_valid':
/home/fercikmate/ftn/osurv/espROSso/esp32try5/components/micro_ros_espidf_component/micro_ros_src/src/rosidl/rosidl_runtime_c/src/type_description_utils.c:668:30: warning: unused variable 'error_string' [-Wunused-variable]
  668 |       rcutils_error_string_t error_string = rcutils_get_error_string();
      |                              ^~~~~~~~~~~~
/home/fercikmate/ftn/osurv/espROSso/esp32try5/components/micro_ros_espidf_component/micro_ros_src/src/rosidl/rosidl_runtime_c/src/type_description_utils.c:684:28: warning: unused variable 'error_string' [-Wunused-variable]
  684 |     rcutils_error_string_t error_string = rcutils_get_error_string();
      |                            ^~~~~~~~~~~~
/home/fercikmate/ftn/osurv/espROSso/esp32try5/components/micro_ros_espidf_component/micro_ros_src/src/rosidl/rosidl_runtime_c/src/type_description_utils.c:694:28: warning: unused variable 'error_string' [-Wunused-variable]
  694 |     rcutils_error_string_t error_string = rcutils_get_error_string();
      |                            ^~~~~~~~~~~~
/home/fercikmate/ftn/osurv/espROSso/esp32try5/components/micro_ros_espidf_component/micro_ros_src/src/rosidl/rosidl_runtime_c/src/type_description_utils.c: In function 'rosidl_runtime_c_type_description_utils_type_description_is_valid':
/home/fercikmate/ftn/osurv/espROSso/esp32try5/components/micro_ros_espidf_component/micro_ros_src/src/rosidl/rosidl_runtime_c/src/type_description_utils.c:738:28: warning: unused variable 'error_string' [-Wunused-variable]
  738 |     rcutils_error_string_t error_string = rcutils_get_error_string();
      |                            ^~~~~~~~~~~~
/home/fercikmate/ftn/osurv/espROSso/esp32try5/components/micro_ros_espidf_component/micro_ros_src/src/rosidl/rosidl_runtime_c/src/type_description_utils.c:758:28: warning: unused variable 'error_string' [-Wunused-variable]
  758 |     rcutils_error_string_t error_string = rcutils_get_error_string();
      |                            ^~~~~~~~~~~~
/home/fercikmate/ftn/osurv/espROSso/esp32try5/components/micro_ros_espidf_component/micro_ros_src/src/rosidl/rosidl_runtime_c/src/type_description_utils.c:770:28: warning: unused variable 'error_string' [-Wunused-variable]
  770 |     rcutils_error_string_t error_string = rcutils_get_error_string();
      |                            ^~~~~~~~~~~~
/home/fercikmate/ftn/osurv/espROSso/esp32try5/components/micro_ros_espidf_component/micro_ros_src/src/rosidl/rosidl_runtime_c/src/type_description_utils.c:790:28: warning: unused variable 'error_string' [-Wunused-variable]
  790 |     rcutils_error_string_t error_string = rcutils_get_error_string();
      |                            ^~~~~~~~~~~~
/home/fercikmate/ftn/osurv/espROSso/esp32try5/components/micro_ros_espidf_component/micro_ros_src/src/rosidl/rosidl_runtime_c/src/type_description_utils.c:800:28: warning: unused variable 'error_string' [-Wunused-variable]
  800 |     rcutils_error_string_t error_string = rcutils_get_error_string();
      |                            ^~~~~~~~~~~~
/home/fercikmate/ftn/osurv/espROSso/esp32try5/components/micro_ros_espidf_component/micro_ros_src/src/rosidl/rosidl_runtime_c/src/type_description_utils.c:821:30: warning: unused variable 'error_string' [-Wunused-variable]
  821 |       rcutils_error_string_t error_string = rcutils_get_error_string();
      |                              ^~~~~~~~~~~~
/home/fercikmate/ftn/osurv/espROSso/esp32try5/components/micro_ros_espidf_component/micro_ros_src/src/rosidl/rosidl_runtime_c/src/type_description_utils.c:835:28: warning: unused variable 'error_string' [-Wunused-variable]
  835 |     rcutils_error_string_t error_string = rcutils_get_error_string();
      |                            ^~~~~~~~~~~~
/home/fercikmate/ftn/osurv/espROSso/esp32try5/components/micro_ros_espidf_component/micro_ros_src/src/rosidl/rosidl_runtime_c/src/type_description_utils.c:845:28: warning: unused variable 'error_string' [-Wunused-variable]
  845 |     rcutils_error_string_t error_string = rcutils_get_error_string();
      |                            ^~~~~~~~~~~~
/home/fercikmate/ftn/osurv/espROSso/esp32try5/components/micro_ros_espidf_component/micro_ros_src/src/rosidl/rosidl_runtime_c/src/type_description_utils.c:855:28: warning: unused variable 'error_string' [-Wunused-variable]
  855 |     rcutils_error_string_t error_string = rcutils_get_error_string();
      |                            ^~~~~~~~~~~~
/home/fercikmate/ftn/osurv/espROSso/esp32try5/components/micro_ros_espidf_component/micro_ros_src/src/rosidl/rosidl_runtime_c/src/type_description_utils.c:865:28: warning: unused variable 'error_string' [-Wunused-variable]
  865 |     rcutils_error_string_t error_string = rcutils_get_error_string();
      |                            ^~~~~~~~~~~~
/home/fercikmate/ftn/osurv/espROSso/esp32try5/components/micro_ros_espidf_component/micro_ros_src/src/rosidl/rosidl_runtime_c/src/type_description_utils.c: In function 'rosidl_runtime_c_type_description_utils_coerce_to_valid_type_description_in_place':
/home/fercikmate/ftn/osurv/espROSso/esp32try5/components/micro_ros_espidf_component/micro_ros_src/src/rosidl/rosidl_runtime_c/src/type_description_utils.c:904:28: warning: unused variable 'error_string' [-Wunused-variable]
  904 |     rcutils_error_string_t error_string = rcutils_get_error_string();
      |                            ^~~~~~~~~~~~
/home/fercikmate/ftn/osurv/espROSso/esp32try5/components/micro_ros_espidf_component/micro_ros_src/src/rosidl/rosidl_runtime_c/src/type_description_utils.c:915:28: warning: unused variable 'error_string' [-Wunused-variable]
  915 |     rcutils_error_string_t error_string = rcutils_get_error_string();
      |                            ^~~~~~~~~~~~
/home/fercikmate/ftn/osurv/espROSso/esp32try5/components/micro_ros_espidf_component/micro_ros_src/src/rosidl/rosidl_runtime_c/src/type_description_utils.c:926:28: warning: unused variable 'error_string' [-Wunused-variable]
  926 |     rcutils_error_string_t error_string = rcutils_get_error_string();
      |                            ^~~~~~~~~~~~
/home/fercikmate/ftn/osurv/espROSso/esp32try5/components/micro_ros_espidf_component/micro_ros_src/src/rosidl/rosidl_runtime_c/src/type_description_utils.c: In function 'rosidl_runtime_c_type_description_utils_append_referenced_individual_type_description':
/home/fercikmate/ftn/osurv/espROSso/esp32try5/components/micro_ros_espidf_component/micro_ros_src/src/rosidl/rosidl_runtime_c/src/type_description_utils.c:1191:28: warning: unused variable 'error_string' [-Wunused-variable]
 1191 |     rcutils_error_string_t error_string = rcutils_get_error_string();
      |                            ^~~~~~~~~~~~
/home/fercikmate/ftn/osurv/espROSso/esp32try5/components/micro_ros_espidf_component/micro_ros_src/src/rosidl/rosidl_runtime_c/src/type_description_utils.c: In function 'rosidl_runtime_c_type_description_utils_append_referenced_type_description':
/home/fercikmate/ftn/osurv/espROSso/esp32try5/components/micro_ros_espidf_component/micro_ros_src/src/rosidl/rosidl_runtime_c/src/type_description_utils.c:1277:30: warning: unused variable 'error_string' [-Wunused-variable]
 1277 |       rcutils_error_string_t error_string = rcutils_get_error_string();
      |                              ^~~~~~~~~~~~
/home/fercikmate/ftn/osurv/espROSso/esp32try5/components/micro_ros_espidf_component/micro_ros_src/src/rosidl/rosidl_runtime_c/src/type_description_utils.c: In function 'rosidl_runtime_c_type_description_utils_repl_all_type_description_type_names_in_place':
/home/fercikmate/ftn/osurv/espROSso/esp32try5/components/micro_ros_espidf_component/micro_ros_src/src/rosidl/rosidl_runtime_c/src/type_description_utils.c:1438:28: warning: unused variable 'error_string' [-Wunused-variable]
 1438 |     rcutils_error_string_t error_string = rcutils_get_error_string();
      |                            ^~~~~~~~~~~~
/home/fercikmate/ftn/osurv/espROSso/esp32try5/components/micro_ros_espidf_component/micro_ros_src/src/rosidl/rosidl_runtime_c/src/type_description_utils.c:1456:32: warning: unused variable 'error_string' [-Wunused-variable]
 1456 |         rcutils_error_string_t error_string = rcutils_get_error_string();
      |                                ^~~~~~~~~~~~
[100%] [32m[1mLinking C static library librosidl_runtime_c.a[0m
gmake[3]: Leaving directory '/home/fercikmate/ftn/osurv/espROSso/esp32try5/components/micro_ros_espidf_component/micro_ros_src/build/rosidl_runtime_c'
[100%] Built target rosidl_runtime_c
gmake[2]: Leaving directory '/home/fercikmate/ftn/osurv/espROSso/esp32try5/components/micro_ros_espidf_component/micro_ros_src/build/rosidl_runtime_c'
gmake[1]: Leaving directory '/home/fercikmate/ftn/osurv/espROSso/esp32try5/components/micro_ros_espidf_component/micro_ros_src/build/rosidl_runtime_c'
-- Install configuration: "Release"
-- Installing: /home/fercikmate/ftn/osurv/espROSso/esp32try5/components/micro_ros_espidf_component/micro_ros_src/install/share/rosidl_runtime_c/environment/library_path.sh
-- Installing: /home/fercikmate/ftn/osurv/espROSso/esp32try5/components/micro_ros_espidf_component/micro_ros_src/install/share/rosidl_runtime_c/environment/library_path.dsv
-- Installing: /home/fercikmate/ftn/osurv/espROSso/esp32try5/components/micro_ros_espidf_component/micro_ros_src/install/share/ament_index/resource_index/rosidl_runtime_packages/rosidl_runtime_c
-- Installing: /home/fercikmate/ftn/osurv/espROSso/esp32try5/components/micro_ros_espidf_component/micro_ros_src/install/include/rosidl_runtime_c
-- Installing: /home/fercikmate/ftn/osurv/espROSso/esp32try5/components/micro_ros_espidf_component/micro_ros_src/install/include/rosidl_runtime_c/rosidl_runtime_c
-- Installing: /home/fercikmate/ftn/osurv/espROSso/esp32try5/components/micro_ros_espidf_component/micro_ros_src/install/include/rosidl_runtime_c/rosidl_runtime_c/service_type_support_struct.h
-- Installing: /home/fercikmate/ftn/osurv/espROSso/esp32try5/components/micro_ros_espidf_component/micro_ros_src/install/include/rosidl_runtime_c/rosidl_runtime_c/string_bound.h
-- Installing: /home/fercikmate/ftn/osurv/espROSso/esp32try5/components/micro_ros_espidf_component/micro_ros_src/install/include/rosidl_runtime_c/rosidl_runtime_c/action_type_support_struct.h
-- Installing: /home/fercikmate/ftn/osurv/espROSso/esp32try5/components/micro_ros_espidf_component/micro_ros_src/install/include/rosidl_runtime_c/rosidl_runtime_c/primitives_sequence_functions.h
-- Installing: /home/fercikmate/ftn/osurv/espROSso/esp32try5/components/micro_ros_espidf_component/micro_ros_src/install/include/rosidl_runtime_c/rosidl_runtime_c/primitives_sequence.h
-- Installing: /home/fercikmate/ftn/osurv/espROSso/esp32try5/components/micro_ros_espidf_component/micro_ros_src/install/include/rosidl_runtime_c/rosidl_runtime_c/type_description_utils.h
-- Installing: /home/fercikmate/ftn/osurv/espROSso/esp32try5/components/micro_ros_espidf_component/micro_ros_src/install/include/rosidl_runtime_c/rosidl_runtime_c/type_description
-- Installing: /home/fercikmate/ftn/osurv/espROSso/esp32try5/components/micro_ros_espidf_component/micro_ros_src/install/include/rosidl_runtime_c/rosidl_runtime_c/type_description/type_source__struct.h
-- Installing: /home/fercikmate/ftn/osurv/espROSso/esp32try5/components/micro_ros_espidf_component/micro_ros_src/install/include/rosidl_runtime_c/rosidl_runtime_c/type_description/type_description__functions.h
-- Installing: /home/fercikmate/ftn/osurv/espROSso/esp32try5/components/micro_ros_espidf_component/micro_ros_src/install/include/rosidl_runtime_c/rosidl_runtime_c/type_description/field_type__functions.h
-- Installing: /home/fercikmate/ftn/osurv/espROSso/esp32try5/components/micro_ros_espidf_component/micro_ros_src/install/include/rosidl_runtime_c/rosidl_runtime_c/type_description/field_type__struct.h
-- Installing: /home/fercikmate/ftn/osurv/espROSso/esp32try5/components/micro_ros_espidf_component/micro_ros_src/install/include/rosidl_runtime_c/rosidl_runtime_c/type_description/field__functions.h
-- Installing: /home/fercikmate/ftn/osurv/espROSso/esp32try5/components/micro_ros_espidf_component/micro_ros_src/install/include/rosidl_runtime_c/rosidl_runtime_c/type_description/type_description__struct.h
-- Installing: /home/fercikmate/ftn/osurv/espROSso/esp32try5/components/micro_ros_espidf_component/micro_ros_src/install/include/rosidl_runtime_c/rosidl_runtime_c/type_description/type_source__functions.h
-- Installing: /home/fercikmate/ftn/osurv/espROSso/esp32try5/components/micro_ros_espidf_component/micro_ros_src/install/include/rosidl_runtime_c/rosidl_runtime_c/type_description/individual_type_description__struct.h
-- Installing: /home/fercikmate/ftn/osurv/espROSso/esp32try5/components/micro_ros_espidf_component/micro_ros_src/install/include/rosidl_runtime_c/rosidl_runtime_c/type_description/key_value__struct.h
-- Installing: /home/fercikmate/ftn/osurv/espROSso/esp32try5/components/micro_ros_espidf_component/micro_ros_src/install/include/rosidl_runtime_c/rosidl_runtime_c/type_description/field__struct.h
-- Installing: /home/fercikmate/ftn/osurv/espROSso/esp32try5/components/micro_ros_espidf_component/micro_ros_src/install/include/rosidl_runtime_c/rosidl_runtime_c/type_description/individual_type_description__functions.h
-- Installing: /home/fercikmate/ftn/osurv/espROSso/esp32try5/components/micro_ros_espidf_component/micro_ros_src/install/include/rosidl_runtime_c/rosidl_runtime_c/type_description/key_value__functions.h
-- Installing: /home/fercikmate/ftn/osurv/espROSso/esp32try5/components/micro_ros_espidf_component/micro_ros_src/install/include/rosidl_runtime_c/rosidl_runtime_c/sequence_bound.h
-- Installing: /home/fercikmate/ftn/osurv/espROSso/esp32try5/components/micro_ros_espidf_component/micro_ros_src/install/include/rosidl_runtime_c/rosidl_runtime_c/u16string.h
-- Installing: /home/fercikmate/ftn/osurv/espROSso/esp32try5/components/micro_ros_espidf_component/micro_ros_src/install/include/rosidl_runtime_c/rosidl_runtime_c/u16string_functions.h
-- Installing: /home/fercikmate/ftn/osurv/espROSso/esp32try5/components/micro_ros_espidf_component/micro_ros_src/install/include/rosidl_runtime_c/rosidl_runtime_c/string.h
-- Installing: /home/fercikmate/ftn/osurv/espROSso/esp32try5/components/micro_ros_espidf_component/micro_ros_src/install/include/rosidl_runtime_c/rosidl_runtime_c/string_functions.h
-- Installing: /home/fercikmate/ftn/osurv/espROSso/esp32try5/components/micro_ros_espidf_component/micro_ros_src/install/include/rosidl_runtime_c/rosidl_runtime_c/message_initialization.h
-- Installing: /home/fercikmate/ftn/osurv/espROSso/esp32try5/components/micro_ros_espidf_component/micro_ros_src/install/include/rosidl_runtime_c/rosidl_runtime_c/visibility_control.h
-- Installing: /home/fercikmate/ftn/osurv/espROSso/esp32try5/components/micro_ros_espidf_component/micro_ros_src/install/include/rosidl_runtime_c/rosidl_runtime_c/type_hash.h
-- Installing: /home/fercikmate/ftn/osurv/espROSso/esp32try5/components/micro_ros_espidf_component/micro_ros_src/install/include/rosidl_runtime_c/rosidl_runtime_c/message_type_support_struct.h
-- Installing: /home/fercikmate/ftn/osurv/espROSso/esp32try5/components/micro_ros_espidf_component/micro_ros_src/install/lib/librosidl_runtime_c.a
-- Installing: /home/fercikmate/ftn/osurv/espROSso/esp32try5/components/micro_ros_espidf_component/micro_ros_src/install/share/ament_index/resource_index/package_run_dependencies/rosidl_runtime_c
-- Installing: /home/fercikmate/ftn/osurv/espROSso/esp32try5/components/micro_ros_espidf_component/micro_ros_src/install/share/ament_index/resource_index/parent_prefix_path/rosidl_runtime_c
-- Installing: /home/fercikmate/ftn/osurv/espROSso/esp32try5/components/micro_ros_espidf_component/micro_ros_src/install/share/rosidl_runtime_c/environment/ament_prefix_path.sh
-- Installing: /home/fercikmate/ftn/osurv/espROSso/esp32try5/components/micro_ros_espidf_component/micro_ros_src/install/share/rosidl_runtime_c/environment/ament_prefix_path.dsv
-- Installing: /home/fercikmate/ftn/osurv/espROSso/esp32try5/components/micro_ros_espidf_component/micro_ros_src/install/share/rosidl_runtime_c/environment/path.sh
-- Installing: /home/fercikmate/ftn/osurv/espROSso/esp32try5/components/micro_ros_espidf_component/micro_ros_src/install/share/rosidl_runtime_c/environment/path.dsv
-- Installing: /home/fercikmate/ftn/osurv/espROSso/esp32try5/components/micro_ros_espidf_component/micro_ros_src/install/share/rosidl_runtime_c/local_setup.bash
-- Installing: /home/fercikmate/ftn/osurv/espROSso/esp32try5/components/micro_ros_espidf_component/micro_ros_src/install/share/rosidl_runtime_c/local_setup.sh
-- Installing: /home/fercikmate/ftn/osurv/espROSso/esp32try5/components/micro_ros_espidf_component/micro_ros_src/install/share/rosidl_runtime_c/local_setup.zsh
-- Installing: /home/fercikmate/ftn/osurv/espROSso/esp32try5/components/micro_ros_espidf_component/micro_ros_src/install/share/rosidl_runtime_c/local_setup.dsv
-- Installing: /home/fercikmate/ftn/osurv/espROSso/esp32try5/components/micro_ros_espidf_component/micro_ros_src/install/share/rosidl_runtime_c/package.dsv
-- Installing: /home/fercikmate/ftn/osurv/espROSso/esp32try5/components/micro_ros_espidf_component/micro_ros_src/install/share/ament_index/resource_index/packages/rosidl_runtime_c
-- Installing: /home/fercikmate/ftn/osurv/espROSso/esp32try5/components/micro_ros_espidf_component/micro_ros_src/install/share/rosidl_runtime_c/cmake/rosidl_runtime_cExport.cmake
-- Installing: /home/fercikmate/ftn/osurv/espROSso/esp32try5/components/micro_ros_espidf_component/micro_ros_src/install/share/rosidl_runtime_c/cmake/rosidl_runtime_cExport-release.cmake
-- Installing: /home/fercikmate/ftn/osurv/espROSso/esp32try5/components/micro_ros_espidf_component/micro_ros_src/install/share/rosidl_runtime_c/cmake/ament_cmake_export_dependencies-extras.cmake
-- Installing: /home/fercikmate/ftn/osurv/espROSso/esp32try5/components/micro_ros_espidf_component/micro_ros_src/install/share/rosidl_runtime_c/cmake/ament_cmake_export_include_directories-extras.cmake
-- Installing: /home/fercikmate/ftn/osurv/espROSso/esp32try5/components/micro_ros_espidf_component/micro_ros_src/install/share/rosidl_runtime_c/cmake/ament_cmake_export_libraries-extras.cmake
-- Installing: /home/fercikmate/ftn/osurv/espROSso/esp32try5/components/micro_ros_espidf_component/micro_ros_src/install/share/rosidl_runtime_c/cmake/ament_cmake_export_targets-extras.cmake
-- Installing: /home/fercikmate/ftn/osurv/espROSso/esp32try5/components/micro_ros_espidf_component/micro_ros_src/install/share/rosidl_runtime_c/cmake/rosidl_runtime_cConfig.cmake
-- Installing: /home/fercikmate/ftn/osurv/espROSso/esp32try5/components/micro_ros_espidf_component/micro_ros_src/install/share/rosidl_runtime_c/cmake/rosidl_runtime_cConfig-version.cmake
-- Installing: /home/fercikmate/ftn/osurv/espROSso/esp32try5/components/micro_ros_espidf_component/micro_ros_src/install/share/rosidl_runtime_c/package.xml
